This file contains any messages produced by compilers while
running configure, to aid debugging if configure makes a mistake.

It was created by xkbcomp configure 1.4.7, which was
generated by GNU Autoconf 2.72.  Invocation command line was

  $ ./configure --prefix=/home/kyle/Development/Fiwix/.build/x11-prefix 'LIBS=-lX11 -lxcb -lXau -lXdmcp'

## --------- ##
## Platform. ##
## --------- ##

hostname = T7810
uname -m = x86_64
uname -r = 6.12.90+deb13.1-amd64
uname -s = Linux
uname -v = #1 SMP PREEMPT_DYNAMIC Debian 6.12.90-2 (2026-05-27)

/usr/bin/uname -p = unknown
/bin/uname -X     = unknown

/bin/arch              = x86_64
/usr/bin/arch -k       = unknown
/usr/convex/getsysinfo = unknown
/usr/bin/hostinfo      = unknown
/bin/machine           = unknown
/usr/bin/oslevel       = unknown
/bin/universe          = unknown

PATH: /home/kyle/.local/bin/
PATH: /home/kyle/.kimi-code/bin/
PATH: /home/kyle/.local/share/pi-node/node-v22.23.2-linux-x64/bin/
PATH: /usr/local/bin/
PATH: /usr/bin/
PATH: /bin/
PATH: /usr/local/games/
PATH: /usr/games/
PATH: /home/kyle/.lmstudio/bin/


## ----------- ##
## Core tests. ##
## ----------- ##

configure:2439: looking for aux files: config.guess config.sub missing install-sh compile
configure:2452:  trying ./
configure:2481:   ./config.guess found
configure:2481:   ./config.sub found
configure:2481:   ./missing found
configure:2463:   ./install-sh found
configure:2481:   ./compile found
configure:2668: checking for gcc
configure:2701: result: /home/kyle/Development/Fiwix/tools/musl-gcc64.sh
configure:3060: checking for C compiler version
configure:3069: /home/kyle/Development/Fiwix/tools/musl-gcc64.sh --version >&5
gcc (Debian 14.2.0-19) 14.2.0
Copyright (C) 2024 Free Software Foundation, Inc.
This is free software; see the source for copying conditions.  There is NO
warranty; not even for MERCHANTABILITY or FITNESS FOR A PARTICULAR PURPOSE.

configure:3080: $? = 0
configure:3069: /home/kyle/Development/Fiwix/tools/musl-gcc64.sh -v >&5
Using built-in specs.
Reading specs from /home/kyle/Development/Fiwix/.build/musl64/lib/musl-gcc.specs
rename spec cpp_options to old_cpp_options
COLLECT_GCC=gcc
COLLECT_LTO_WRAPPER=/usr/libexec/gcc/x86_64-linux-gnu/14/lto-wrapper
OFFLOAD_TARGET_NAMES=nvptx-none:amdgcn-amdhsa
OFFLOAD_TARGET_DEFAULT=1
Target: x86_64-linux-gnu
Configured with: ../src/configure -v --with-pkgversion='Debian 14.2.0-19' --with-bugurl=file:///usr/share/doc/gcc-14/README.Bugs --enable-languages=c,ada,c++,go,d,fortran,objc,obj-c++,m2,rust --prefix=/usr --with-gcc-major-version-only --program-suffix=-14 --program-prefix=x86_64-linux-gnu- --enable-shared --enable-linker-build-id --libexecdir=/usr/libexec --without-included-gettext --enable-threads=posix --libdir=/usr/lib --enable-nls --enable-bootstrap --enable-clocale=gnu --enable-libstdcxx-debug --enable-libstdcxx-time=yes --with-default-libstdcxx-abi=new --enable-libstdcxx-backtrace --enable-gnu-unique-object --disable-vtable-verify --enable-plugin --enable-default-pie --with-system-zlib --enable-libphobos-checking=release --with-target-system-zlib=auto --enable-objc-gc=auto --enable-multiarch --disable-werror --enable-cet --with-arch-32=i686 --with-abi=m64 --with-multilib-list=m32,m64,mx32 --enable-multilib --with-tune=generic --enable-offload-targets=nvptx-none=/build/reproducible-path/gcc-14-14.2.0/debian/tmp-nvptx/usr,amdgcn-amdhsa=/build/reproducible-path/gcc-14-14.2.0/debian/tmp-gcn/usr --enable-offload-defaulted --without-cuda-driver --enable-checking=release --build=x86_64-linux-gnu --host=x86_64-linux-gnu --target=x86_64-linux-gnu --with-build-config=bootstrap-lto-lean --enable-link-serialization=3
Thread model: posix
... rest of stderr output deleted ...
configure:3080: $? = 0
configure:3069: /home/kyle/Development/Fiwix/tools/musl-gcc64.sh -V >&5
gcc: error: unrecognized command-line option '-V'
gcc: fatal error: no input files
compilation terminated.
configure:3080: $? = 1
configure:3069: /home/kyle/Development/Fiwix/tools/musl-gcc64.sh -qversion >&5
gcc: error: unrecognized command-line option '-qversion'; did you mean '--version'?
gcc: fatal error: no input files
compilation terminated.
configure:3080: $? = 1
configure:3069: /home/kyle/Development/Fiwix/tools/musl-gcc64.sh -version >&5
gcc: error: unrecognized command-line option '-version'
gcc: fatal error: no input files
compilation terminated.
configure:3080: $? = 1
configure:3100: checking whether the C compiler works
configure:3122: /home/kyle/Development/Fiwix/tools/musl-gcc64.sh -O2 -I/home/kyle/Development/Fiwix/.build/x11-prefix/include -L/home/kyle/Development/Fiwix/.build/x11-prefix/lib conftest.c -lX11 -lxcb -lXau -lXdmcp >&5
configure:3126: $? = 0
configure:3177: result: yes
configure:3181: checking for C compiler default output file name
configure:3183: result: a.out
configure:3189: checking for suffix of executables
configure:3196: /home/kyle/Development/Fiwix/tools/musl-gcc64.sh -o conftest -O2 -I/home/kyle/Development/Fiwix/.build/x11-prefix/include -L/home/kyle/Development/Fiwix/.build/x11-prefix/lib conftest.c -lX11 -lxcb -lXau -lXdmcp >&5
configure:3200: $? = 0
configure:3224: result: 
configure:3248: checking whether we are cross compiling
configure:3256: /home/kyle/Development/Fiwix/tools/musl-gcc64.sh -o conftest -O2 -I/home/kyle/Development/Fiwix/.build/x11-prefix/include -L/home/kyle/Development/Fiwix/.build/x11-prefix/lib conftest.c -lX11 -lxcb -lXau -lXdmcp >&5
configure:3260: $? = 0
configure:3267: ./conftest
configure:3271: $? = 0
configure:3286: result: no
configure:3292: checking for suffix of object files
configure:3315: /home/kyle/Development/Fiwix/tools/musl-gcc64.sh -c -O2 -I/home/kyle/Development/Fiwix/.build/x11-prefix/include conftest.c >&5
configure:3319: $? = 0
configure:3343: result: o
configure:3347: checking whether the compiler supports GNU C
configure:3367: /home/kyle/Development/Fiwix/tools/musl-gcc64.sh -c -O2 -I/home/kyle/Development/Fiwix/.build/x11-prefix/include conftest.c >&5
configure:3367: $? = 0
configure:3379: result: yes
configure:3390: checking whether /home/kyle/Development/Fiwix/tools/musl-gcc64.sh accepts -g
configure:3411: /home/kyle/Development/Fiwix/tools/musl-gcc64.sh -c -g -I/home/kyle/Development/Fiwix/.build/x11-prefix/include conftest.c >&5
configure:3411: $? = 0
configure:3458: result: yes
configure:3478: checking for /home/kyle/Development/Fiwix/tools/musl-gcc64.sh option to enable C11 features
configure:3493: /home/kyle/Development/Fiwix/tools/musl-gcc64.sh  -c -O2 -I/home/kyle/Development/Fiwix/.build/x11-prefix/include conftest.c >&5
configure:3493: $? = 0
configure:3512: result: none needed
configure:3636: checking whether /home/kyle/Development/Fiwix/tools/musl-gcc64.sh understands -c and -o together
configure:3659: /home/kyle/Development/Fiwix/tools/musl-gcc64.sh -c conftest.c -o conftest2.o
configure:3662: $? = 0
configure:3659: /home/kyle/Development/Fiwix/tools/musl-gcc64.sh -c conftest.c -o conftest2.o
configure:3662: $? = 0
configure:3675: result: yes
configure:3697: checking for stdio.h
configure:3697: /home/kyle/Development/Fiwix/tools/musl-gcc64.sh -c -O2 -I/home/kyle/Development/Fiwix/.build/x11-prefix/include conftest.c >&5
configure:3697: $? = 0
configure:3697: result: yes
configure:3697: checking for stdlib.h
configure:3697: /home/kyle/Development/Fiwix/tools/musl-gcc64.sh -c -O2 -I/home/kyle/Development/Fiwix/.build/x11-prefix/include conftest.c >&5
configure:3697: $? = 0
configure:3697: result: yes
configure:3697: checking for string.h
configure:3697: /home/kyle/Development/Fiwix/tools/musl-gcc64.sh -c -O2 -I/home/kyle/Development/Fiwix/.build/x11-prefix/include conftest.c >&5
configure:3697: $? = 0
configure:3697: result: yes
configure:3697: checking for inttypes.h
configure:3697: /home/kyle/Development/Fiwix/tools/musl-gcc64.sh -c -O2 -I/home/kyle/Development/Fiwix/.build/x11-prefix/include conftest.c >&5
configure:3697: $? = 0
configure:3697: result: yes
configure:3697: checking for stdint.h
configure:3697: /home/kyle/Development/Fiwix/tools/musl-gcc64.sh -c -O2 -I/home/kyle/Development/Fiwix/.build/x11-prefix/include conftest.c >&5
configure:3697: $? = 0
configure:3697: result: yes
configure:3697: checking for strings.h
configure:3697: /home/kyle/Development/Fiwix/tools/musl-gcc64.sh -c -O2 -I/home/kyle/Development/Fiwix/.build/x11-prefix/include conftest.c >&5
configure:3697: $? = 0
configure:3697: result: yes
configure:3697: checking for sys/stat.h
configure:3697: /home/kyle/Development/Fiwix/tools/musl-gcc64.sh -c -O2 -I/home/kyle/Development/Fiwix/.build/x11-prefix/include conftest.c >&5
configure:3697: $? = 0
configure:3697: result: yes
configure:3697: checking for sys/types.h
configure:3697: /home/kyle/Development/Fiwix/tools/musl-gcc64.sh -c -O2 -I/home/kyle/Development/Fiwix/.build/x11-prefix/include conftest.c >&5
configure:3697: $? = 0
configure:3697: result: yes
configure:3697: checking for unistd.h
configure:3697: /home/kyle/Development/Fiwix/tools/musl-gcc64.sh -c -O2 -I/home/kyle/Development/Fiwix/.build/x11-prefix/include conftest.c >&5
configure:3697: $? = 0
configure:3697: result: yes
configure:3697: checking for wchar.h
configure:3697: /home/kyle/Development/Fiwix/tools/musl-gcc64.sh -c -O2 -I/home/kyle/Development/Fiwix/.build/x11-prefix/include conftest.c >&5
configure:3697: $? = 0
configure:3697: result: yes
configure:3697: checking for minix/config.h
configure:3697: /home/kyle/Development/Fiwix/tools/musl-gcc64.sh -c -O2 -I/home/kyle/Development/Fiwix/.build/x11-prefix/include conftest.c >&5
conftest.c:47:10: fatal error: minix/config.h: No such file or directory
   47 | #include <minix/config.h>
      |          ^~~~~~~~~~~~~~~~
compilation terminated.
configure:3697: $? = 1
configure: failed program was:
| /* confdefs.h */
| #define PACKAGE_NAME "xkbcomp"
| #define PACKAGE_TARNAME "xkbcomp"
| #define PACKAGE_VERSION "1.4.7"
| #define PACKAGE_STRING "xkbcomp 1.4.7"
| #define PACKAGE_BUGREPORT "https://gitlab.freedesktop.org/xorg/app/xkbcomp/-/issues"
| #define PACKAGE_URL ""
| #define HAVE_STDIO_H 1
| #define HAVE_STDLIB_H 1
| #define HAVE_STRING_H 1
| #define HAVE_INTTYPES_H 1
| #define HAVE_STDINT_H 1
| #define HAVE_STRINGS_H 1
| #define HAVE_SYS_STAT_H 1
| #define HAVE_SYS_TYPES_H 1
| #define HAVE_UNISTD_H 1
| #define HAVE_WCHAR_H 1
| /* end confdefs.h.  */
| #include <stddef.h>
| #ifdef HAVE_STDIO_H
| # include <stdio.h>
| #endif
| #ifdef HAVE_STDLIB_H
| # include <stdlib.h>
| #endif
| #ifdef HAVE_STRING_H
| # include <string.h>
| #endif
| #ifdef HAVE_INTTYPES_H
| # include <inttypes.h>
| #endif
| #ifdef HAVE_STDINT_H
| # include <stdint.h>
| #endif
| #ifdef HAVE_STRINGS_H
| # include <strings.h>
| #endif
| #ifdef HAVE_SYS_TYPES_H
| # include <sys/types.h>
| #endif
| #ifdef HAVE_SYS_STAT_H
| # include <sys/stat.h>
| #endif
| #ifdef HAVE_UNISTD_H
| # include <unistd.h>
| #endif
| #include <minix/config.h>
configure:3697: result: no
configure:3728: checking whether it is safe to define __EXTENSIONS__
configure:3747: /home/kyle/Development/Fiwix/tools/musl-gcc64.sh -c -O2 -I/home/kyle/Development/Fiwix/.build/x11-prefix/include conftest.c >&5
configure:3747: $? = 0
configure:3757: result: yes
configure:3760: checking whether _XOPEN_SOURCE should be defined
configure:3782: /home/kyle/Development/Fiwix/tools/musl-gcc64.sh -c -O2 -I/home/kyle/Development/Fiwix/.build/x11-prefix/include conftest.c >&5
configure:3782: $? = 0
configure:3811: result: no
configure:3889: checking for a BSD-compatible install
configure:3963: result: /usr/bin/install -c
configure:3974: checking whether build environment is sane
configure:4029: result: yes
configure:4186: checking for a race-free mkdir -p
configure:4229: result: /usr/bin/mkdir -p
configure:4236: checking for gawk
configure:4272: result: no
configure:4236: checking for mawk
configure:4257: found /usr/bin/mawk
configure:4269: result: mawk
configure:4280: checking whether make sets $(MAKE)
configure:4304: result: yes
configure:4326: checking whether make supports the include directive
configure:4341: make -f confmf.GNU && cat confinc.out
this is the am__doit target
configure:4344: $? = 0
configure:4363: result: yes (GNU style)
configure:4398: checking whether make supports nested variables
configure:4417: result: yes
configure:4498: checking dependency style of /home/kyle/Development/Fiwix/tools/musl-gcc64.sh
configure:4611: result: gcc3
configure:4696: checking for /home/kyle/Development/Fiwix/tools/musl-gcc64.sh options needed to detect all undeclared functions
configure:4718: /home/kyle/Development/Fiwix/tools/musl-gcc64.sh -c -O2  -I/home/kyle/Development/Fiwix/.build/x11-prefix/include conftest.c >&5
conftest.c: In function 'main':
conftest.c:43:8: error: 'strchr' undeclared (first use in this function)
   43 | (void) strchr;
      |        ^~~~~~
conftest.c:1:1: note: 'strchr' is defined in header '<string.h>'; this is probably fixable by adding '#include <string.h>'
    1 | /* confdefs.h */
conftest.c:43:8: note: each undeclared identifier is reported only once for each function it appears in
   43 | (void) strchr;
      |        ^~~~~~
configure:4718: $? = 1
configure: failed program was:
| /* confdefs.h */
| #define PACKAGE_NAME "xkbcomp"
| #define PACKAGE_TARNAME "xkbcomp"
| #define PACKAGE_VERSION "1.4.7"
| #define PACKAGE_STRING "xkbcomp 1.4.7"
| #define PACKAGE_BUGREPORT "https://gitlab.freedesktop.org/xorg/app/xkbcomp/-/issues"
| #define PACKAGE_URL ""
| #define HAVE_STDIO_H 1
| #define HAVE_STDLIB_H 1
| #define HAVE_STRING_H 1
| #define HAVE_INTTYPES_H 1
| #define HAVE_STDINT_H 1
| #define HAVE_STRINGS_H 1
| #define HAVE_SYS_STAT_H 1
| #define HAVE_SYS_TYPES_H 1
| #define HAVE_UNISTD_H 1
| #define HAVE_WCHAR_H 1
| #define STDC_HEADERS 1
| #define _ALL_SOURCE 1
| #define _DARWIN_C_SOURCE 1
| #define _GNU_SOURCE 1
| #define _HPUX_ALT_XOPEN_SOCKET_API 1
| #define _NETBSD_SOURCE 1
| #define _OPENBSD_SOURCE 1
| #define _POSIX_PTHREAD_SEMANTICS 1
| #define __STDC_WANT_IEC_60559_ATTRIBS_EXT__ 1
| #define __STDC_WANT_IEC_60559_BFP_EXT__ 1
| #define __STDC_WANT_IEC_60559_DFP_EXT__ 1
| #define __STDC_WANT_IEC_60559_EXT__ 1
| #define __STDC_WANT_IEC_60559_FUNCS_EXT__ 1
| #define __STDC_WANT_IEC_60559_TYPES_EXT__ 1
| #define __STDC_WANT_LIB_EXT2__ 1
| #define __STDC_WANT_MATH_SPEC_FUNCS__ 1
| #define _TANDEM_SOURCE 1
| #define __EXTENSIONS__ 1
| #define PACKAGE "xkbcomp"
| #define VERSION "1.4.7"
| /* end confdefs.h.  */
| 
| int
| main (void)
| {
| (void) strchr;
|   ;
|   return 0;
| }
configure:4745: /home/kyle/Development/Fiwix/tools/musl-gcc64.sh -c -O2  -I/home/kyle/Development/Fiwix/.build/x11-prefix/include conftest.c >&5
configure:4745: $? = 0
configure:4765: result: none needed
configure:4783: checking whether __clang__ is declared
configure:4783: /home/kyle/Development/Fiwix/tools/musl-gcc64.sh -c -O2  -I/home/kyle/Development/Fiwix/.build/x11-prefix/include conftest.c >&5
conftest.c: In function 'main':
conftest.c:74:10: error: '__clang__' undeclared (first use in this function)
   74 |   (void) __clang__;
      |          ^~~~~~~~~
conftest.c:74:10: note: each undeclared identifier is reported only once for each function it appears in
configure:4783: $? = 1
configure: failed program was:
| /* confdefs.h */
| #define PACKAGE_NAME "xkbcomp"
| #define PACKAGE_TARNAME "xkbcomp"
| #define PACKAGE_VERSION "1.4.7"
| #define PACKAGE_STRING "xkbcomp 1.4.7"
| #define PACKAGE_BUGREPORT "https://gitlab.freedesktop.org/xorg/app/xkbcomp/-/issues"
| #define PACKAGE_URL ""
| #define HAVE_STDIO_H 1
| #define HAVE_STDLIB_H 1
| #define HAVE_STRING_H 1
| #define HAVE_INTTYPES_H 1
| #define HAVE_STDINT_H 1
| #define HAVE_STRINGS_H 1
| #define HAVE_SYS_STAT_H 1
| #define HAVE_SYS_TYPES_H 1
| #define HAVE_UNISTD_H 1
| #define HAVE_WCHAR_H 1
| #define STDC_HEADERS 1
| #define _ALL_SOURCE 1
| #define _DARWIN_C_SOURCE 1
| #define _GNU_SOURCE 1
| #define _HPUX_ALT_XOPEN_SOCKET_API 1
| #define _NETBSD_SOURCE 1
| #define _OPENBSD_SOURCE 1
| #define _POSIX_PTHREAD_SEMANTICS 1
| #define __STDC_WANT_IEC_60559_ATTRIBS_EXT__ 1
| #define __STDC_WANT_IEC_60559_BFP_EXT__ 1
| #define __STDC_WANT_IEC_60559_DFP_EXT__ 1
| #define __STDC_WANT_IEC_60559_EXT__ 1
| #define __STDC_WANT_IEC_60559_FUNCS_EXT__ 1
| #define __STDC_WANT_IEC_60559_TYPES_EXT__ 1
| #define __STDC_WANT_LIB_EXT2__ 1
| #define __STDC_WANT_MATH_SPEC_FUNCS__ 1
| #define _TANDEM_SOURCE 1
| #define __EXTENSIONS__ 1
| #define PACKAGE "xkbcomp"
| #define VERSION "1.4.7"
| /* end confdefs.h.  */
| #include <stddef.h>
| #ifdef HAVE_STDIO_H
| # include <stdio.h>
| #endif
| #ifdef HAVE_STDLIB_H
| # include <stdlib.h>
| #endif
| #ifdef HAVE_STRING_H
| # include <string.h>
| #endif
| #ifdef HAVE_INTTYPES_H
| # include <inttypes.h>
| #endif
| #ifdef HAVE_STDINT_H
| # include <stdint.h>
| #endif
| #ifdef HAVE_STRINGS_H
| # include <strings.h>
| #endif
| #ifdef HAVE_SYS_TYPES_H
| # include <sys/types.h>
| #endif
| #ifdef HAVE_SYS_STAT_H
| # include <sys/stat.h>
| #endif
| #ifdef HAVE_UNISTD_H
| # include <unistd.h>
| #endif
| int
| main (void)
| {
| #ifndef __clang__
| #ifdef __cplusplus
|   (void) __clang__;
| #else
|   (void) __clang__;
| #endif
| #endif
| 
|   ;
|   return 0;
| }
configure:4783: result: no
configure:4791: checking whether __INTEL_COMPILER is declared
configure:4791: /home/kyle/Development/Fiwix/tools/musl-gcc64.sh -c -O2  -I/home/kyle/Development/Fiwix/.build/x11-prefix/include conftest.c >&5
conftest.c: In function 'main':
conftest.c:74:10: error: '__INTEL_COMPILER' undeclared (first use in this function)
   74 |   (void) __INTEL_COMPILER;
      |          ^~~~~~~~~~~~~~~~
conftest.c:74:10: note: each undeclared identifier is reported only once for each function it appears in
configure:4791: $? = 1
configure: failed program was:
| /* confdefs.h */
| #define PACKAGE_NAME "xkbcomp"
| #define PACKAGE_TARNAME "xkbcomp"
| #define PACKAGE_VERSION "1.4.7"
| #define PACKAGE_STRING "xkbcomp 1.4.7"
| #define PACKAGE_BUGREPORT "https://gitlab.freedesktop.org/xorg/app/xkbcomp/-/issues"
| #define PACKAGE_URL ""
| #define HAVE_STDIO_H 1
| #define HAVE_STDLIB_H 1
| #define HAVE_STRING_H 1
| #define HAVE_INTTYPES_H 1
| #define HAVE_STDINT_H 1
| #define HAVE_STRINGS_H 1
| #define HAVE_SYS_STAT_H 1
| #define HAVE_SYS_TYPES_H 1
| #define HAVE_UNISTD_H 1
| #define HAVE_WCHAR_H 1
| #define STDC_HEADERS 1
| #define _ALL_SOURCE 1
| #define _DARWIN_C_SOURCE 1
| #define _GNU_SOURCE 1
| #define _HPUX_ALT_XOPEN_SOCKET_API 1
| #define _NETBSD_SOURCE 1
| #define _OPENBSD_SOURCE 1
| #define _POSIX_PTHREAD_SEMANTICS 1
| #define __STDC_WANT_IEC_60559_ATTRIBS_EXT__ 1
| #define __STDC_WANT_IEC_60559_BFP_EXT__ 1
| #define __STDC_WANT_IEC_60559_DFP_EXT__ 1
| #define __STDC_WANT_IEC_60559_EXT__ 1
| #define __STDC_WANT_IEC_60559_FUNCS_EXT__ 1
| #define __STDC_WANT_IEC_60559_TYPES_EXT__ 1
| #define __STDC_WANT_LIB_EXT2__ 1
| #define __STDC_WANT_MATH_SPEC_FUNCS__ 1
| #define _TANDEM_SOURCE 1
| #define __EXTENSIONS__ 1
| #define PACKAGE "xkbcomp"
| #define VERSION "1.4.7"
| /* end confdefs.h.  */
| #include <stddef.h>
| #ifdef HAVE_STDIO_H
| # include <stdio.h>
| #endif
| #ifdef HAVE_STDLIB_H
| # include <stdlib.h>
| #endif
| #ifdef HAVE_STRING_H
| # include <string.h>
| #endif
| #ifdef HAVE_INTTYPES_H
| # include <inttypes.h>
| #endif
| #ifdef HAVE_STDINT_H
| # include <stdint.h>
| #endif
| #ifdef HAVE_STRINGS_H
| # include <strings.h>
| #endif
| #ifdef HAVE_SYS_TYPES_H
| # include <sys/types.h>
| #endif
| #ifdef HAVE_SYS_STAT_H
| # include <sys/stat.h>
| #endif
| #ifdef HAVE_UNISTD_H
| # include <unistd.h>
| #endif
| int
| main (void)
| {
| #ifndef __INTEL_COMPILER
| #ifdef __cplusplus
|   (void) __INTEL_COMPILER;
| #else
|   (void) __INTEL_COMPILER;
| #endif
| #endif
| 
|   ;
|   return 0;
| }
configure:4791: result: no
configure:4799: checking whether __SUNPRO_C is declared
configure:4799: /home/kyle/Development/Fiwix/tools/musl-gcc64.sh -c -O2  -I/home/kyle/Development/Fiwix/.build/x11-prefix/include conftest.c >&5
conftest.c: In function 'main':
conftest.c:74:10: error: '__SUNPRO_C' undeclared (first use in this function)
   74 |   (void) __SUNPRO_C;
      |          ^~~~~~~~~~
conftest.c:74:10: note: each undeclared identifier is reported only once for each function it appears in
configure:4799: $? = 1
configure: failed program was:
| /* confdefs.h */
| #define PACKAGE_NAME "xkbcomp"
| #define PACKAGE_TARNAME "xkbcomp"
| #define PACKAGE_VERSION "1.4.7"
| #define PACKAGE_STRING "xkbcomp 1.4.7"
| #define PACKAGE_BUGREPORT "https://gitlab.freedesktop.org/xorg/app/xkbcomp/-/issues"
| #define PACKAGE_URL ""
| #define HAVE_STDIO_H 1
| #define HAVE_STDLIB_H 1
| #define HAVE_STRING_H 1
| #define HAVE_INTTYPES_H 1
| #define HAVE_STDINT_H 1
| #define HAVE_STRINGS_H 1
| #define HAVE_SYS_STAT_H 1
| #define HAVE_SYS_TYPES_H 1
| #define HAVE_UNISTD_H 1
| #define HAVE_WCHAR_H 1
| #define STDC_HEADERS 1
| #define _ALL_SOURCE 1
| #define _DARWIN_C_SOURCE 1
| #define _GNU_SOURCE 1
| #define _HPUX_ALT_XOPEN_SOCKET_API 1
| #define _NETBSD_SOURCE 1
| #define _OPENBSD_SOURCE 1
| #define _POSIX_PTHREAD_SEMANTICS 1
| #define __STDC_WANT_IEC_60559_ATTRIBS_EXT__ 1
| #define __STDC_WANT_IEC_60559_BFP_EXT__ 1
| #define __STDC_WANT_IEC_60559_DFP_EXT__ 1
| #define __STDC_WANT_IEC_60559_EXT__ 1
| #define __STDC_WANT_IEC_60559_FUNCS_EXT__ 1
| #define __STDC_WANT_IEC_60559_TYPES_EXT__ 1
| #define __STDC_WANT_LIB_EXT2__ 1
| #define __STDC_WANT_MATH_SPEC_FUNCS__ 1
| #define _TANDEM_SOURCE 1
| #define __EXTENSIONS__ 1
| #define PACKAGE "xkbcomp"
| #define VERSION "1.4.7"
| /* end confdefs.h.  */
| #include <stddef.h>
| #ifdef HAVE_STDIO_H
| # include <stdio.h>
| #endif
| #ifdef HAVE_STDLIB_H
| # include <stdlib.h>
| #endif
| #ifdef HAVE_STRING_H
| # include <string.h>
| #endif
| #ifdef HAVE_INTTYPES_H
| # include <inttypes.h>
| #endif
| #ifdef HAVE_STDINT_H
| # include <stdint.h>
| #endif
| #ifdef HAVE_STRINGS_H
| # include <strings.h>
| #endif
| #ifdef HAVE_SYS_TYPES_H
| # include <sys/types.h>
| #endif
| #ifdef HAVE_SYS_STAT_H
| # include <sys/stat.h>
| #endif
| #ifdef HAVE_UNISTD_H
| # include <unistd.h>
| #endif
| int
| main (void)
| {
| #ifndef __SUNPRO_C
| #ifdef __cplusplus
|   (void) __SUNPRO_C;
| #else
|   (void) __SUNPRO_C;
| #endif
| #endif
| 
|   ;
|   return 0;
| }
configure:4799: result: no
configure:4868: checking for pkg-config
configure:4891: found /usr/bin/pkg-config
configure:4904: result: /usr/bin/pkg-config
configure:4929: checking pkg-config is at least version 0.9.0
configure:4932: result: yes
configure:4946: checking build system type
configure:4962: result: x86_64-pc-linux-musl
configure:4982: checking host system type
configure:4997: result: x86_64-pc-linux-musl
configure:5017: checking for a sed that does not truncate output
configure:5089: result: /usr/bin/sed
configure:5137: checking if /home/kyle/Development/Fiwix/tools/musl-gcc64.sh supports -Werror=unknown-warning-option
configure:5147: /home/kyle/Development/Fiwix/tools/musl-gcc64.sh -c -O2 -Werror=unknown-warning-option -I/home/kyle/Development/Fiwix/.build/x11-prefix/include conftest.c >&5
cc1: error: '-Werror=unknown-warning-option': no option '-Wunknown-warning-option'
configure:5147: $? = 1
configure: failed program was:
| /* confdefs.h */
| #define PACKAGE_NAME "xkbcomp"
| #define PACKAGE_TARNAME "xkbcomp"
| #define PACKAGE_VERSION "1.4.7"
| #define PACKAGE_STRING "xkbcomp 1.4.7"
| #define PACKAGE_BUGREPORT "https://gitlab.freedesktop.org/xorg/app/xkbcomp/-/issues"
| #define PACKAGE_URL ""
| #define HAVE_STDIO_H 1
| #define HAVE_STDLIB_H 1
| #define HAVE_STRING_H 1
| #define HAVE_INTTYPES_H 1
| #define HAVE_STDINT_H 1
| #define HAVE_STRINGS_H 1
| #define HAVE_SYS_STAT_H 1
| #define HAVE_SYS_TYPES_H 1
| #define HAVE_UNISTD_H 1
| #define HAVE_WCHAR_H 1
| #define STDC_HEADERS 1
| #define _ALL_SOURCE 1
| #define _DARWIN_C_SOURCE 1
| #define _GNU_SOURCE 1
| #define _HPUX_ALT_XOPEN_SOCKET_API 1
| #define _NETBSD_SOURCE 1
| #define _OPENBSD_SOURCE 1
| #define _POSIX_PTHREAD_SEMANTICS 1
| #define __STDC_WANT_IEC_60559_ATTRIBS_EXT__ 1
| #define __STDC_WANT_IEC_60559_BFP_EXT__ 1
| #define __STDC_WANT_IEC_60559_DFP_EXT__ 1
| #define __STDC_WANT_IEC_60559_EXT__ 1
| #define __STDC_WANT_IEC_60559_FUNCS_EXT__ 1
| #define __STDC_WANT_IEC_60559_TYPES_EXT__ 1
| #define __STDC_WANT_LIB_EXT2__ 1
| #define __STDC_WANT_MATH_SPEC_FUNCS__ 1
| #define _TANDEM_SOURCE 1
| #define __EXTENSIONS__ 1
| #define PACKAGE "xkbcomp"
| #define VERSION "1.4.7"
| /* end confdefs.h.  */
| int i;
configure:5157: result: no
configure:5168: checking if /home/kyle/Development/Fiwix/tools/musl-gcc64.sh supports -Werror=unused-command-line-argument
configure:5178: /home/kyle/Development/Fiwix/tools/musl-gcc64.sh -c -O2 -Werror=unused-command-line-argument -I/home/kyle/Development/Fiwix/.build/x11-prefix/include conftest.c >&5
cc1: error: '-Werror=unused-command-line-argument': no option '-Wunused-command-line-argument'; did you mean '-Wunused-dummy-argument'?
configure:5178: $? = 1
configure: failed program was:
| /* confdefs.h */
| #define PACKAGE_NAME "xkbcomp"
| #define PACKAGE_TARNAME "xkbcomp"
| #define PACKAGE_VERSION "1.4.7"
| #define PACKAGE_STRING "xkbcomp 1.4.7"
| #define PACKAGE_BUGREPORT "https://gitlab.freedesktop.org/xorg/app/xkbcomp/-/issues"
| #define PACKAGE_URL ""
| #define HAVE_STDIO_H 1
| #define HAVE_STDLIB_H 1
| #define HAVE_STRING_H 1
| #define HAVE_INTTYPES_H 1
| #define HAVE_STDINT_H 1
| #define HAVE_STRINGS_H 1
| #define HAVE_SYS_STAT_H 1
| #define HAVE_SYS_TYPES_H 1
| #define HAVE_UNISTD_H 1
| #define HAVE_WCHAR_H 1
| #define STDC_HEADERS 1
| #define _ALL_SOURCE 1
| #define _DARWIN_C_SOURCE 1
| #define _GNU_SOURCE 1
| #define _HPUX_ALT_XOPEN_SOCKET_API 1
| #define _NETBSD_SOURCE 1
| #define _OPENBSD_SOURCE 1
| #define _POSIX_PTHREAD_SEMANTICS 1
| #define __STDC_WANT_IEC_60559_ATTRIBS_EXT__ 1
| #define __STDC_WANT_IEC_60559_BFP_EXT__ 1
| #define __STDC_WANT_IEC_60559_DFP_EXT__ 1
| #define __STDC_WANT_IEC_60559_EXT__ 1
| #define __STDC_WANT_IEC_60559_FUNCS_EXT__ 1
| #define __STDC_WANT_IEC_60559_TYPES_EXT__ 1
| #define __STDC_WANT_LIB_EXT2__ 1
| #define __STDC_WANT_MATH_SPEC_FUNCS__ 1
| #define _TANDEM_SOURCE 1
| #define __EXTENSIONS__ 1
| #define PACKAGE "xkbcomp"
| #define VERSION "1.4.7"
| /* end confdefs.h.  */
| int i;
configure:5188: result: no
configure:5207: checking if /home/kyle/Development/Fiwix/tools/musl-gcc64.sh supports -Wall
configure:5225: /home/kyle/Development/Fiwix/tools/musl-gcc64.sh -o conftest -O2 -Wall -I/home/kyle/Development/Fiwix/.build/x11-prefix/include -L/home/kyle/Development/Fiwix/.build/x11-prefix/lib conftest.c -lX11 -lxcb -lXau -lXdmcp >&5
configure:5225: $? = 0
configure:5241: result: yes
configure:5337: checking if /home/kyle/Development/Fiwix/tools/musl-gcc64.sh supports -Wpointer-arith
configure:5355: /home/kyle/Development/Fiwix/tools/musl-gcc64.sh -o conftest -O2 -Wpointer-arith -I/home/kyle/Development/Fiwix/.build/x11-prefix/include -L/home/kyle/Development/Fiwix/.build/x11-prefix/lib conftest.c -lX11 -lxcb -lXau -lXdmcp >&5
configure:5355: $? = 0
configure:5371: result: yes
configure:5467: checking if /home/kyle/Development/Fiwix/tools/musl-gcc64.sh supports -Wmissing-declarations
configure:5485: /home/kyle/Development/Fiwix/tools/musl-gcc64.sh -o conftest -O2 -Wmissing-declarations -I/home/kyle/Development/Fiwix/.build/x11-prefix/include -L/home/kyle/Development/Fiwix/.build/x11-prefix/lib conftest.c -lX11 -lxcb -lXau -lXdmcp >&5
configure:5485: $? = 0
configure:5501: result: yes
configure:5597: checking if /home/kyle/Development/Fiwix/tools/musl-gcc64.sh supports -Wformat=2
configure:5615: /home/kyle/Development/Fiwix/tools/musl-gcc64.sh -o conftest -O2 -Wformat=2 -I/home/kyle/Development/Fiwix/.build/x11-prefix/include -L/home/kyle/Development/Fiwix/.build/x11-prefix/lib conftest.c -lX11 -lxcb -lXau -lXdmcp >&5
configure:5615: $? = 0
configure:5631: result: yes
configure:5782: checking if /home/kyle/Development/Fiwix/tools/musl-gcc64.sh supports -Wstrict-prototypes
configure:5800: /home/kyle/Development/Fiwix/tools/musl-gcc64.sh -o conftest -O2 -Wstrict-prototypes -I/home/kyle/Development/Fiwix/.build/x11-prefix/include -L/home/kyle/Development/Fiwix/.build/x11-prefix/lib conftest.c -lX11 -lxcb -lXau -lXdmcp >&5
configure:5800: $? = 0
configure:5816: result: yes
configure:5912: checking if /home/kyle/Development/Fiwix/tools/musl-gcc64.sh supports -Wmissing-prototypes
configure:5930: /home/kyle/Development/Fiwix/tools/musl-gcc64.sh -o conftest -O2 -Wmissing-prototypes -I/home/kyle/Development/Fiwix/.build/x11-prefix/include -L/home/kyle/Development/Fiwix/.build/x11-prefix/lib conftest.c -lX11 -lxcb -lXau -lXdmcp >&5
configure:5930: $? = 0
configure:5946: result: yes
configure:6042: checking if /home/kyle/Development/Fiwix/tools/musl-gcc64.sh supports -Wnested-externs
configure:6060: /home/kyle/Development/Fiwix/tools/musl-gcc64.sh -o conftest -O2 -Wnested-externs -I/home/kyle/Development/Fiwix/.build/x11-prefix/include -L/home/kyle/Development/Fiwix/.build/x11-prefix/lib conftest.c -lX11 -lxcb -lXau -lXdmcp >&5
configure:6060: $? = 0
configure:6076: result: yes
configure:6172: checking if /home/kyle/Development/Fiwix/tools/musl-gcc64.sh supports -Wbad-function-cast
configure:6190: /home/kyle/Development/Fiwix/tools/musl-gcc64.sh -o conftest -O2 -Wbad-function-cast -I/home/kyle/Development/Fiwix/.build/x11-prefix/include -L/home/kyle/Development/Fiwix/.build/x11-prefix/lib conftest.c -lX11 -lxcb -lXau -lXdmcp >&5
configure:6190: $? = 0
configure:6206: result: yes
configure:6302: checking if /home/kyle/Development/Fiwix/tools/musl-gcc64.sh supports -Wold-style-definition
configure:6320: /home/kyle/Development/Fiwix/tools/musl-gcc64.sh -o conftest -O2 -Wold-style-definition -I/home/kyle/Development/Fiwix/.build/x11-prefix/include -L/home/kyle/Development/Fiwix/.build/x11-prefix/lib conftest.c -lX11 -lxcb -lXau -lXdmcp >&5
configure:6320: $? = 0
configure:6336: result: yes
configure:6485: checking if /home/kyle/Development/Fiwix/tools/musl-gcc64.sh supports -Wdeclaration-after-statement
configure:6503: /home/kyle/Development/Fiwix/tools/musl-gcc64.sh -o conftest -O2 -Wdeclaration-after-statement -I/home/kyle/Development/Fiwix/.build/x11-prefix/include -L/home/kyle/Development/Fiwix/.build/x11-prefix/lib conftest.c -lX11 -lxcb -lXau -lXdmcp >&5
configure:6503: $? = 0
configure:6519: result: yes
configure:6619: checking if /home/kyle/Development/Fiwix/tools/musl-gcc64.sh supports -Wunused
configure:6637: /home/kyle/Development/Fiwix/tools/musl-gcc64.sh -o conftest -O2 -Wunused -I/home/kyle/Development/Fiwix/.build/x11-prefix/include -L/home/kyle/Development/Fiwix/.build/x11-prefix/lib conftest.c -lX11 -lxcb -lXau -lXdmcp >&5
configure:6637: $? = 0
configure:6653: result: yes
configure:6749: checking if /home/kyle/Development/Fiwix/tools/musl-gcc64.sh supports -Wuninitialized
configure:6767: /home/kyle/Development/Fiwix/tools/musl-gcc64.sh -o conftest -O2 -Wuninitialized -I/home/kyle/Development/Fiwix/.build/x11-prefix/include -L/home/kyle/Development/Fiwix/.build/x11-prefix/lib conftest.c -lX11 -lxcb -lXau -lXdmcp >&5
configure:6767: $? = 0
configure:6783: result: yes
configure:6879: checking if /home/kyle/Development/Fiwix/tools/musl-gcc64.sh supports -Wshadow
configure:6897: /home/kyle/Development/Fiwix/tools/musl-gcc64.sh -o conftest -O2 -Wshadow -I/home/kyle/Development/Fiwix/.build/x11-prefix/include -L/home/kyle/Development/Fiwix/.build/x11-prefix/lib conftest.c -lX11 -lxcb -lXau -lXdmcp >&5
configure:6897: $? = 0
configure:6913: result: yes
configure:7009: checking if /home/kyle/Development/Fiwix/tools/musl-gcc64.sh supports -Wmissing-noreturn
configure:7027: /home/kyle/Development/Fiwix/tools/musl-gcc64.sh -o conftest -O2 -Wmissing-noreturn -I/home/kyle/Development/Fiwix/.build/x11-prefix/include -L/home/kyle/Development/Fiwix/.build/x11-prefix/lib conftest.c -lX11 -lxcb -lXau -lXdmcp >&5
configure:7027: $? = 0
configure:7043: result: yes
configure:7139: checking if /home/kyle/Development/Fiwix/tools/musl-gcc64.sh supports -Wmissing-format-attribute
configure:7157: /home/kyle/Development/Fiwix/tools/musl-gcc64.sh -o conftest -O2 -Wmissing-format-attribute -I/home/kyle/Development/Fiwix/.build/x11-prefix/include -L/home/kyle/Development/Fiwix/.build/x11-prefix/lib conftest.c -lX11 -lxcb -lXau -lXdmcp >&5
configure:7157: $? = 0
configure:7173: result: yes
configure:7269: checking if /home/kyle/Development/Fiwix/tools/musl-gcc64.sh supports -Wredundant-decls
configure:7287: /home/kyle/Development/Fiwix/tools/musl-gcc64.sh -o conftest -O2 -Wredundant-decls -I/home/kyle/Development/Fiwix/.build/x11-prefix/include -L/home/kyle/Development/Fiwix/.build/x11-prefix/lib conftest.c -lX11 -lxcb -lXau -lXdmcp >&5
configure:7287: $? = 0
configure:7303: result: yes
configure:7399: checking if /home/kyle/Development/Fiwix/tools/musl-gcc64.sh supports -Wlogical-op
configure:7417: /home/kyle/Development/Fiwix/tools/musl-gcc64.sh -o conftest -O2 -Wlogical-op -I/home/kyle/Development/Fiwix/.build/x11-prefix/include -L/home/kyle/Development/Fiwix/.build/x11-prefix/lib conftest.c -lX11 -lxcb -lXau -lXdmcp >&5
configure:7417: $? = 0
configure:7433: result: yes
configure:7541: checking if /home/kyle/Development/Fiwix/tools/musl-gcc64.sh supports -Werror=implicit
configure:7559: /home/kyle/Development/Fiwix/tools/musl-gcc64.sh -o conftest -O2 -Werror=implicit -I/home/kyle/Development/Fiwix/.build/x11-prefix/include -L/home/kyle/Development/Fiwix/.build/x11-prefix/lib conftest.c -lX11 -lxcb -lXau -lXdmcp >&5
configure:7559: $? = 0
configure:7575: result: yes
configure:7724: checking if /home/kyle/Development/Fiwix/tools/musl-gcc64.sh supports -Werror=nonnull
configure:7742: /home/kyle/Development/Fiwix/tools/musl-gcc64.sh -o conftest -O2 -Werror=nonnull -I/home/kyle/Development/Fiwix/.build/x11-prefix/include -L/home/kyle/Development/Fiwix/.build/x11-prefix/lib conftest.c -lX11 -lxcb -lXau -lXdmcp >&5
configure:7742: $? = 0
configure:7758: result: yes
configure:7854: checking if /home/kyle/Development/Fiwix/tools/musl-gcc64.sh supports -Werror=init-self
configure:7872: /home/kyle/Development/Fiwix/tools/musl-gcc64.sh -o conftest -O2 -Werror=init-self -I/home/kyle/Development/Fiwix/.build/x11-prefix/include -L/home/kyle/Development/Fiwix/.build/x11-prefix/lib conftest.c -lX11 -lxcb -lXau -lXdmcp >&5
configure:7872: $? = 0
configure:7888: result: yes
configure:7984: checking if /home/kyle/Development/Fiwix/tools/musl-gcc64.sh supports -Werror=main
configure:8002: /home/kyle/Development/Fiwix/tools/musl-gcc64.sh -o conftest -O2 -Werror=main -I/home/kyle/Development/Fiwix/.build/x11-prefix/include -L/home/kyle/Development/Fiwix/.build/x11-prefix/lib conftest.c -lX11 -lxcb -lXau -lXdmcp >&5
configure:8002: $? = 0
configure:8018: result: yes
configure:8114: checking if /home/kyle/Development/Fiwix/tools/musl-gcc64.sh supports -Werror=missing-braces
configure:8132: /home/kyle/Development/Fiwix/tools/musl-gcc64.sh -o conftest -O2 -Werror=missing-braces -I/home/kyle/Development/Fiwix/.build/x11-prefix/include -L/home/kyle/Development/Fiwix/.build/x11-prefix/lib conftest.c -lX11 -lxcb -lXau -lXdmcp >&5
configure:8132: $? = 0
configure:8148: result: yes
configure:8244: checking if /home/kyle/Development/Fiwix/tools/musl-gcc64.sh supports -Werror=sequence-point
configure:8262: /home/kyle/Development/Fiwix/tools/musl-gcc64.sh -o conftest -O2 -Werror=sequence-point -I/home/kyle/Development/Fiwix/.build/x11-prefix/include -L/home/kyle/Development/Fiwix/.build/x11-prefix/lib conftest.c -lX11 -lxcb -lXau -lXdmcp >&5
configure:8262: $? = 0
configure:8278: result: yes
configure:8374: checking if /home/kyle/Development/Fiwix/tools/musl-gcc64.sh supports -Werror=return-type
configure:8392: /home/kyle/Development/Fiwix/tools/musl-gcc64.sh -o conftest -O2 -Werror=return-type -I/home/kyle/Development/Fiwix/.build/x11-prefix/include -L/home/kyle/Development/Fiwix/.build/x11-prefix/lib conftest.c -lX11 -lxcb -lXau -lXdmcp >&5
configure:8392: $? = 0
configure:8408: result: yes
configure:8557: checking if /home/kyle/Development/Fiwix/tools/musl-gcc64.sh supports -Werror=trigraphs
configure:8575: /home/kyle/Development/Fiwix/tools/musl-gcc64.sh -o conftest -O2 -Werror=trigraphs -I/home/kyle/Development/Fiwix/.build/x11-prefix/include -L/home/kyle/Development/Fiwix/.build/x11-prefix/lib conftest.c -lX11 -lxcb -lXau -lXdmcp >&5
configure:8575: $? = 0
configure:8591: result: yes
configure:8687: checking if /home/kyle/Development/Fiwix/tools/musl-gcc64.sh supports -Werror=array-bounds
configure:8705: /home/kyle/Development/Fiwix/tools/musl-gcc64.sh -o conftest -O2 -Werror=array-bounds -I/home/kyle/Development/Fiwix/.build/x11-prefix/include -L/home/kyle/Development/Fiwix/.build/x11-prefix/lib conftest.c -lX11 -lxcb -lXau -lXdmcp >&5
configure:8705: $? = 0
configure:8721: result: yes
configure:8817: checking if /home/kyle/Development/Fiwix/tools/musl-gcc64.sh supports -Werror=write-strings
configure:8835: /home/kyle/Development/Fiwix/tools/musl-gcc64.sh -o conftest -O2 -Werror=write-strings -I/home/kyle/Development/Fiwix/.build/x11-prefix/include -L/home/kyle/Development/Fiwix/.build/x11-prefix/lib conftest.c -lX11 -lxcb -lXau -lXdmcp >&5
configure:8835: $? = 0
configure:8851: result: yes
configure:8947: checking if /home/kyle/Development/Fiwix/tools/musl-gcc64.sh supports -Werror=address
configure:8965: /home/kyle/Development/Fiwix/tools/musl-gcc64.sh -o conftest -O2 -Werror=address -I/home/kyle/Development/Fiwix/.build/x11-prefix/include -L/home/kyle/Development/Fiwix/.build/x11-prefix/lib conftest.c -lX11 -lxcb -lXau -lXdmcp >&5
configure:8965: $? = 0
configure:8981: result: yes
configure:9077: checking if /home/kyle/Development/Fiwix/tools/musl-gcc64.sh supports -Werror=int-to-pointer-cast
configure:9095: /home/kyle/Development/Fiwix/tools/musl-gcc64.sh -o conftest -O2 -Werror=int-to-pointer-cast -I/home/kyle/Development/Fiwix/.build/x11-prefix/include -L/home/kyle/Development/Fiwix/.build/x11-prefix/lib conftest.c -lX11 -lxcb -lXau -lXdmcp >&5
configure:9095: $? = 0
configure:9111: result: yes
configure:9260: checking if /home/kyle/Development/Fiwix/tools/musl-gcc64.sh supports -Werror=pointer-to-int-cast
configure:9278: /home/kyle/Development/Fiwix/tools/musl-gcc64.sh -o conftest -O2 -Werror=pointer-to-int-cast -I/home/kyle/Development/Fiwix/.build/x11-prefix/include -L/home/kyle/Development/Fiwix/.build/x11-prefix/lib conftest.c -lX11 -lxcb -lXau -lXdmcp >&5
configure:9278: $? = 0
configure:9294: result: yes
configure:11118: checking if /home/kyle/Development/Fiwix/tools/musl-gcc64.sh supports -pedantic
configure:11136: /home/kyle/Development/Fiwix/tools/musl-gcc64.sh -o conftest -O2 -pedantic -I/home/kyle/Development/Fiwix/.build/x11-prefix/include -L/home/kyle/Development/Fiwix/.build/x11-prefix/lib conftest.c -lX11 -lxcb -lXau -lXdmcp >&5
configure:11136: $? = 0
configure:11152: result: yes
configure:11248: checking if /home/kyle/Development/Fiwix/tools/musl-gcc64.sh supports -Werror
configure:11266: /home/kyle/Development/Fiwix/tools/musl-gcc64.sh -o conftest -O2 -Werror -I/home/kyle/Development/Fiwix/.build/x11-prefix/include -L/home/kyle/Development/Fiwix/.build/x11-prefix/lib conftest.c -lX11 -lxcb -lXau -lXdmcp >&5
configure:11266: $? = 0
configure:11282: result: yes
configure:11434: checking if /home/kyle/Development/Fiwix/tools/musl-gcc64.sh supports -Werror=attributes
configure:11452: /home/kyle/Development/Fiwix/tools/musl-gcc64.sh -o conftest -O2 -Werror=attributes -I/home/kyle/Development/Fiwix/.build/x11-prefix/include -L/home/kyle/Development/Fiwix/.build/x11-prefix/lib conftest.c -lX11 -lxcb -lXau -lXdmcp >&5
configure:11452: $? = 0
configure:11468: result: yes
configure:11663: checking whether make supports nested variables
configure:11682: result: yes
configure:11701: checking for bison
configure:11722: found /usr/bin/bison
configure:11734: result: bison -y
configure:11748: checking for bison
configure:11771: found /usr/bin/bison
configure:11784: result: /usr/bin/bison
configure:11798: checking for asprintf
configure:11798: /home/kyle/Development/Fiwix/tools/musl-gcc64.sh -o conftest -O2 -I/home/kyle/Development/Fiwix/.build/x11-prefix/include -L/home/kyle/Development/Fiwix/.build/x11-prefix/lib conftest.c -lX11 -lxcb -lXau -lXdmcp >&5
configure:11798: $? = 0
configure:11798: result: yes
configure:11804: checking for reallocarray
configure:11804: /home/kyle/Development/Fiwix/tools/musl-gcc64.sh -o conftest -O2 -I/home/kyle/Development/Fiwix/.build/x11-prefix/include -L/home/kyle/Development/Fiwix/.build/x11-prefix/lib conftest.c -lX11 -lxcb -lXau -lXdmcp >&5
configure:11804: $? = 0
configure:11804: result: yes
configure:11810: checking for recallocarray
configure:11810: /home/kyle/Development/Fiwix/tools/musl-gcc64.sh -o conftest -O2 -I/home/kyle/Development/Fiwix/.build/x11-prefix/include -L/home/kyle/Development/Fiwix/.build/x11-prefix/lib conftest.c -lX11 -lxcb -lXau -lXdmcp >&5
/usr/bin/ld: /tmp/ccIRbsin.o: in function `main':
conftest.c:(.text.startup+0x5): undefined reference to `recallocarray'
collect2: error: ld returned 1 exit status
configure:11810: $? = 1
configure: failed program was:
| /* confdefs.h */
| #define PACKAGE_NAME "xkbcomp"
| #define PACKAGE_TARNAME "xkbcomp"
| #define PACKAGE_VERSION "1.4.7"
| #define PACKAGE_STRING "xkbcomp 1.4.7"
| #define PACKAGE_BUGREPORT "https://gitlab.freedesktop.org/xorg/app/xkbcomp/-/issues"
| #define PACKAGE_URL ""
| #define HAVE_STDIO_H 1
| #define HAVE_STDLIB_H 1
| #define HAVE_STRING_H 1
| #define HAVE_INTTYPES_H 1
| #define HAVE_STDINT_H 1
| #define HAVE_STRINGS_H 1
| #define HAVE_SYS_STAT_H 1
| #define HAVE_SYS_TYPES_H 1
| #define HAVE_UNISTD_H 1
| #define HAVE_WCHAR_H 1
| #define STDC_HEADERS 1
| #define _ALL_SOURCE 1
| #define _DARWIN_C_SOURCE 1
| #define _GNU_SOURCE 1
| #define _HPUX_ALT_XOPEN_SOCKET_API 1
| #define _NETBSD_SOURCE 1
| #define _OPENBSD_SOURCE 1
| #define _POSIX_PTHREAD_SEMANTICS 1
| #define __STDC_WANT_IEC_60559_ATTRIBS_EXT__ 1
| #define __STDC_WANT_IEC_60559_BFP_EXT__ 1
| #define __STDC_WANT_IEC_60559_DFP_EXT__ 1
| #define __STDC_WANT_IEC_60559_EXT__ 1
| #define __STDC_WANT_IEC_60559_FUNCS_EXT__ 1
| #define __STDC_WANT_IEC_60559_TYPES_EXT__ 1
| #define __STDC_WANT_LIB_EXT2__ 1
| #define __STDC_WANT_MATH_SPEC_FUNCS__ 1
| #define _TANDEM_SOURCE 1
| #define __EXTENSIONS__ 1
| #define PACKAGE "xkbcomp"
| #define VERSION "1.4.7"
| #define PACKAGE_VERSION_MAJOR 1
| #define PACKAGE_VERSION_MINOR 4
| #define PACKAGE_VERSION_PATCHLEVEL 7
| #define HAVE_ASPRINTF 1
| #define HAVE_REALLOCARRAY 1
| /* end confdefs.h.  */
| /* Define recallocarray to an innocuous variant, in case <limits.h> declares recallocarray.
|    For example, HP-UX 11i <limits.h> declares gettimeofday.  */
| #define recallocarray innocuous_recallocarray
| 
| /* System header to define __stub macros and hopefully few prototypes,
|    which can conflict with char recallocarray (void); below.  */
| 
| #include <limits.h>
| #undef recallocarray
| 
| /* Override any GCC internal prototype to avoid an error.
|    Use char because int might match the return type of a GCC
|    builtin and then its argument prototype would still apply.  */
| #ifdef __cplusplus
| extern "C"
| #endif
| char recallocarray (void);
| /* The GNU C library defines this for functions which it implements
|     to always fail with ENOSYS.  Some functions are actually named
|     something starting with __ and the normal name is an alias.  */
| #if defined __stub_recallocarray || defined __stub___recallocarray
| choke me
| #endif
| 
| int
| main (void)
| {
| return recallocarray ();
|   ;
|   return 0;
| }
configure:11810: result: no
configure:11816: checking for strdup
configure:11816: /home/kyle/Development/Fiwix/tools/musl-gcc64.sh -o conftest -O2 -I/home/kyle/Development/Fiwix/.build/x11-prefix/include -L/home/kyle/Development/Fiwix/.build/x11-prefix/lib conftest.c -lX11 -lxcb -lXau -lXdmcp >&5
conftest.c:60:6: warning: conflicting types for built-in function 'strdup'; expected 'char *(const char *)' [-Wbuiltin-declaration-mismatch]
   60 | char strdup (void);
      |      ^~~~~~
configure:11816: $? = 0
configure:11816: result: yes
configure:11822: checking for strcasecmp
configure:11822: /home/kyle/Development/Fiwix/tools/musl-gcc64.sh -o conftest -O2 -I/home/kyle/Development/Fiwix/.build/x11-prefix/include -L/home/kyle/Development/Fiwix/.build/x11-prefix/lib conftest.c -lX11 -lxcb -lXau -lXdmcp >&5
conftest.c:61:6: warning: conflicting types for built-in function 'strcasecmp'; expected 'int(const char *, const char *)' [-Wbuiltin-declaration-mismatch]
   61 | char strcasecmp (void);
      |      ^~~~~~~~~~
configure:11822: $? = 0
configure:11822: result: yes
configure:11833: checking for XKBCOMP
configure:11840: $PKG_CONFIG --exists --print-errors "x11 xkbfile xproto >= 7.0.17"
configure:11843: $? = 0
configure:11857: $PKG_CONFIG --exists --print-errors "x11 xkbfile xproto >= 7.0.17"
configure:11860: $? = 0
configure:11918: result: yes
configure:11931: checking for /home/kyle/Development/Fiwix/tools/musl-gcc64.sh option to enable large file support
configure:11966: /home/kyle/Development/Fiwix/tools/musl-gcc64.sh -c -O2 -I/home/kyle/Development/Fiwix/.build/x11-prefix/include conftest.c >&5
configure:11966: $? = 0
configure:11972: /home/kyle/Development/Fiwix/tools/musl-gcc64.sh -DFTYPE=ino_t -c -O2 -I/home/kyle/Development/Fiwix/.build/x11-prefix/include conftest.c >&5
configure:11972: $? = 0
configure:11997: result: none needed
configure:12216: checking that generated files are newer than configure
configure:12222: result: done
configure:12251: creating ./config.status

## ---------------------- ##
## Running config.status. ##
## ---------------------- ##

This file was extended by xkbcomp config.status 1.4.7, which was
generated by GNU Autoconf 2.72.  Invocation command line was

  CONFIG_FILES    = 
  CONFIG_HEADERS  = 
  CONFIG_LINKS    = 
  CONFIG_COMMANDS = 
  $ ./config.status 

on T7810

config.status:926: creating Makefile
config.status:926: creating man/Makefile
config.status:926: creating xkbcomp.pc
config.status:926: creating config.h
config.status:1107: config.h is unchanged
config.status:1155: executing depfiles commands
config.status:1232: cd .       && sed -e '/# am--include-marker/d' Makefile         | make -f - am--depfiles
make: Nothing to be done for 'am--depfiles'.
config.status:1237: $? = 0

## ---------------- ##
## Cache variables. ##
## ---------------- ##

ac_cv_build=x86_64-pc-linux-musl
ac_cv_c_compiler_gnu=yes
ac_cv_c_undeclared_builtin_options='none needed'
ac_cv_env_CC_set=set
ac_cv_env_CC_value=/home/kyle/Development/Fiwix/tools/musl-gcc64.sh
ac_cv_env_CFLAGS_set=set
ac_cv_env_CFLAGS_value=-O2
ac_cv_env_CPPFLAGS_set=set
ac_cv_env_CPPFLAGS_value=-I/home/kyle/Development/Fiwix/.build/x11-prefix/include
ac_cv_env_LDFLAGS_set=set
ac_cv_env_LDFLAGS_value=-L/home/kyle/Development/Fiwix/.build/x11-prefix/lib
ac_cv_env_LIBS_set=set
ac_cv_env_LIBS_value='-lX11 -lxcb -lXau -lXdmcp'
ac_cv_env_PKG_CONFIG_LIBDIR_set=
ac_cv_env_PKG_CONFIG_LIBDIR_value=
ac_cv_env_PKG_CONFIG_PATH_set=set
ac_cv_env_PKG_CONFIG_PATH_value=/home/kyle/Development/Fiwix/.build/x11-prefix/lib/pkgconfig:/home/kyle/Development/Fiwix/.build/x11-prefix/share/pkgconfig
ac_cv_env_PKG_CONFIG_set=
ac_cv_env_PKG_CONFIG_value=
ac_cv_env_XKBCOMP_CFLAGS_set=
ac_cv_env_XKBCOMP_CFLAGS_value=
ac_cv_env_XKBCOMP_LIBS_set=
ac_cv_env_XKBCOMP_LIBS_value=
ac_cv_env_YACC_set=
ac_cv_env_YACC_value=
ac_cv_env_YFLAGS_set=
ac_cv_env_YFLAGS_value=
ac_cv_env_build_alias_set=
ac_cv_env_build_alias_value=
ac_cv_env_host_alias_set=
ac_cv_env_host_alias_value=
ac_cv_env_target_alias_set=
ac_cv_env_target_alias_value=
ac_cv_func_asprintf=yes
ac_cv_func_reallocarray=yes
ac_cv_func_recallocarray=no
ac_cv_func_strcasecmp=yes
ac_cv_func_strdup=yes
ac_cv_have_decl___INTEL_COMPILER=no
ac_cv_have_decl___SUNPRO_C=no
ac_cv_have_decl___clang__=no
ac_cv_header_inttypes_h=yes
ac_cv_header_minix_config_h=no
ac_cv_header_stdint_h=yes
ac_cv_header_stdio_h=yes
ac_cv_header_stdlib_h=yes
ac_cv_header_string_h=yes
ac_cv_header_strings_h=yes
ac_cv_header_sys_stat_h=yes
ac_cv_header_sys_types_h=yes
ac_cv_header_unistd_h=yes
ac_cv_header_wchar_h=yes
ac_cv_host=x86_64-pc-linux-musl
ac_cv_objext=o
ac_cv_path_SED=/usr/bin/sed
ac_cv_path_YACC_INST=/usr/bin/bison
ac_cv_path_ac_pt_PKG_CONFIG=/usr/bin/pkg-config
ac_cv_path_install='/usr/bin/install -c'
ac_cv_path_mkdir=/usr/bin/mkdir
ac_cv_prog_AWK=mawk
ac_cv_prog_YACC='bison -y'
ac_cv_prog_ac_ct_CC=/home/kyle/Development/Fiwix/tools/musl-gcc64.sh
ac_cv_prog_cc_c11=
ac_cv_prog_cc_g=yes
ac_cv_prog_cc_stdc=
ac_cv_prog_make_make_set=yes
ac_cv_safe_to_define___extensions__=yes
ac_cv_should_define__xopen_source=no
ac_cv_sys_largefile_opts='none needed'
am_cv_CC_dependencies_compiler_type=gcc3
am_cv_make_support_nested_variables=yes
am_cv_prog_cc_c_o=yes
pkg_cv_XKBCOMP_CFLAGS='-I/home/kyle/Development/Fiwix/.build/x11-prefix/include '
pkg_cv_XKBCOMP_LIBS='-L/home/kyle/Development/Fiwix/.build/x11-prefix/lib -lX11 -lxkbfile '
xorg_cv_cc_flag__Wall=yes
xorg_cv_cc_flag__Wbad_function_cast=yes
xorg_cv_cc_flag__Wdeclaration_after_statement=yes
xorg_cv_cc_flag__Werror=yes
xorg_cv_cc_flag__Werror_address=yes
xorg_cv_cc_flag__Werror_array_bounds=yes
xorg_cv_cc_flag__Werror_attributes=yes
xorg_cv_cc_flag__Werror_implicit=yes
xorg_cv_cc_flag__Werror_init_self=yes
xorg_cv_cc_flag__Werror_int_to_pointer_cast=yes
xorg_cv_cc_flag__Werror_main=yes
xorg_cv_cc_flag__Werror_missing_braces=yes
xorg_cv_cc_flag__Werror_nonnull=yes
xorg_cv_cc_flag__Werror_pointer_to_int_cast=yes
xorg_cv_cc_flag__Werror_return_type=yes
xorg_cv_cc_flag__Werror_sequence_point=yes
xorg_cv_cc_flag__Werror_trigraphs=yes
xorg_cv_cc_flag__Werror_write_strings=yes
xorg_cv_cc_flag__Wformat_2=yes
xorg_cv_cc_flag__Wlogical_op=yes
xorg_cv_cc_flag__Wmissing_declarations=yes
xorg_cv_cc_flag__Wmissing_format_attribute=yes
xorg_cv_cc_flag__Wmissing_noreturn=yes
xorg_cv_cc_flag__Wmissing_prototypes=yes
xorg_cv_cc_flag__Wnested_externs=yes
xorg_cv_cc_flag__Wold_style_definition=yes
xorg_cv_cc_flag__Wpointer_arith=yes
xorg_cv_cc_flag__Wredundant_decls=yes
xorg_cv_cc_flag__Wshadow=yes
xorg_cv_cc_flag__Wstrict_prototypes=yes
xorg_cv_cc_flag__Wuninitialized=yes
xorg_cv_cc_flag__Wunused=yes
xorg_cv_cc_flag__pedantic=yes
xorg_cv_cc_flag_unknown_warning_option=no
xorg_cv_cc_flag_unused_command_line_argument=no

## ----------------- ##
## Output variables. ##
## ----------------- ##

ACLOCAL='${SHELL} '\''/home/kyle/Development/Fiwix/third_party/x11/xkbcomp/missing'\'' aclocal-1.16'
ADMIN_MAN_DIR='$(mandir)/man$(ADMIN_MAN_SUFFIX)'
ADMIN_MAN_SUFFIX='8'
AMDEPBACKSLASH='\'
AMDEP_FALSE='#'
AMDEP_TRUE=''
AMTAR='$${TAR-tar}'
AM_BACKSLASH='\'
AM_DEFAULT_V='$(AM_DEFAULT_VERBOSITY)'
AM_DEFAULT_VERBOSITY='0'
AM_V='$(V)'
APP_MAN_DIR='$(mandir)/man$(APP_MAN_SUFFIX)'
APP_MAN_SUFFIX='1'
AUTOCONF='${SHELL} '\''/home/kyle/Development/Fiwix/third_party/x11/xkbcomp/missing'\'' autoconf'
AUTOHEADER='${SHELL} '\''/home/kyle/Development/Fiwix/third_party/x11/xkbcomp/missing'\'' autoheader'
AUTOMAKE='${SHELL} '\''/home/kyle/Development/Fiwix/third_party/x11/xkbcomp/missing'\'' automake-1.16'
AWK='mawk'
BASE_CFLAGS=' -Wall -Wpointer-arith -Wmissing-declarations -Wformat=2 -Wstrict-prototypes -Wmissing-prototypes -Wnested-externs -Wbad-function-cast -Wold-style-definition -Wdeclaration-after-statement -Wunused -Wuninitialized -Wshadow -Wmissing-noreturn -Wmissing-format-attribute -Wredundant-decls -Wlogical-op -Werror=implicit -Werror=nonnull -Werror=init-self -Werror=main -Werror=missing-braces -Werror=sequence-point -Werror=return-type -Werror=trigraphs -Werror=array-bounds -Werror=write-strings -Werror=address -Werror=int-to-pointer-cast -Werror=pointer-to-int-cast'
CC='/home/kyle/Development/Fiwix/tools/musl-gcc64.sh'
CCDEPMODE='depmode=gcc3'
CFLAGS='-O2'
CHANGELOG_CMD='((GIT_DIR=$(top_srcdir)/.git git log > $(top_srcdir)/.changelog.tmp) 2>/dev/null && mv $(top_srcdir)/.changelog.tmp $(top_srcdir)/ChangeLog) || (rm -f $(top_srcdir)/.changelog.tmp; test -e $(top_srcdir)/ChangeLog || ( touch $(top_srcdir)/ChangeLog; echo '\''git failed to create ChangeLog: installing empty ChangeLog.'\'' >&2))'
CPPFLAGS='-I/home/kyle/Development/Fiwix/.build/x11-prefix/include'
CSCOPE='cscope'
CTAGS='ctags'
CWARNFLAGS=' -Wall -Wpointer-arith -Wmissing-declarations -Wformat=2 -Wstrict-prototypes -Wmissing-prototypes -Wnested-externs -Wbad-function-cast -Wold-style-definition -Wdeclaration-after-statement -Wunused -Wuninitialized -Wshadow -Wmissing-noreturn -Wmissing-format-attribute -Wredundant-decls -Wlogical-op -Werror=implicit -Werror=nonnull -Werror=init-self -Werror=main -Werror=missing-braces -Werror=sequence-point -Werror=return-type -Werror=trigraphs -Werror=array-bounds -Werror=write-strings -Werror=address -Werror=int-to-pointer-cast -Werror=pointer-to-int-cast -fno-strict-aliasing'
CYGPATH_W='echo'
DEFS='-DHAVE_CONFIG_H'
DEPDIR='.deps'
DRIVER_MAN_DIR='$(mandir)/man$(DRIVER_MAN_SUFFIX)'
DRIVER_MAN_SUFFIX='4'
ECHO_C=''
ECHO_N='-n'
ECHO_T=''
ETAGS='etags'
EXEEXT=''
FILE_MAN_DIR='$(mandir)/man$(FILE_MAN_SUFFIX)'
FILE_MAN_SUFFIX='5'
INSTALL_CMD='(cp -f /home/kyle/Development/Fiwix/.build/x11-prefix/share/util-macros/INSTALL $(top_srcdir)/.INSTALL.tmp && mv $(top_srcdir)/.INSTALL.tmp $(top_srcdir)/INSTALL) || (rm -f $(top_srcdir)/.INSTALL.tmp; test -e $(top_srcdir)/INSTALL || ( touch $(top_srcdir)/INSTALL; echo '\''failed to copy INSTALL from util-macros: installing empty INSTALL.'\'' >&2))'
INSTALL_DATA='${INSTALL} -m 644'
INSTALL_PROGRAM='${INSTALL}'
INSTALL_SCRIPT='${INSTALL}'
INSTALL_STRIP_PROGRAM='$(install_sh) -c -s'
LDFLAGS='-L/home/kyle/Development/Fiwix/.build/x11-prefix/lib'
LIBOBJS=''
LIBS='-lX11 -lxcb -lXau -lXdmcp'
LIB_MAN_DIR='$(mandir)/man$(LIB_MAN_SUFFIX)'
LIB_MAN_SUFFIX='3'
LTLIBOBJS=''
MAKEINFO='${SHELL} '\''/home/kyle/Development/Fiwix/third_party/x11/xkbcomp/missing'\'' makeinfo'
MAN_SUBSTS='	-e '\''s|__vendorversion__|"$(PACKAGE_STRING)" "$(XORG_MAN_PAGE)"|'\'' 	-e '\''s|__xorgversion__|"$(PACKAGE_STRING)" "$(XORG_MAN_PAGE)"|'\'' 	-e '\''s|__xservername__|Xorg|g'\'' 	-e '\''s|__xconfigfile__|xorg.conf|g'\'' 	-e '\''s|__projectroot__|$(prefix)|g'\'' 	-e '\''s|__apploaddir__|$(appdefaultdir)|g'\'' 	-e '\''s|__appmansuffix__|$(APP_MAN_SUFFIX)|g'\'' 	-e '\''s|__drivermansuffix__|$(DRIVER_MAN_SUFFIX)|g'\'' 	-e '\''s|__adminmansuffix__|$(ADMIN_MAN_SUFFIX)|g'\'' 	-e '\''s|__libmansuffix__|$(LIB_MAN_SUFFIX)|g'\'' 	-e '\''s|__miscmansuffix__|$(MISC_MAN_SUFFIX)|g'\'' 	-e '\''s|__filemansuffix__|$(FILE_MAN_SUFFIX)|g'\'''
MISC_MAN_DIR='$(mandir)/man$(MISC_MAN_SUFFIX)'
MISC_MAN_SUFFIX='7'
MKDIR_P='/usr/bin/mkdir -p'
OBJEXT='o'
PACKAGE='xkbcomp'
PACKAGE_BUGREPORT='https://gitlab.freedesktop.org/xorg/app/xkbcomp/-/issues'
PACKAGE_NAME='xkbcomp'
PACKAGE_STRING='xkbcomp 1.4.7'
PACKAGE_TARNAME='xkbcomp'
PACKAGE_URL=''
PACKAGE_VERSION='1.4.7'
PATH_SEPARATOR=':'
PKG_CONFIG='/usr/bin/pkg-config'
PKG_CONFIG_LIBDIR=''
PKG_CONFIG_PATH='/home/kyle/Development/Fiwix/.build/x11-prefix/lib/pkgconfig:/home/kyle/Development/Fiwix/.build/x11-prefix/share/pkgconfig'
SED='/usr/bin/sed'
SET_MAKE=''
SHELL='/bin/bash'
STRICT_CFLAGS=' -pedantic -Werror -Werror=attributes'
STRIP=''
VERSION='1.4.7'
XKBCOMP_CFLAGS='-I/home/kyle/Development/Fiwix/.build/x11-prefix/include '
XKBCOMP_LIBS='-L/home/kyle/Development/Fiwix/.build/x11-prefix/lib -lX11 -lxkbfile '
XKBCONFIGROOT='${datadir}/X11/xkb'
XORG_MAN_PAGE='X Version 11'
YACC='bison -y'
YACC_INST='/usr/bin/bison'
YFLAGS=''
ac_ct_CC='/home/kyle/Development/Fiwix/tools/musl-gcc64.sh'
am__EXEEXT_FALSE=''
am__EXEEXT_TRUE='#'
am__fastdepCC_FALSE='#'
am__fastdepCC_TRUE=''
am__include='include'
am__isrc=''
am__leading_dot='.'
am__nodep='_no'
am__quote=''
am__tar='$${TAR-tar} chof - "$$tardir"'
am__untar='$${TAR-tar} xf -'
bindir='${exec_prefix}/bin'
build='x86_64-pc-linux-musl'
build_alias=''
build_cpu='x86_64'
build_os='linux-musl'
build_vendor='pc'
datadir='${datarootdir}'
datarootdir='${prefix}/share'
docdir='${datarootdir}/doc/${PACKAGE_TARNAME}'
dvidir='${docdir}'
exec_prefix='${prefix}'
host='x86_64-pc-linux-musl'
host_alias=''
host_cpu='x86_64'
host_os='linux-musl'
host_vendor='pc'
htmldir='${docdir}'
includedir='${prefix}/include'
infodir='${datarootdir}/info'
install_sh='${SHELL} /home/kyle/Development/Fiwix/third_party/x11/xkbcomp/install-sh'
libdir='${exec_prefix}/lib'
libexecdir='${exec_prefix}/libexec'
localedir='${datarootdir}/locale'
localstatedir='${prefix}/var'
mandir='${datarootdir}/man'
mkdir_p='$(MKDIR_P)'
oldincludedir='/usr/include'
pdfdir='${docdir}'
prefix='/home/kyle/Development/Fiwix/.build/x11-prefix'
program_transform_name='s,x,x,'
psdir='${docdir}'
runstatedir='${localstatedir}/run'
sbindir='${exec_prefix}/sbin'
sharedstatedir='${prefix}/com'
sysconfdir='${prefix}/etc'
target_alias=''

## ----------- ##
## confdefs.h. ##
## ----------- ##

/* confdefs.h */
#define PACKAGE_NAME "xkbcomp"
#define PACKAGE_TARNAME "xkbcomp"
#define PACKAGE_VERSION "1.4.7"
#define PACKAGE_STRING "xkbcomp 1.4.7"
#define PACKAGE_BUGREPORT "https://gitlab.freedesktop.org/xorg/app/xkbcomp/-/issues"
#define PACKAGE_URL ""
#define HAVE_STDIO_H 1
#define HAVE_STDLIB_H 1
#define HAVE_STRING_H 1
#define HAVE_INTTYPES_H 1
#define HAVE_STDINT_H 1
#define HAVE_STRINGS_H 1
#define HAVE_SYS_STAT_H 1
#define HAVE_SYS_TYPES_H 1
#define HAVE_UNISTD_H 1
#define HAVE_WCHAR_H 1
#define STDC_HEADERS 1
#define _ALL_SOURCE 1
#define _DARWIN_C_SOURCE 1
#define _GNU_SOURCE 1
#define _HPUX_ALT_XOPEN_SOCKET_API 1
#define _NETBSD_SOURCE 1
#define _OPENBSD_SOURCE 1
#define _POSIX_PTHREAD_SEMANTICS 1
#define __STDC_WANT_IEC_60559_ATTRIBS_EXT__ 1
#define __STDC_WANT_IEC_60559_BFP_EXT__ 1
#define __STDC_WANT_IEC_60559_DFP_EXT__ 1
#define __STDC_WANT_IEC_60559_EXT__ 1
#define __STDC_WANT_IEC_60559_FUNCS_EXT__ 1
#define __STDC_WANT_IEC_60559_TYPES_EXT__ 1
#define __STDC_WANT_LIB_EXT2__ 1
#define __STDC_WANT_MATH_SPEC_FUNCS__ 1
#define _TANDEM_SOURCE 1
#define __EXTENSIONS__ 1
#define PACKAGE "xkbcomp"
#define VERSION "1.4.7"
#define PACKAGE_VERSION_MAJOR 1
#define PACKAGE_VERSION_MINOR 4
#define PACKAGE_VERSION_PATCHLEVEL 7
#define HAVE_ASPRINTF 1
#define HAVE_REALLOCARRAY 1
#define HAVE_STRDUP 1
#define HAVE_STRCASECMP 1

configure: exit 0
