This file contains any messages produced by compilers while
running configure, to aid debugging if configure makes a mistake.

It was created by util-macros configure 1.20.2, which was
generated by GNU Autoconf 2.72.  Invocation command line was

  $ ./configure --prefix=/home/kyle/Development/Fiwix/.build/x11-prefix

## --------- ##
## Platform. ##
## --------- ##

hostname = T7810
uname -m = x86_64
uname -r = 6.12.90+deb13.1-amd64
uname -s = Linux
uname -v = #1 SMP PREEMPT_DYNAMIC Debian 6.12.90-2 (2026-05-27)

/usr/bin/uname -p = unknown
/bin/uname -X     = unknown

/bin/arch              = x86_64
/usr/bin/arch -k       = unknown
/usr/convex/getsysinfo = unknown
/usr/bin/hostinfo      = unknown
/bin/machine           = unknown
/usr/bin/oslevel       = unknown
/bin/universe          = unknown

PATH: /home/kyle/.local/bin/
PATH: /home/kyle/.kimi-code/bin/
PATH: /home/kyle/.local/share/pi-node/node-v22.23.2-linux-x64/bin/
PATH: /usr/local/bin/
PATH: /usr/bin/
PATH: /bin/
PATH: /usr/local/games/
PATH: /usr/games/
PATH: /home/kyle/.lmstudio/bin/


## ----------- ##
## Core tests. ##
## ----------- ##

configure:1707: looking for aux files: missing install-sh
configure:1720:  trying ./
configure:1749:   ./missing found
configure:1731:   ./install-sh found
configure:1880: checking for a BSD-compatible install
configure:1954: result: /usr/bin/install -c
configure:1965: checking whether sleep supports fractional seconds
configure:1981: result: yes
configure:1984: checking filesystem timestamp resolution
configure:2119: result: 0.01
configure:2124: checking whether build environment is sane
configure:2165: result: yes
configure:2336: checking for a race-free mkdir -p
configure:2379: result: /usr/bin/mkdir -p
configure:2386: checking for gawk
configure:2422: result: no
configure:2386: checking for mawk
configure:2407: found /usr/bin/mawk
configure:2419: result: mawk
configure:2430: checking whether make sets $(MAKE)
configure:2454: result: yes
configure:2480: checking whether make supports nested variables
configure:2499: result: yes
configure:2513: checking xargs -n works
configure:2529: result: yes
configure:2818: checking that generated files are newer than configure
configure:2824: result: done
configure:2844: creating ./config.status

## ---------------------- ##
## Running config.status. ##
## ---------------------- ##

This file was extended by util-macros config.status 1.20.2, which was
generated by GNU Autoconf 2.72.  Invocation command line was

  CONFIG_FILES    = 
  CONFIG_HEADERS  = 
  CONFIG_LINKS    = 
  CONFIG_COMMANDS = 
  $ ./config.status 

on T7810

config.status:750: creating xorg-macros.pc
config.status:750: creating Makefile
config.status:750: creating xorg-macros.m4

## ---------------- ##
## Cache variables. ##
## ---------------- ##

ac_cv_env_build_alias_set=
ac_cv_env_build_alias_value=
ac_cv_env_host_alias_set=
ac_cv_env_host_alias_value=
ac_cv_env_target_alias_set=
ac_cv_env_target_alias_value=
ac_cv_path_install='/usr/bin/install -c'
ac_cv_path_mkdir=/usr/bin/mkdir
ac_cv_prog_AWK=mawk
ac_cv_prog_make_make_set=yes
am_cv_filesystem_timestamp_resolution=0.01
am_cv_make_support_nested_variables=yes
am_cv_sleep_fractional_seconds=yes
am_cv_xargs_n_works=yes

## ----------------- ##
## Output variables. ##
## ----------------- ##

ACLOCAL='${SHELL} '\''/home/kyle/Development/Fiwix/third_party/x11/util-macros/missing'\'' aclocal-1.17'
AMTAR='$${TAR-tar}'
AM_BACKSLASH='\'
AM_DEFAULT_V='$(AM_DEFAULT_VERBOSITY)'
AM_DEFAULT_VERBOSITY='1'
AM_V='$(V)'
AUTOCONF='${SHELL} '\''/home/kyle/Development/Fiwix/third_party/x11/util-macros/missing'\'' autoconf'
AUTOHEADER='${SHELL} '\''/home/kyle/Development/Fiwix/third_party/x11/util-macros/missing'\'' autoheader'
AUTOMAKE='${SHELL} '\''/home/kyle/Development/Fiwix/third_party/x11/util-macros/missing'\'' automake-1.17'
AWK='mawk'
CHANGELOG_CMD='((GIT_DIR=$(top_srcdir)/.git git log > $(top_srcdir)/.changelog.tmp) 2>/dev/null && mv $(top_srcdir)/.changelog.tmp $(top_srcdir)/ChangeLog) || (rm -f $(top_srcdir)/.changelog.tmp; test -e $(top_srcdir)/ChangeLog || ( touch $(top_srcdir)/ChangeLog; echo '\''git failed to create ChangeLog: installing empty ChangeLog.'\'' >&2))'
CSCOPE='cscope'
CTAGS='ctags'
CYGPATH_W='echo'
DEFS='-DPACKAGE_NAME=\"util-macros\" -DPACKAGE_TARNAME=\"util-macros\" -DPACKAGE_VERSION=\"1.20.2\" -DPACKAGE_STRING=\"util-macros\ 1.20.2\" -DPACKAGE_BUGREPORT=\"https://gitlab.freedesktop.org/xorg/util/macros/-/issues\" -DPACKAGE_URL=\"\" -DPACKAGE=\"util-macros\" -DVERSION=\"1.20.2\" -DPACKAGE_VERSION_MAJOR=1 -DPACKAGE_VERSION_MINOR=20 -DPACKAGE_VERSION_PATCHLEVEL=2'
ECHO_C=''
ECHO_N='-n'
ECHO_T=''
ETAGS='etags'
INSTALL_DATA='${INSTALL} -m 644'
INSTALL_PROGRAM='${INSTALL}'
INSTALL_SCRIPT='${INSTALL}'
INSTALL_STRIP_PROGRAM='$(install_sh) -c -s'
LIBOBJS=''
LIBS=''
LTLIBOBJS=''
MAKEINFO='${SHELL} '\''/home/kyle/Development/Fiwix/third_party/x11/util-macros/missing'\'' makeinfo'
MKDIR_P='/usr/bin/mkdir -p'
PACKAGE='util-macros'
PACKAGE_BUGREPORT='https://gitlab.freedesktop.org/xorg/util/macros/-/issues'
PACKAGE_NAME='util-macros'
PACKAGE_STRING='util-macros 1.20.2'
PACKAGE_TARNAME='util-macros'
PACKAGE_URL=''
PACKAGE_VERSION='1.20.2'
PATH_SEPARATOR=':'
SET_MAKE=''
SHELL='/bin/bash'
STRIP=''
VERSION='1.20.2'
am__isrc=''
am__leading_dot='.'
am__rm_f_notfound=''
am__tar='$${TAR-tar} chof - "$$tardir"'
am__untar='$${TAR-tar} xf -'
am__xargs_n='xargs -n'
bindir='${exec_prefix}/bin'
build_alias=''
datadir='${datarootdir}'
datarootdir='${prefix}/share'
docdir='${datarootdir}/doc/${PACKAGE_TARNAME}'
dvidir='${docdir}'
exec_prefix='${prefix}'
host_alias=''
htmldir='${docdir}'
includedir='${prefix}/include'
infodir='${datarootdir}/info'
install_sh='${SHELL} /home/kyle/Development/Fiwix/third_party/x11/util-macros/install-sh'
libdir='${exec_prefix}/lib'
libexecdir='${exec_prefix}/libexec'
localedir='${datarootdir}/locale'
localstatedir='${prefix}/var'
mandir='${datarootdir}/man'
mkdir_p='$(MKDIR_P)'
oldincludedir='/usr/include'
pdfdir='${docdir}'
prefix='/home/kyle/Development/Fiwix/.build/x11-prefix'
program_transform_name='s,x,x,'
psdir='${docdir}'
runstatedir='${localstatedir}/run'
sbindir='${exec_prefix}/sbin'
sharedstatedir='${prefix}/com'
sysconfdir='${prefix}/etc'
target_alias=''

## ----------- ##
## confdefs.h. ##
## ----------- ##

/* confdefs.h */
#define PACKAGE_NAME "util-macros"
#define PACKAGE_TARNAME "util-macros"
#define PACKAGE_VERSION "1.20.2"
#define PACKAGE_STRING "util-macros 1.20.2"
#define PACKAGE_BUGREPORT "https://gitlab.freedesktop.org/xorg/util/macros/-/issues"
#define PACKAGE_URL ""
#define PACKAGE "util-macros"
#define VERSION "1.20.2"
#define PACKAGE_VERSION_MAJOR 1
#define PACKAGE_VERSION_MINOR 20
#define PACKAGE_VERSION_PATCHLEVEL 2

configure: exit 0
