This file contains any messages produced by compilers while
running configure, to aid debugging if configure makes a mistake.

It was created by libXfont2 configure 2.0.7, which was
generated by GNU Autoconf 2.72.  Invocation command line was

  $ ./configure --prefix=/home/kyle/Development/Fiwix/.build/x11-prefix --disable-shared --enable-static --disable-freetype

## --------- ##
## Platform. ##
## --------- ##

hostname = T7810
uname -m = x86_64
uname -r = 6.12.90+deb13.1-amd64
uname -s = Linux
uname -v = #1 SMP PREEMPT_DYNAMIC Debian 6.12.90-2 (2026-05-27)

/usr/bin/uname -p = unknown
/bin/uname -X     = unknown

/bin/arch              = x86_64
/usr/bin/arch -k       = unknown
/usr/convex/getsysinfo = unknown
/usr/bin/hostinfo      = unknown
/bin/machine           = unknown
/usr/bin/oslevel       = unknown
/bin/universe          = unknown

PATH: /home/kyle/.local/bin/
PATH: /home/kyle/.kimi-code/bin/
PATH: /home/kyle/.local/share/pi-node/node-v22.23.2-linux-x64/bin/
PATH: /usr/local/bin/
PATH: /usr/bin/
PATH: /bin/
PATH: /usr/local/games/
PATH: /usr/games/
PATH: /home/kyle/.lmstudio/bin/


## ----------- ##
## Core tests. ##
## ----------- ##

configure:2766: looking for aux files: config.guess config.sub ltmain.sh compile missing install-sh
configure:2779:  trying ./
configure:2808:   ./config.guess found
configure:2808:   ./config.sub found
configure:2808:   ./ltmain.sh found
configure:2808:   ./compile found
configure:2808:   ./missing found
configure:2790:   ./install-sh found
configure:2944: checking for a BSD-compatible install
configure:3018: result: /usr/bin/install -c
configure:3029: checking whether sleep supports fractional seconds
configure:3045: result: yes
configure:3048: checking filesystem timestamp resolution
configure:3183: result: 0.01
configure:3188: checking whether build environment is sane
configure:3229: result: yes
configure:3400: checking for a race-free mkdir -p
configure:3443: result: /usr/bin/mkdir -p
configure:3450: checking for gawk
configure:3486: result: no
configure:3450: checking for mawk
configure:3471: found /usr/bin/mawk
configure:3483: result: mawk
configure:3494: checking whether make sets $(MAKE)
configure:3518: result: yes
configure:3544: checking whether make supports nested variables
configure:3563: result: yes
configure:3577: checking xargs -n works
configure:3593: result: yes
configure:3708: checking whether make supports the include directive
configure:3723: make -f confmf.GNU && cat confinc.out
this is the am__doit target
configure:3726: $? = 0
configure:3745: result: yes (GNU style)
configure:3822: checking for gcc
configure:3855: result: /home/kyle/Development/Fiwix/tools/musl-gcc64.sh
configure:4214: checking for C compiler version
configure:4223: /home/kyle/Development/Fiwix/tools/musl-gcc64.sh --version >&5
gcc (Debian 14.2.0-19) 14.2.0
Copyright (C) 2024 Free Software Foundation, Inc.
This is free software; see the source for copying conditions.  There is NO
warranty; not even for MERCHANTABILITY or FITNESS FOR A PARTICULAR PURPOSE.

configure:4234: $? = 0
configure:4223: /home/kyle/Development/Fiwix/tools/musl-gcc64.sh -v >&5
Using built-in specs.
Reading specs from /home/kyle/Development/Fiwix/.build/musl64/lib/musl-gcc.specs
rename spec cpp_options to old_cpp_options
COLLECT_GCC=gcc
COLLECT_LTO_WRAPPER=/usr/libexec/gcc/x86_64-linux-gnu/14/lto-wrapper
OFFLOAD_TARGET_NAMES=nvptx-none:amdgcn-amdhsa
OFFLOAD_TARGET_DEFAULT=1
Target: x86_64-linux-gnu
Configured with: ../src/configure -v --with-pkgversion='Debian 14.2.0-19' --with-bugurl=file:///usr/share/doc/gcc-14/README.Bugs --enable-languages=c,ada,c++,go,d,fortran,objc,obj-c++,m2,rust --prefix=/usr --with-gcc-major-version-only --program-suffix=-14 --program-prefix=x86_64-linux-gnu- --enable-shared --enable-linker-build-id --libexecdir=/usr/libexec --without-included-gettext --enable-threads=posix --libdir=/usr/lib --enable-nls --enable-bootstrap --enable-clocale=gnu --enable-libstdcxx-debug --enable-libstdcxx-time=yes --with-default-libstdcxx-abi=new --enable-libstdcxx-backtrace --enable-gnu-unique-object --disable-vtable-verify --enable-plugin --enable-default-pie --with-system-zlib --enable-libphobos-checking=release --with-target-system-zlib=auto --enable-objc-gc=auto --enable-multiarch --disable-werror --enable-cet --with-arch-32=i686 --with-abi=m64 --with-multilib-list=m32,m64,mx32 --enable-multilib --with-tune=generic --enable-offload-targets=nvptx-none=/build/reproducible-path/gcc-14-14.2.0/debian/tmp-nvptx/usr,amdgcn-amdhsa=/build/reproducible-path/gcc-14-14.2.0/debian/tmp-gcn/usr --enable-offload-defaulted --without-cuda-driver --enable-checking=release --build=x86_64-linux-gnu --host=x86_64-linux-gnu --target=x86_64-linux-gnu --with-build-config=bootstrap-lto-lean --enable-link-serialization=3
Thread model: posix
... rest of stderr output deleted ...
configure:4234: $? = 0
configure:4223: /home/kyle/Development/Fiwix/tools/musl-gcc64.sh -V >&5
gcc: error: unrecognized command-line option '-V'
gcc: fatal error: no input files
compilation terminated.
configure:4234: $? = 1
configure:4223: /home/kyle/Development/Fiwix/tools/musl-gcc64.sh -qversion >&5
gcc: error: unrecognized command-line option '-qversion'; did you mean '--version'?
gcc: fatal error: no input files
compilation terminated.
configure:4234: $? = 1
configure:4223: /home/kyle/Development/Fiwix/tools/musl-gcc64.sh -version >&5
gcc: error: unrecognized command-line option '-version'
gcc: fatal error: no input files
compilation terminated.
configure:4234: $? = 1
configure:4254: checking whether the C compiler works
configure:4276: /home/kyle/Development/Fiwix/tools/musl-gcc64.sh -O2 -I/home/kyle/Development/Fiwix/.build/x11-prefix/include -L/home/kyle/Development/Fiwix/.build/x11-prefix/lib conftest.c  >&5
configure:4280: $? = 0
configure:4331: result: yes
configure:4335: checking for C compiler default output file name
configure:4337: result: a.out
configure:4343: checking for suffix of executables
configure:4350: /home/kyle/Development/Fiwix/tools/musl-gcc64.sh -o conftest -O2 -I/home/kyle/Development/Fiwix/.build/x11-prefix/include -L/home/kyle/Development/Fiwix/.build/x11-prefix/lib conftest.c  >&5
configure:4354: $? = 0
configure:4378: result: 
configure:4402: checking whether we are cross compiling
configure:4410: /home/kyle/Development/Fiwix/tools/musl-gcc64.sh -o conftest -O2 -I/home/kyle/Development/Fiwix/.build/x11-prefix/include -L/home/kyle/Development/Fiwix/.build/x11-prefix/lib conftest.c  >&5
configure:4414: $? = 0
configure:4421: ./conftest
configure:4425: $? = 0
configure:4440: result: no
configure:4446: checking for suffix of object files
configure:4469: /home/kyle/Development/Fiwix/tools/musl-gcc64.sh -c -O2 -I/home/kyle/Development/Fiwix/.build/x11-prefix/include conftest.c >&5
configure:4473: $? = 0
configure:4497: result: o
configure:4501: checking whether the compiler supports GNU C
configure:4521: /home/kyle/Development/Fiwix/tools/musl-gcc64.sh -c -O2 -I/home/kyle/Development/Fiwix/.build/x11-prefix/include conftest.c >&5
configure:4521: $? = 0
configure:4533: result: yes
configure:4544: checking whether /home/kyle/Development/Fiwix/tools/musl-gcc64.sh accepts -g
configure:4565: /home/kyle/Development/Fiwix/tools/musl-gcc64.sh -c -g -I/home/kyle/Development/Fiwix/.build/x11-prefix/include conftest.c >&5
configure:4565: $? = 0
configure:4612: result: yes
configure:4632: checking for /home/kyle/Development/Fiwix/tools/musl-gcc64.sh option to enable C11 features
configure:4647: /home/kyle/Development/Fiwix/tools/musl-gcc64.sh  -c -O2 -I/home/kyle/Development/Fiwix/.build/x11-prefix/include conftest.c >&5
configure:4647: $? = 0
configure:4666: result: none needed
configure:4790: checking whether /home/kyle/Development/Fiwix/tools/musl-gcc64.sh understands -c and -o together
configure:4813: /home/kyle/Development/Fiwix/tools/musl-gcc64.sh -c conftest.c -o conftest2.o
configure:4816: $? = 0
configure:4813: /home/kyle/Development/Fiwix/tools/musl-gcc64.sh -c conftest.c -o conftest2.o
configure:4816: $? = 0
configure:4829: result: yes
configure:4848: checking dependency style of /home/kyle/Development/Fiwix/tools/musl-gcc64.sh
configure:4961: result: gcc3
configure:4981: checking for stdio.h
configure:4981: /home/kyle/Development/Fiwix/tools/musl-gcc64.sh -c -O2 -I/home/kyle/Development/Fiwix/.build/x11-prefix/include conftest.c >&5
configure:4981: $? = 0
configure:4981: result: yes
configure:4981: checking for stdlib.h
configure:4981: /home/kyle/Development/Fiwix/tools/musl-gcc64.sh -c -O2 -I/home/kyle/Development/Fiwix/.build/x11-prefix/include conftest.c >&5
configure:4981: $? = 0
configure:4981: result: yes
configure:4981: checking for string.h
configure:4981: /home/kyle/Development/Fiwix/tools/musl-gcc64.sh -c -O2 -I/home/kyle/Development/Fiwix/.build/x11-prefix/include conftest.c >&5
configure:4981: $? = 0
configure:4981: result: yes
configure:4981: checking for inttypes.h
configure:4981: /home/kyle/Development/Fiwix/tools/musl-gcc64.sh -c -O2 -I/home/kyle/Development/Fiwix/.build/x11-prefix/include conftest.c >&5
configure:4981: $? = 0
configure:4981: result: yes
configure:4981: checking for stdint.h
configure:4981: /home/kyle/Development/Fiwix/tools/musl-gcc64.sh -c -O2 -I/home/kyle/Development/Fiwix/.build/x11-prefix/include conftest.c >&5
configure:4981: $? = 0
configure:4981: result: yes
configure:4981: checking for strings.h
configure:4981: /home/kyle/Development/Fiwix/tools/musl-gcc64.sh -c -O2 -I/home/kyle/Development/Fiwix/.build/x11-prefix/include conftest.c >&5
configure:4981: $? = 0
configure:4981: result: yes
configure:4981: checking for sys/stat.h
configure:4981: /home/kyle/Development/Fiwix/tools/musl-gcc64.sh -c -O2 -I/home/kyle/Development/Fiwix/.build/x11-prefix/include conftest.c >&5
configure:4981: $? = 0
configure:4981: result: yes
configure:4981: checking for sys/types.h
configure:4981: /home/kyle/Development/Fiwix/tools/musl-gcc64.sh -c -O2 -I/home/kyle/Development/Fiwix/.build/x11-prefix/include conftest.c >&5
configure:4981: $? = 0
configure:4981: result: yes
configure:4981: checking for unistd.h
configure:4981: /home/kyle/Development/Fiwix/tools/musl-gcc64.sh -c -O2 -I/home/kyle/Development/Fiwix/.build/x11-prefix/include conftest.c >&5
configure:4981: $? = 0
configure:4981: result: yes
configure:4981: checking for wchar.h
configure:4981: /home/kyle/Development/Fiwix/tools/musl-gcc64.sh -c -O2 -I/home/kyle/Development/Fiwix/.build/x11-prefix/include conftest.c >&5
configure:4981: $? = 0
configure:4981: result: yes
configure:4981: checking for minix/config.h
configure:4981: /home/kyle/Development/Fiwix/tools/musl-gcc64.sh -c -O2 -I/home/kyle/Development/Fiwix/.build/x11-prefix/include conftest.c >&5
conftest.c:49:10: fatal error: minix/config.h: No such file or directory
   49 | #include <minix/config.h>
      |          ^~~~~~~~~~~~~~~~
compilation terminated.
configure:4981: $? = 1
configure: failed program was:
| /* confdefs.h */
| #define PACKAGE_NAME "libXfont2"
| #define PACKAGE_TARNAME "libXfont2"
| #define PACKAGE_VERSION "2.0.7"
| #define PACKAGE_STRING "libXfont2 2.0.7"
| #define PACKAGE_BUGREPORT "https://gitlab.freedesktop.org/xorg/lib/libxfont/-/issues"
| #define PACKAGE_URL ""
| #define PACKAGE "libXfont2"
| #define VERSION "2.0.7"
| #define HAVE_STDIO_H 1
| #define HAVE_STDLIB_H 1
| #define HAVE_STRING_H 1
| #define HAVE_INTTYPES_H 1
| #define HAVE_STDINT_H 1
| #define HAVE_STRINGS_H 1
| #define HAVE_SYS_STAT_H 1
| #define HAVE_SYS_TYPES_H 1
| #define HAVE_UNISTD_H 1
| #define HAVE_WCHAR_H 1
| /* end confdefs.h.  */
| #include <stddef.h>
| #ifdef HAVE_STDIO_H
| # include <stdio.h>
| #endif
| #ifdef HAVE_STDLIB_H
| # include <stdlib.h>
| #endif
| #ifdef HAVE_STRING_H
| # include <string.h>
| #endif
| #ifdef HAVE_INTTYPES_H
| # include <inttypes.h>
| #endif
| #ifdef HAVE_STDINT_H
| # include <stdint.h>
| #endif
| #ifdef HAVE_STRINGS_H
| # include <strings.h>
| #endif
| #ifdef HAVE_SYS_TYPES_H
| # include <sys/types.h>
| #endif
| #ifdef HAVE_SYS_STAT_H
| # include <sys/stat.h>
| #endif
| #ifdef HAVE_UNISTD_H
| # include <unistd.h>
| #endif
| #include <minix/config.h>
configure:4981: result: no
configure:5012: checking whether it is safe to define __EXTENSIONS__
configure:5031: /home/kyle/Development/Fiwix/tools/musl-gcc64.sh -c -O2 -I/home/kyle/Development/Fiwix/.build/x11-prefix/include conftest.c >&5
configure:5031: $? = 0
configure:5041: result: yes
configure:5044: checking whether _XOPEN_SOURCE should be defined
configure:5066: /home/kyle/Development/Fiwix/tools/musl-gcc64.sh -c -O2 -I/home/kyle/Development/Fiwix/.build/x11-prefix/include conftest.c >&5
configure:5066: $? = 0
configure:5095: result: no
configure:5188: checking build system type
configure:5204: result: x86_64-pc-linux-musl
configure:5224: checking host system type
configure:5239: result: x86_64-pc-linux-musl
configure:5280: checking how to print strings
configure:5307: result: printf
configure:5328: checking for a sed that does not truncate output
configure:5400: result: /usr/bin/sed
configure:5418: checking for grep that handles long lines and -e
configure:5484: result: /usr/bin/grep
configure:5489: checking for egrep
configure:5559: result: /usr/bin/grep -E
configure:5566: checking for fgrep
configure:5636: result: /usr/bin/grep -F
configure:5673: checking for ld used by /home/kyle/Development/Fiwix/tools/musl-gcc64.sh
configure:5742: result: /usr/bin/ld
configure:5749: checking if the linker (/usr/bin/ld) is GNU ld
configure:5766: result: yes
configure:5778: checking for BSD- or MS-compatible name lister (nm)
configure:5834: result: /usr/bin/nm -B
configure:5976: checking the name lister (/usr/bin/nm -B) interface
configure:5984: /home/kyle/Development/Fiwix/tools/musl-gcc64.sh -c -O2 -I/home/kyle/Development/Fiwix/.build/x11-prefix/include conftest.c >&5
configure:5987: /usr/bin/nm -B "conftest.o"
configure:5990: output
0000000000000000 B some_variable
configure:5998: result: BSD nm
configure:6001: checking whether ln -s works
configure:6005: result: yes
configure:6013: checking the maximum length of command line arguments
configure:6146: result: 1572864
configure:6194: checking how to convert x86_64-pc-linux-musl file names to x86_64-pc-linux-musl format
configure:6236: result: func_convert_file_noop
configure:6243: checking how to convert x86_64-pc-linux-musl file names to toolchain format
configure:6265: result: func_convert_file_noop
configure:6272: checking for /usr/bin/ld option to reload object files
configure:6281: result: -r
configure:6361: checking for file
configure:6382: found /usr/bin/file
configure:6394: result: file
configure:6471: checking for objdump
configure:6492: found /usr/bin/objdump
configure:6504: result: objdump
configure:6536: checking how to recognize dependent libraries
configure:6738: result: pass_all
configure:6829: checking for dlltool
configure:6865: result: no
configure:6895: checking how to associate runtime and link libraries
configure:6924: result: printf %s\n
configure:6990: checking for ar
configure:7011: found /usr/bin/ar
configure:7023: result: ar
configure:7076: checking for archiver @FILE support
configure:7094: /home/kyle/Development/Fiwix/tools/musl-gcc64.sh -c -O2 -I/home/kyle/Development/Fiwix/.build/x11-prefix/include conftest.c >&5
configure:7094: $? = 0
configure:7098: ar cr libconftest.a @conftest.lst >&5
configure:7101: $? = 0
configure:7106: ar cr libconftest.a @conftest.lst >&5
ar: conftest.o: No such file or directory
configure:7109: $? = 1
configure:7122: result: @
configure:7186: checking for strip
configure:7207: found /usr/bin/strip
configure:7219: result: strip
configure:7297: checking for ranlib
configure:7318: found /usr/bin/ranlib
configure:7330: result: ranlib
configure:7432: checking command to parse /usr/bin/nm -B output from /home/kyle/Development/Fiwix/tools/musl-gcc64.sh object
configure:7586: /home/kyle/Development/Fiwix/tools/musl-gcc64.sh -c -O2 -I/home/kyle/Development/Fiwix/.build/x11-prefix/include conftest.c >&5
configure:7589: $? = 0
configure:7593: /usr/bin/nm -B conftest.o \| /usr/bin/sed -n -e 's/^.*[ ]\([ABCDGIRSTW][ABCDGIRSTW]*\)[ ][ ]*\([_A-Za-z][_A-Za-z0-9]*\)$/\1 \2 \2/p' | /usr/bin/sed '/ __gnu_lto/d' \> conftest.nm
configure:7596: $? = 0
configure:7662: /home/kyle/Development/Fiwix/tools/musl-gcc64.sh -o conftest -O2 -I/home/kyle/Development/Fiwix/.build/x11-prefix/include -L/home/kyle/Development/Fiwix/.build/x11-prefix/lib conftest.c conftstm.o >&5
configure:7665: $? = 0
configure:7704: result: ok
configure:7751: checking for sysroot
configure:7783: result: no
configure:7790: checking for a working dd
configure:7835: result: /usr/bin/dd
configure:7839: checking how to truncate binary pipes
configure:7856: result: /usr/bin/dd bs=4096 count=1
configure:7993: /home/kyle/Development/Fiwix/tools/musl-gcc64.sh -c -O2 -I/home/kyle/Development/Fiwix/.build/x11-prefix/include conftest.c >&5
configure:7996: $? = 0
configure:8196: checking for mt
configure:8217: found /usr/bin/mt
configure:8229: result: mt
configure:8252: checking if mt is a manifest tool
configure:8259: mt '-?'
configure:8268: result: no
configure:9003: checking for dlfcn.h
configure:9003: /home/kyle/Development/Fiwix/tools/musl-gcc64.sh -c -O2 -I/home/kyle/Development/Fiwix/.build/x11-prefix/include conftest.c >&5
configure:9003: $? = 0
configure:9003: result: yes
configure:9268: checking for objdir
configure:9285: result: .libs
configure:9551: checking if /home/kyle/Development/Fiwix/tools/musl-gcc64.sh supports -fno-rtti -fno-exceptions
configure:9570: /home/kyle/Development/Fiwix/tools/musl-gcc64.sh -c -O2 -I/home/kyle/Development/Fiwix/.build/x11-prefix/include -fno-rtti -fno-exceptions conftest.c >&5
cc1: warning: command-line option '-fno-rtti' is valid for C++/D/ObjC++ but not for C
configure:9574: $? = 0
configure:9588: result: no
configure:9946: checking for /home/kyle/Development/Fiwix/tools/musl-gcc64.sh option to produce PIC
configure:9955: result: -fPIC -DPIC
configure:9963: checking if /home/kyle/Development/Fiwix/tools/musl-gcc64.sh PIC flag -fPIC -DPIC works
configure:9982: /home/kyle/Development/Fiwix/tools/musl-gcc64.sh -c -O2 -I/home/kyle/Development/Fiwix/.build/x11-prefix/include -fPIC -DPIC -DPIC conftest.c >&5
configure:9986: $? = 0
configure:10000: result: yes
configure:10029: checking if /home/kyle/Development/Fiwix/tools/musl-gcc64.sh static flag -static works
configure:10059: result: yes
configure:10074: checking if /home/kyle/Development/Fiwix/tools/musl-gcc64.sh supports -c -o file.o
configure:10096: /home/kyle/Development/Fiwix/tools/musl-gcc64.sh -c -O2 -I/home/kyle/Development/Fiwix/.build/x11-prefix/include -o out/conftest2.o conftest.c >&5
configure:10100: $? = 0
configure:10123: result: yes
configure:10131: checking if /home/kyle/Development/Fiwix/tools/musl-gcc64.sh supports -c -o file.o
configure:10180: result: yes
configure:10213: checking whether the /home/kyle/Development/Fiwix/tools/musl-gcc64.sh linker (/usr/bin/ld -m elf_x86_64) supports shared libraries
configure:11486: result: yes
configure:11728: checking dynamic linker characteristics
configure:12310: /home/kyle/Development/Fiwix/tools/musl-gcc64.sh -o conftest -O2 -I/home/kyle/Development/Fiwix/.build/x11-prefix/include -L/home/kyle/Development/Fiwix/.build/x11-prefix/lib -Wl,-rpath -Wl,/foo conftest.c  >&5
configure:12310: $? = 0
configure:12550: result: GNU/Linux ld.so
configure:12672: checking how to hardcode library paths into programs
configure:12697: result: immediate
configure:13297: checking whether stripping libraries is possible
configure:13306: result: yes
configure:13348: checking if libtool supports shared libraries
configure:13350: result: yes
configure:13353: checking whether to build shared libraries
configure:13378: result: no
configure:13381: checking whether to build static libraries
configure:13385: result: yes
configure:13435: checking for /home/kyle/Development/Fiwix/tools/musl-gcc64.sh options needed to detect all undeclared functions
configure:13457: /home/kyle/Development/Fiwix/tools/musl-gcc64.sh -c -O2  -I/home/kyle/Development/Fiwix/.build/x11-prefix/include conftest.c >&5
conftest.c: In function 'main':
conftest.c:45:8: error: 'strchr' undeclared (first use in this function)
   45 | (void) strchr;
      |        ^~~~~~
conftest.c:1:1: note: 'strchr' is defined in header '<string.h>'; this is probably fixable by adding '#include <string.h>'
    1 | /* confdefs.h */
conftest.c:45:8: note: each undeclared identifier is reported only once for each function it appears in
   45 | (void) strchr;
      |        ^~~~~~
configure:13457: $? = 1
configure: failed program was:
| /* confdefs.h */
| #define PACKAGE_NAME "libXfont2"
| #define PACKAGE_TARNAME "libXfont2"
| #define PACKAGE_VERSION "2.0.7"
| #define PACKAGE_STRING "libXfont2 2.0.7"
| #define PACKAGE_BUGREPORT "https://gitlab.freedesktop.org/xorg/lib/libxfont/-/issues"
| #define PACKAGE_URL ""
| #define PACKAGE "libXfont2"
| #define VERSION "2.0.7"
| #define HAVE_STDIO_H 1
| #define HAVE_STDLIB_H 1
| #define HAVE_STRING_H 1
| #define HAVE_INTTYPES_H 1
| #define HAVE_STDINT_H 1
| #define HAVE_STRINGS_H 1
| #define HAVE_SYS_STAT_H 1
| #define HAVE_SYS_TYPES_H 1
| #define HAVE_UNISTD_H 1
| #define HAVE_WCHAR_H 1
| #define STDC_HEADERS 1
| #define _ALL_SOURCE 1
| #define _DARWIN_C_SOURCE 1
| #define _GNU_SOURCE 1
| #define _HPUX_ALT_XOPEN_SOCKET_API 1
| #define _NETBSD_SOURCE 1
| #define _OPENBSD_SOURCE 1
| #define _POSIX_PTHREAD_SEMANTICS 1
| #define __STDC_WANT_IEC_60559_ATTRIBS_EXT__ 1
| #define __STDC_WANT_IEC_60559_BFP_EXT__ 1
| #define __STDC_WANT_IEC_60559_DFP_EXT__ 1
| #define __STDC_WANT_IEC_60559_EXT__ 1
| #define __STDC_WANT_IEC_60559_FUNCS_EXT__ 1
| #define __STDC_WANT_IEC_60559_TYPES_EXT__ 1
| #define __STDC_WANT_LIB_EXT2__ 1
| #define __STDC_WANT_MATH_SPEC_FUNCS__ 1
| #define _TANDEM_SOURCE 1
| #define __EXTENSIONS__ 1
| #define HAVE_DLFCN_H 1
| #define LT_OBJDIR ".libs/"
| /* end confdefs.h.  */
| 
| int
| main (void)
| {
| (void) strchr;
|   ;
|   return 0;
| }
configure:13484: /home/kyle/Development/Fiwix/tools/musl-gcc64.sh -c -O2  -I/home/kyle/Development/Fiwix/.build/x11-prefix/include conftest.c >&5
configure:13484: $? = 0
configure:13504: result: none needed
configure:13522: checking whether __clang__ is declared
configure:13522: /home/kyle/Development/Fiwix/tools/musl-gcc64.sh -c -O2  -I/home/kyle/Development/Fiwix/.build/x11-prefix/include conftest.c >&5
conftest.c: In function 'main':
conftest.c:76:10: error: '__clang__' undeclared (first use in this function)
   76 |   (void) __clang__;
      |          ^~~~~~~~~
conftest.c:76:10: note: each undeclared identifier is reported only once for each function it appears in
configure:13522: $? = 1
configure: failed program was:
| /* confdefs.h */
| #define PACKAGE_NAME "libXfont2"
| #define PACKAGE_TARNAME "libXfont2"
| #define PACKAGE_VERSION "2.0.7"
| #define PACKAGE_STRING "libXfont2 2.0.7"
| #define PACKAGE_BUGREPORT "https://gitlab.freedesktop.org/xorg/lib/libxfont/-/issues"
| #define PACKAGE_URL ""
| #define PACKAGE "libXfont2"
| #define VERSION "2.0.7"
| #define HAVE_STDIO_H 1
| #define HAVE_STDLIB_H 1
| #define HAVE_STRING_H 1
| #define HAVE_INTTYPES_H 1
| #define HAVE_STDINT_H 1
| #define HAVE_STRINGS_H 1
| #define HAVE_SYS_STAT_H 1
| #define HAVE_SYS_TYPES_H 1
| #define HAVE_UNISTD_H 1
| #define HAVE_WCHAR_H 1
| #define STDC_HEADERS 1
| #define _ALL_SOURCE 1
| #define _DARWIN_C_SOURCE 1
| #define _GNU_SOURCE 1
| #define _HPUX_ALT_XOPEN_SOCKET_API 1
| #define _NETBSD_SOURCE 1
| #define _OPENBSD_SOURCE 1
| #define _POSIX_PTHREAD_SEMANTICS 1
| #define __STDC_WANT_IEC_60559_ATTRIBS_EXT__ 1
| #define __STDC_WANT_IEC_60559_BFP_EXT__ 1
| #define __STDC_WANT_IEC_60559_DFP_EXT__ 1
| #define __STDC_WANT_IEC_60559_EXT__ 1
| #define __STDC_WANT_IEC_60559_FUNCS_EXT__ 1
| #define __STDC_WANT_IEC_60559_TYPES_EXT__ 1
| #define __STDC_WANT_LIB_EXT2__ 1
| #define __STDC_WANT_MATH_SPEC_FUNCS__ 1
| #define _TANDEM_SOURCE 1
| #define __EXTENSIONS__ 1
| #define HAVE_DLFCN_H 1
| #define LT_OBJDIR ".libs/"
| /* end confdefs.h.  */
| #include <stddef.h>
| #ifdef HAVE_STDIO_H
| # include <stdio.h>
| #endif
| #ifdef HAVE_STDLIB_H
| # include <stdlib.h>
| #endif
| #ifdef HAVE_STRING_H
| # include <string.h>
| #endif
| #ifdef HAVE_INTTYPES_H
| # include <inttypes.h>
| #endif
| #ifdef HAVE_STDINT_H
| # include <stdint.h>
| #endif
| #ifdef HAVE_STRINGS_H
| # include <strings.h>
| #endif
| #ifdef HAVE_SYS_TYPES_H
| # include <sys/types.h>
| #endif
| #ifdef HAVE_SYS_STAT_H
| # include <sys/stat.h>
| #endif
| #ifdef HAVE_UNISTD_H
| # include <unistd.h>
| #endif
| int
| main (void)
| {
| #ifndef __clang__
| #ifdef __cplusplus
|   (void) __clang__;
| #else
|   (void) __clang__;
| #endif
| #endif
| 
|   ;
|   return 0;
| }
configure:13522: result: no
configure:13530: checking whether __INTEL_COMPILER is declared
configure:13530: /home/kyle/Development/Fiwix/tools/musl-gcc64.sh -c -O2  -I/home/kyle/Development/Fiwix/.build/x11-prefix/include conftest.c >&5
conftest.c: In function 'main':
conftest.c:76:10: error: '__INTEL_COMPILER' undeclared (first use in this function)
   76 |   (void) __INTEL_COMPILER;
      |          ^~~~~~~~~~~~~~~~
conftest.c:76:10: note: each undeclared identifier is reported only once for each function it appears in
configure:13530: $? = 1
configure: failed program was:
| /* confdefs.h */
| #define PACKAGE_NAME "libXfont2"
| #define PACKAGE_TARNAME "libXfont2"
| #define PACKAGE_VERSION "2.0.7"
| #define PACKAGE_STRING "libXfont2 2.0.7"
| #define PACKAGE_BUGREPORT "https://gitlab.freedesktop.org/xorg/lib/libxfont/-/issues"
| #define PACKAGE_URL ""
| #define PACKAGE "libXfont2"
| #define VERSION "2.0.7"
| #define HAVE_STDIO_H 1
| #define HAVE_STDLIB_H 1
| #define HAVE_STRING_H 1
| #define HAVE_INTTYPES_H 1
| #define HAVE_STDINT_H 1
| #define HAVE_STRINGS_H 1
| #define HAVE_SYS_STAT_H 1
| #define HAVE_SYS_TYPES_H 1
| #define HAVE_UNISTD_H 1
| #define HAVE_WCHAR_H 1
| #define STDC_HEADERS 1
| #define _ALL_SOURCE 1
| #define _DARWIN_C_SOURCE 1
| #define _GNU_SOURCE 1
| #define _HPUX_ALT_XOPEN_SOCKET_API 1
| #define _NETBSD_SOURCE 1
| #define _OPENBSD_SOURCE 1
| #define _POSIX_PTHREAD_SEMANTICS 1
| #define __STDC_WANT_IEC_60559_ATTRIBS_EXT__ 1
| #define __STDC_WANT_IEC_60559_BFP_EXT__ 1
| #define __STDC_WANT_IEC_60559_DFP_EXT__ 1
| #define __STDC_WANT_IEC_60559_EXT__ 1
| #define __STDC_WANT_IEC_60559_FUNCS_EXT__ 1
| #define __STDC_WANT_IEC_60559_TYPES_EXT__ 1
| #define __STDC_WANT_LIB_EXT2__ 1
| #define __STDC_WANT_MATH_SPEC_FUNCS__ 1
| #define _TANDEM_SOURCE 1
| #define __EXTENSIONS__ 1
| #define HAVE_DLFCN_H 1
| #define LT_OBJDIR ".libs/"
| /* end confdefs.h.  */
| #include <stddef.h>
| #ifdef HAVE_STDIO_H
| # include <stdio.h>
| #endif
| #ifdef HAVE_STDLIB_H
| # include <stdlib.h>
| #endif
| #ifdef HAVE_STRING_H
| # include <string.h>
| #endif
| #ifdef HAVE_INTTYPES_H
| # include <inttypes.h>
| #endif
| #ifdef HAVE_STDINT_H
| # include <stdint.h>
| #endif
| #ifdef HAVE_STRINGS_H
| # include <strings.h>
| #endif
| #ifdef HAVE_SYS_TYPES_H
| # include <sys/types.h>
| #endif
| #ifdef HAVE_SYS_STAT_H
| # include <sys/stat.h>
| #endif
| #ifdef HAVE_UNISTD_H
| # include <unistd.h>
| #endif
| int
| main (void)
| {
| #ifndef __INTEL_COMPILER
| #ifdef __cplusplus
|   (void) __INTEL_COMPILER;
| #else
|   (void) __INTEL_COMPILER;
| #endif
| #endif
| 
|   ;
|   return 0;
| }
configure:13530: result: no
configure:13538: checking whether __SUNPRO_C is declared
configure:13538: /home/kyle/Development/Fiwix/tools/musl-gcc64.sh -c -O2  -I/home/kyle/Development/Fiwix/.build/x11-prefix/include conftest.c >&5
conftest.c: In function 'main':
conftest.c:76:10: error: '__SUNPRO_C' undeclared (first use in this function)
   76 |   (void) __SUNPRO_C;
      |          ^~~~~~~~~~
conftest.c:76:10: note: each undeclared identifier is reported only once for each function it appears in
configure:13538: $? = 1
configure: failed program was:
| /* confdefs.h */
| #define PACKAGE_NAME "libXfont2"
| #define PACKAGE_TARNAME "libXfont2"
| #define PACKAGE_VERSION "2.0.7"
| #define PACKAGE_STRING "libXfont2 2.0.7"
| #define PACKAGE_BUGREPORT "https://gitlab.freedesktop.org/xorg/lib/libxfont/-/issues"
| #define PACKAGE_URL ""
| #define PACKAGE "libXfont2"
| #define VERSION "2.0.7"
| #define HAVE_STDIO_H 1
| #define HAVE_STDLIB_H 1
| #define HAVE_STRING_H 1
| #define HAVE_INTTYPES_H 1
| #define HAVE_STDINT_H 1
| #define HAVE_STRINGS_H 1
| #define HAVE_SYS_STAT_H 1
| #define HAVE_SYS_TYPES_H 1
| #define HAVE_UNISTD_H 1
| #define HAVE_WCHAR_H 1
| #define STDC_HEADERS 1
| #define _ALL_SOURCE 1
| #define _DARWIN_C_SOURCE 1
| #define _GNU_SOURCE 1
| #define _HPUX_ALT_XOPEN_SOCKET_API 1
| #define _NETBSD_SOURCE 1
| #define _OPENBSD_SOURCE 1
| #define _POSIX_PTHREAD_SEMANTICS 1
| #define __STDC_WANT_IEC_60559_ATTRIBS_EXT__ 1
| #define __STDC_WANT_IEC_60559_BFP_EXT__ 1
| #define __STDC_WANT_IEC_60559_DFP_EXT__ 1
| #define __STDC_WANT_IEC_60559_EXT__ 1
| #define __STDC_WANT_IEC_60559_FUNCS_EXT__ 1
| #define __STDC_WANT_IEC_60559_TYPES_EXT__ 1
| #define __STDC_WANT_LIB_EXT2__ 1
| #define __STDC_WANT_MATH_SPEC_FUNCS__ 1
| #define _TANDEM_SOURCE 1
| #define __EXTENSIONS__ 1
| #define HAVE_DLFCN_H 1
| #define LT_OBJDIR ".libs/"
| /* end confdefs.h.  */
| #include <stddef.h>
| #ifdef HAVE_STDIO_H
| # include <stdio.h>
| #endif
| #ifdef HAVE_STDLIB_H
| # include <stdlib.h>
| #endif
| #ifdef HAVE_STRING_H
| # include <string.h>
| #endif
| #ifdef HAVE_INTTYPES_H
| # include <inttypes.h>
| #endif
| #ifdef HAVE_STDINT_H
| # include <stdint.h>
| #endif
| #ifdef HAVE_STRINGS_H
| # include <strings.h>
| #endif
| #ifdef HAVE_SYS_TYPES_H
| # include <sys/types.h>
| #endif
| #ifdef HAVE_SYS_STAT_H
| # include <sys/stat.h>
| #endif
| #ifdef HAVE_UNISTD_H
| # include <unistd.h>
| #endif
| int
| main (void)
| {
| #ifndef __SUNPRO_C
| #ifdef __cplusplus
|   (void) __SUNPRO_C;
| #else
|   (void) __SUNPRO_C;
| #endif
| #endif
| 
|   ;
|   return 0;
| }
configure:13538: result: no
configure:13607: checking for pkg-config
configure:13630: found /usr/bin/pkg-config
configure:13643: result: /usr/bin/pkg-config
configure:13668: checking pkg-config is at least version 0.9.0
configure:13671: result: yes
configure:13722: checking if /home/kyle/Development/Fiwix/tools/musl-gcc64.sh supports -Werror=unknown-warning-option
configure:13732: /home/kyle/Development/Fiwix/tools/musl-gcc64.sh -c -O2 -Werror=unknown-warning-option -I/home/kyle/Development/Fiwix/.build/x11-prefix/include conftest.c >&5
cc1: error: '-Werror=unknown-warning-option': no option '-Wunknown-warning-option'
configure:13732: $? = 1
configure: failed program was:
| /* confdefs.h */
| #define PACKAGE_NAME "libXfont2"
| #define PACKAGE_TARNAME "libXfont2"
| #define PACKAGE_VERSION "2.0.7"
| #define PACKAGE_STRING "libXfont2 2.0.7"
| #define PACKAGE_BUGREPORT "https://gitlab.freedesktop.org/xorg/lib/libxfont/-/issues"
| #define PACKAGE_URL ""
| #define PACKAGE "libXfont2"
| #define VERSION "2.0.7"
| #define HAVE_STDIO_H 1
| #define HAVE_STDLIB_H 1
| #define HAVE_STRING_H 1
| #define HAVE_INTTYPES_H 1
| #define HAVE_STDINT_H 1
| #define HAVE_STRINGS_H 1
| #define HAVE_SYS_STAT_H 1
| #define HAVE_SYS_TYPES_H 1
| #define HAVE_UNISTD_H 1
| #define HAVE_WCHAR_H 1
| #define STDC_HEADERS 1
| #define _ALL_SOURCE 1
| #define _DARWIN_C_SOURCE 1
| #define _GNU_SOURCE 1
| #define _HPUX_ALT_XOPEN_SOCKET_API 1
| #define _NETBSD_SOURCE 1
| #define _OPENBSD_SOURCE 1
| #define _POSIX_PTHREAD_SEMANTICS 1
| #define __STDC_WANT_IEC_60559_ATTRIBS_EXT__ 1
| #define __STDC_WANT_IEC_60559_BFP_EXT__ 1
| #define __STDC_WANT_IEC_60559_DFP_EXT__ 1
| #define __STDC_WANT_IEC_60559_EXT__ 1
| #define __STDC_WANT_IEC_60559_FUNCS_EXT__ 1
| #define __STDC_WANT_IEC_60559_TYPES_EXT__ 1
| #define __STDC_WANT_LIB_EXT2__ 1
| #define __STDC_WANT_MATH_SPEC_FUNCS__ 1
| #define _TANDEM_SOURCE 1
| #define __EXTENSIONS__ 1
| #define HAVE_DLFCN_H 1
| #define LT_OBJDIR ".libs/"
| /* end confdefs.h.  */
| int i;
configure:13742: result: no
configure:13753: checking if /home/kyle/Development/Fiwix/tools/musl-gcc64.sh supports -Werror=unused-command-line-argument
configure:13763: /home/kyle/Development/Fiwix/tools/musl-gcc64.sh -c -O2 -Werror=unused-command-line-argument -I/home/kyle/Development/Fiwix/.build/x11-prefix/include conftest.c >&5
cc1: error: '-Werror=unused-command-line-argument': no option '-Wunused-command-line-argument'; did you mean '-Wunused-dummy-argument'?
configure:13763: $? = 1
configure: failed program was:
| /* confdefs.h */
| #define PACKAGE_NAME "libXfont2"
| #define PACKAGE_TARNAME "libXfont2"
| #define PACKAGE_VERSION "2.0.7"
| #define PACKAGE_STRING "libXfont2 2.0.7"
| #define PACKAGE_BUGREPORT "https://gitlab.freedesktop.org/xorg/lib/libxfont/-/issues"
| #define PACKAGE_URL ""
| #define PACKAGE "libXfont2"
| #define VERSION "2.0.7"
| #define HAVE_STDIO_H 1
| #define HAVE_STDLIB_H 1
| #define HAVE_STRING_H 1
| #define HAVE_INTTYPES_H 1
| #define HAVE_STDINT_H 1
| #define HAVE_STRINGS_H 1
| #define HAVE_SYS_STAT_H 1
| #define HAVE_SYS_TYPES_H 1
| #define HAVE_UNISTD_H 1
| #define HAVE_WCHAR_H 1
| #define STDC_HEADERS 1
| #define _ALL_SOURCE 1
| #define _DARWIN_C_SOURCE 1
| #define _GNU_SOURCE 1
| #define _HPUX_ALT_XOPEN_SOCKET_API 1
| #define _NETBSD_SOURCE 1
| #define _OPENBSD_SOURCE 1
| #define _POSIX_PTHREAD_SEMANTICS 1
| #define __STDC_WANT_IEC_60559_ATTRIBS_EXT__ 1
| #define __STDC_WANT_IEC_60559_BFP_EXT__ 1
| #define __STDC_WANT_IEC_60559_DFP_EXT__ 1
| #define __STDC_WANT_IEC_60559_EXT__ 1
| #define __STDC_WANT_IEC_60559_FUNCS_EXT__ 1
| #define __STDC_WANT_IEC_60559_TYPES_EXT__ 1
| #define __STDC_WANT_LIB_EXT2__ 1
| #define __STDC_WANT_MATH_SPEC_FUNCS__ 1
| #define _TANDEM_SOURCE 1
| #define __EXTENSIONS__ 1
| #define HAVE_DLFCN_H 1
| #define LT_OBJDIR ".libs/"
| /* end confdefs.h.  */
| int i;
configure:13773: result: no
configure:13792: checking if /home/kyle/Development/Fiwix/tools/musl-gcc64.sh supports -Wall
configure:13810: /home/kyle/Development/Fiwix/tools/musl-gcc64.sh -o conftest -O2 -Wall -I/home/kyle/Development/Fiwix/.build/x11-prefix/include -L/home/kyle/Development/Fiwix/.build/x11-prefix/lib conftest.c  >&5
configure:13810: $? = 0
configure:13826: result: yes
configure:13922: checking if /home/kyle/Development/Fiwix/tools/musl-gcc64.sh supports -Wpointer-arith
configure:13940: /home/kyle/Development/Fiwix/tools/musl-gcc64.sh -o conftest -O2 -Wpointer-arith -I/home/kyle/Development/Fiwix/.build/x11-prefix/include -L/home/kyle/Development/Fiwix/.build/x11-prefix/lib conftest.c  >&5
configure:13940: $? = 0
configure:13956: result: yes
configure:14052: checking if /home/kyle/Development/Fiwix/tools/musl-gcc64.sh supports -Wmissing-declarations
configure:14070: /home/kyle/Development/Fiwix/tools/musl-gcc64.sh -o conftest -O2 -Wmissing-declarations -I/home/kyle/Development/Fiwix/.build/x11-prefix/include -L/home/kyle/Development/Fiwix/.build/x11-prefix/lib conftest.c  >&5
configure:14070: $? = 0
configure:14086: result: yes
configure:14182: checking if /home/kyle/Development/Fiwix/tools/musl-gcc64.sh supports -Wformat=2
configure:14200: /home/kyle/Development/Fiwix/tools/musl-gcc64.sh -o conftest -O2 -Wformat=2 -I/home/kyle/Development/Fiwix/.build/x11-prefix/include -L/home/kyle/Development/Fiwix/.build/x11-prefix/lib conftest.c  >&5
configure:14200: $? = 0
configure:14216: result: yes
configure:14367: checking if /home/kyle/Development/Fiwix/tools/musl-gcc64.sh supports -Wstrict-prototypes
configure:14385: /home/kyle/Development/Fiwix/tools/musl-gcc64.sh -o conftest -O2 -Wstrict-prototypes -I/home/kyle/Development/Fiwix/.build/x11-prefix/include -L/home/kyle/Development/Fiwix/.build/x11-prefix/lib conftest.c  >&5
configure:14385: $? = 0
configure:14401: result: yes
configure:14497: checking if /home/kyle/Development/Fiwix/tools/musl-gcc64.sh supports -Wmissing-prototypes
configure:14515: /home/kyle/Development/Fiwix/tools/musl-gcc64.sh -o conftest -O2 -Wmissing-prototypes -I/home/kyle/Development/Fiwix/.build/x11-prefix/include -L/home/kyle/Development/Fiwix/.build/x11-prefix/lib conftest.c  >&5
configure:14515: $? = 0
configure:14531: result: yes
configure:14627: checking if /home/kyle/Development/Fiwix/tools/musl-gcc64.sh supports -Wnested-externs
configure:14645: /home/kyle/Development/Fiwix/tools/musl-gcc64.sh -o conftest -O2 -Wnested-externs -I/home/kyle/Development/Fiwix/.build/x11-prefix/include -L/home/kyle/Development/Fiwix/.build/x11-prefix/lib conftest.c  >&5
configure:14645: $? = 0
configure:14661: result: yes
configure:14757: checking if /home/kyle/Development/Fiwix/tools/musl-gcc64.sh supports -Wbad-function-cast
configure:14775: /home/kyle/Development/Fiwix/tools/musl-gcc64.sh -o conftest -O2 -Wbad-function-cast -I/home/kyle/Development/Fiwix/.build/x11-prefix/include -L/home/kyle/Development/Fiwix/.build/x11-prefix/lib conftest.c  >&5
configure:14775: $? = 0
configure:14791: result: yes
configure:14887: checking if /home/kyle/Development/Fiwix/tools/musl-gcc64.sh supports -Wold-style-definition
configure:14905: /home/kyle/Development/Fiwix/tools/musl-gcc64.sh -o conftest -O2 -Wold-style-definition -I/home/kyle/Development/Fiwix/.build/x11-prefix/include -L/home/kyle/Development/Fiwix/.build/x11-prefix/lib conftest.c  >&5
configure:14905: $? = 0
configure:14921: result: yes
configure:15070: checking if /home/kyle/Development/Fiwix/tools/musl-gcc64.sh supports -Wdeclaration-after-statement
configure:15088: /home/kyle/Development/Fiwix/tools/musl-gcc64.sh -o conftest -O2 -Wdeclaration-after-statement -I/home/kyle/Development/Fiwix/.build/x11-prefix/include -L/home/kyle/Development/Fiwix/.build/x11-prefix/lib conftest.c  >&5
configure:15088: $? = 0
configure:15104: result: yes
configure:15204: checking if /home/kyle/Development/Fiwix/tools/musl-gcc64.sh supports -Wunused
configure:15222: /home/kyle/Development/Fiwix/tools/musl-gcc64.sh -o conftest -O2 -Wunused -I/home/kyle/Development/Fiwix/.build/x11-prefix/include -L/home/kyle/Development/Fiwix/.build/x11-prefix/lib conftest.c  >&5
configure:15222: $? = 0
configure:15238: result: yes
configure:15334: checking if /home/kyle/Development/Fiwix/tools/musl-gcc64.sh supports -Wuninitialized
configure:15352: /home/kyle/Development/Fiwix/tools/musl-gcc64.sh -o conftest -O2 -Wuninitialized -I/home/kyle/Development/Fiwix/.build/x11-prefix/include -L/home/kyle/Development/Fiwix/.build/x11-prefix/lib conftest.c  >&5
configure:15352: $? = 0
configure:15368: result: yes
configure:15464: checking if /home/kyle/Development/Fiwix/tools/musl-gcc64.sh supports -Wshadow
configure:15482: /home/kyle/Development/Fiwix/tools/musl-gcc64.sh -o conftest -O2 -Wshadow -I/home/kyle/Development/Fiwix/.build/x11-prefix/include -L/home/kyle/Development/Fiwix/.build/x11-prefix/lib conftest.c  >&5
configure:15482: $? = 0
configure:15498: result: yes
configure:15594: checking if /home/kyle/Development/Fiwix/tools/musl-gcc64.sh supports -Wmissing-noreturn
configure:15612: /home/kyle/Development/Fiwix/tools/musl-gcc64.sh -o conftest -O2 -Wmissing-noreturn -I/home/kyle/Development/Fiwix/.build/x11-prefix/include -L/home/kyle/Development/Fiwix/.build/x11-prefix/lib conftest.c  >&5
configure:15612: $? = 0
configure:15628: result: yes
configure:15724: checking if /home/kyle/Development/Fiwix/tools/musl-gcc64.sh supports -Wmissing-format-attribute
configure:15742: /home/kyle/Development/Fiwix/tools/musl-gcc64.sh -o conftest -O2 -Wmissing-format-attribute -I/home/kyle/Development/Fiwix/.build/x11-prefix/include -L/home/kyle/Development/Fiwix/.build/x11-prefix/lib conftest.c  >&5
configure:15742: $? = 0
configure:15758: result: yes
configure:15854: checking if /home/kyle/Development/Fiwix/tools/musl-gcc64.sh supports -Wredundant-decls
configure:15872: /home/kyle/Development/Fiwix/tools/musl-gcc64.sh -o conftest -O2 -Wredundant-decls -I/home/kyle/Development/Fiwix/.build/x11-prefix/include -L/home/kyle/Development/Fiwix/.build/x11-prefix/lib conftest.c  >&5
configure:15872: $? = 0
configure:15888: result: yes
configure:15984: checking if /home/kyle/Development/Fiwix/tools/musl-gcc64.sh supports -Wlogical-op
configure:16002: /home/kyle/Development/Fiwix/tools/musl-gcc64.sh -o conftest -O2 -Wlogical-op -I/home/kyle/Development/Fiwix/.build/x11-prefix/include -L/home/kyle/Development/Fiwix/.build/x11-prefix/lib conftest.c  >&5
configure:16002: $? = 0
configure:16018: result: yes
configure:16126: checking if /home/kyle/Development/Fiwix/tools/musl-gcc64.sh supports -Werror=implicit
configure:16144: /home/kyle/Development/Fiwix/tools/musl-gcc64.sh -o conftest -O2 -Werror=implicit -I/home/kyle/Development/Fiwix/.build/x11-prefix/include -L/home/kyle/Development/Fiwix/.build/x11-prefix/lib conftest.c  >&5
configure:16144: $? = 0
configure:16160: result: yes
configure:16309: checking if /home/kyle/Development/Fiwix/tools/musl-gcc64.sh supports -Werror=nonnull
configure:16327: /home/kyle/Development/Fiwix/tools/musl-gcc64.sh -o conftest -O2 -Werror=nonnull -I/home/kyle/Development/Fiwix/.build/x11-prefix/include -L/home/kyle/Development/Fiwix/.build/x11-prefix/lib conftest.c  >&5
configure:16327: $? = 0
configure:16343: result: yes
configure:16439: checking if /home/kyle/Development/Fiwix/tools/musl-gcc64.sh supports -Werror=init-self
configure:16457: /home/kyle/Development/Fiwix/tools/musl-gcc64.sh -o conftest -O2 -Werror=init-self -I/home/kyle/Development/Fiwix/.build/x11-prefix/include -L/home/kyle/Development/Fiwix/.build/x11-prefix/lib conftest.c  >&5
configure:16457: $? = 0
configure:16473: result: yes
configure:16569: checking if /home/kyle/Development/Fiwix/tools/musl-gcc64.sh supports -Werror=main
configure:16587: /home/kyle/Development/Fiwix/tools/musl-gcc64.sh -o conftest -O2 -Werror=main -I/home/kyle/Development/Fiwix/.build/x11-prefix/include -L/home/kyle/Development/Fiwix/.build/x11-prefix/lib conftest.c  >&5
configure:16587: $? = 0
configure:16603: result: yes
configure:16699: checking if /home/kyle/Development/Fiwix/tools/musl-gcc64.sh supports -Werror=missing-braces
configure:16717: /home/kyle/Development/Fiwix/tools/musl-gcc64.sh -o conftest -O2 -Werror=missing-braces -I/home/kyle/Development/Fiwix/.build/x11-prefix/include -L/home/kyle/Development/Fiwix/.build/x11-prefix/lib conftest.c  >&5
configure:16717: $? = 0
configure:16733: result: yes
configure:16829: checking if /home/kyle/Development/Fiwix/tools/musl-gcc64.sh supports -Werror=sequence-point
configure:16847: /home/kyle/Development/Fiwix/tools/musl-gcc64.sh -o conftest -O2 -Werror=sequence-point -I/home/kyle/Development/Fiwix/.build/x11-prefix/include -L/home/kyle/Development/Fiwix/.build/x11-prefix/lib conftest.c  >&5
configure:16847: $? = 0
configure:16863: result: yes
configure:16959: checking if /home/kyle/Development/Fiwix/tools/musl-gcc64.sh supports -Werror=return-type
configure:16977: /home/kyle/Development/Fiwix/tools/musl-gcc64.sh -o conftest -O2 -Werror=return-type -I/home/kyle/Development/Fiwix/.build/x11-prefix/include -L/home/kyle/Development/Fiwix/.build/x11-prefix/lib conftest.c  >&5
configure:16977: $? = 0
configure:16993: result: yes
configure:17142: checking if /home/kyle/Development/Fiwix/tools/musl-gcc64.sh supports -Werror=trigraphs
configure:17160: /home/kyle/Development/Fiwix/tools/musl-gcc64.sh -o conftest -O2 -Werror=trigraphs -I/home/kyle/Development/Fiwix/.build/x11-prefix/include -L/home/kyle/Development/Fiwix/.build/x11-prefix/lib conftest.c  >&5
configure:17160: $? = 0
configure:17176: result: yes
configure:17272: checking if /home/kyle/Development/Fiwix/tools/musl-gcc64.sh supports -Werror=array-bounds
configure:17290: /home/kyle/Development/Fiwix/tools/musl-gcc64.sh -o conftest -O2 -Werror=array-bounds -I/home/kyle/Development/Fiwix/.build/x11-prefix/include -L/home/kyle/Development/Fiwix/.build/x11-prefix/lib conftest.c  >&5
configure:17290: $? = 0
configure:17306: result: yes
configure:17402: checking if /home/kyle/Development/Fiwix/tools/musl-gcc64.sh supports -Werror=write-strings
configure:17420: /home/kyle/Development/Fiwix/tools/musl-gcc64.sh -o conftest -O2 -Werror=write-strings -I/home/kyle/Development/Fiwix/.build/x11-prefix/include -L/home/kyle/Development/Fiwix/.build/x11-prefix/lib conftest.c  >&5
configure:17420: $? = 0
configure:17436: result: yes
configure:17532: checking if /home/kyle/Development/Fiwix/tools/musl-gcc64.sh supports -Werror=address
configure:17550: /home/kyle/Development/Fiwix/tools/musl-gcc64.sh -o conftest -O2 -Werror=address -I/home/kyle/Development/Fiwix/.build/x11-prefix/include -L/home/kyle/Development/Fiwix/.build/x11-prefix/lib conftest.c  >&5
configure:17550: $? = 0
configure:17566: result: yes
configure:17662: checking if /home/kyle/Development/Fiwix/tools/musl-gcc64.sh supports -Werror=int-to-pointer-cast
configure:17680: /home/kyle/Development/Fiwix/tools/musl-gcc64.sh -o conftest -O2 -Werror=int-to-pointer-cast -I/home/kyle/Development/Fiwix/.build/x11-prefix/include -L/home/kyle/Development/Fiwix/.build/x11-prefix/lib conftest.c  >&5
configure:17680: $? = 0
configure:17696: result: yes
configure:17845: checking if /home/kyle/Development/Fiwix/tools/musl-gcc64.sh supports -Werror=pointer-to-int-cast
configure:17863: /home/kyle/Development/Fiwix/tools/musl-gcc64.sh -o conftest -O2 -Werror=pointer-to-int-cast -I/home/kyle/Development/Fiwix/.build/x11-prefix/include -L/home/kyle/Development/Fiwix/.build/x11-prefix/lib conftest.c  >&5
configure:17863: $? = 0
configure:17879: result: yes
configure:19703: checking if /home/kyle/Development/Fiwix/tools/musl-gcc64.sh supports -pedantic
configure:19721: /home/kyle/Development/Fiwix/tools/musl-gcc64.sh -o conftest -O2 -pedantic -I/home/kyle/Development/Fiwix/.build/x11-prefix/include -L/home/kyle/Development/Fiwix/.build/x11-prefix/lib conftest.c  >&5
configure:19721: $? = 0
configure:19737: result: yes
configure:19833: checking if /home/kyle/Development/Fiwix/tools/musl-gcc64.sh supports -Werror
configure:19851: /home/kyle/Development/Fiwix/tools/musl-gcc64.sh -o conftest -O2 -Werror -I/home/kyle/Development/Fiwix/.build/x11-prefix/include -L/home/kyle/Development/Fiwix/.build/x11-prefix/lib conftest.c  >&5
configure:19851: $? = 0
configure:19867: result: yes
configure:20019: checking if /home/kyle/Development/Fiwix/tools/musl-gcc64.sh supports -Werror=attributes
configure:20037: /home/kyle/Development/Fiwix/tools/musl-gcc64.sh -o conftest -O2 -Werror=attributes -I/home/kyle/Development/Fiwix/.build/x11-prefix/include -L/home/kyle/Development/Fiwix/.build/x11-prefix/lib conftest.c  >&5
configure:20037: $? = 0
configure:20053: result: yes
configure:20260: checking whether to build developer documentation
configure:20262: result: yes
configure:20283: checking for xmlto
configure:20322: result: no
configure:20328: WARNING: xmlto not found - documentation targets will be skipped
configure:20490: checking for fop
configure:20529: result: no
configure:20535: WARNING: fop not found - documentation targets will be skipped
configure:20614: checking for X.Org SGML entities >= 1.7
configure:20618: $PKG_CONFIG --exists --print-errors "xorg-sgml-doctools >= 1.7"
configure:20621: $? = 0
configure:20632: result: /usr/share/sgml
configure:20655: checking for endian.h
configure:20655: /home/kyle/Development/Fiwix/tools/musl-gcc64.sh -c -O2 -I/home/kyle/Development/Fiwix/.build/x11-prefix/include conftest.c >&5
configure:20655: $? = 0
configure:20655: result: yes
configure:20661: checking for poll.h
configure:20661: /home/kyle/Development/Fiwix/tools/musl-gcc64.sh -c -O2 -I/home/kyle/Development/Fiwix/.build/x11-prefix/include conftest.c >&5
configure:20661: $? = 0
configure:20661: result: yes
configure:20667: checking for sys/poll.h
configure:20667: /home/kyle/Development/Fiwix/tools/musl-gcc64.sh -c -O2 -I/home/kyle/Development/Fiwix/.build/x11-prefix/include conftest.c >&5
In file included from conftest.c:74:
/home/kyle/Development/Fiwix/.build/musl64/include/sys/poll.h:1:2: warning: #warning redirecting incorrect #include <sys/poll.h> to <poll.h> [-Wcpp]
    1 | #warning redirecting incorrect #include <sys/poll.h> to <poll.h>
      |  ^~~~~~~
configure:20667: $? = 0
configure:20667: result: yes
configure:20697: /home/kyle/Development/Fiwix/tools/musl-gcc64.sh -o conftest -O2 -I/home/kyle/Development/Fiwix/.build/x11-prefix/include -L/home/kyle/Development/Fiwix/.build/x11-prefix/lib conftest.c  >&5
configure:20697: $? = 0
configure:20727: /home/kyle/Development/Fiwix/tools/musl-gcc64.sh -o conftest -O2 -I/home/kyle/Development/Fiwix/.build/x11-prefix/include -L/home/kyle/Development/Fiwix/.build/x11-prefix/lib conftest.c  >&5
configure:20727: $? = 0
configure:20815: checking for poll
configure:20815: /home/kyle/Development/Fiwix/tools/musl-gcc64.sh -o conftest -O2 -I/home/kyle/Development/Fiwix/.build/x11-prefix/include -L/home/kyle/Development/Fiwix/.build/x11-prefix/lib conftest.c  >&5
configure:20815: $? = 0
configure:20815: result: yes
configure:20821: checking for readlink
configure:20821: /home/kyle/Development/Fiwix/tools/musl-gcc64.sh -o conftest -O2 -I/home/kyle/Development/Fiwix/.build/x11-prefix/include -L/home/kyle/Development/Fiwix/.build/x11-prefix/lib conftest.c  >&5
configure:20821: $? = 0
configure:20821: result: yes
configure:20827: checking for strlcat
configure:20827: /home/kyle/Development/Fiwix/tools/musl-gcc64.sh -o conftest -O2 -I/home/kyle/Development/Fiwix/.build/x11-prefix/include -L/home/kyle/Development/Fiwix/.build/x11-prefix/lib conftest.c  >&5
configure:20827: $? = 0
configure:20827: result: yes
configure:20835: checking for reallocarray
configure:20835: /home/kyle/Development/Fiwix/tools/musl-gcc64.sh -o conftest -O2 -I/home/kyle/Development/Fiwix/.build/x11-prefix/include -L/home/kyle/Development/Fiwix/.build/x11-prefix/lib conftest.c  >&5
configure:20835: $? = 0
configure:20835: result: yes
configure:20849: checking for realpath
configure:20849: /home/kyle/Development/Fiwix/tools/musl-gcc64.sh -o conftest -O2 -I/home/kyle/Development/Fiwix/.build/x11-prefix/include -L/home/kyle/Development/Fiwix/.build/x11-prefix/lib conftest.c  >&5
configure:20849: $? = 0
configure:20849: result: yes
configure:20863: checking for strlcat
configure:20863: result: yes
configure:20877: checking for strlcpy
configure:20877: /home/kyle/Development/Fiwix/tools/musl-gcc64.sh -o conftest -O2 -I/home/kyle/Development/Fiwix/.build/x11-prefix/include -L/home/kyle/Development/Fiwix/.build/x11-prefix/lib conftest.c  >&5
configure:20877: $? = 0
configure:20877: result: yes
configure:20894: checking for err.h
configure:20894: /home/kyle/Development/Fiwix/tools/musl-gcc64.sh -c -O2 -I/home/kyle/Development/Fiwix/.build/x11-prefix/include conftest.c >&5
configure:20894: $? = 0
configure:20894: result: yes
configure:20900: checking for float.h
configure:20900: /home/kyle/Development/Fiwix/tools/musl-gcc64.sh -c -O2 -I/home/kyle/Development/Fiwix/.build/x11-prefix/include conftest.c >&5
configure:20900: $? = 0
configure:20900: result: yes
configure:20916: checking for /home/kyle/Development/Fiwix/tools/musl-gcc64.sh option to enable large file support
configure:20951: /home/kyle/Development/Fiwix/tools/musl-gcc64.sh -c -O2 -I/home/kyle/Development/Fiwix/.build/x11-prefix/include conftest.c >&5
configure:20951: $? = 0
configure:20957: /home/kyle/Development/Fiwix/tools/musl-gcc64.sh -DFTYPE=ino_t -c -O2 -I/home/kyle/Development/Fiwix/.build/x11-prefix/include conftest.c >&5
configure:20957: $? = 0
configure:20982: result: none needed
configure:21286: checking for ZLIB
configure:21293: $PKG_CONFIG --exists --print-errors "zlib"
configure:21296: $? = 0
configure:21310: $PKG_CONFIG --exists --print-errors "zlib"
configure:21313: $? = 0
configure:21351: result: yes
configure:21648: checking for hypot in -lm
configure:21677: /home/kyle/Development/Fiwix/tools/musl-gcc64.sh -o conftest -O2 -I/home/kyle/Development/Fiwix/.build/x11-prefix/include -L/home/kyle/Development/Fiwix/.build/x11-prefix/lib conftest.c -lm   >&5
conftest.c:73:6: warning: conflicting types for built-in function 'hypot'; expected 'double(double,  double)' [-Wbuiltin-declaration-mismatch]
   73 | char hypot (void);
      |      ^~~~~
conftest.c:1:1: note: 'hypot' is declared in header '<math.h>'
    1 | /* confdefs.h */
configure:21677: $? = 0
configure:21689: result: yes
configure:21703: checking for XFONT
configure:21710: $PKG_CONFIG --exists --print-errors "xproto xtrans fontsproto >= 2.1.3 fontenc"
configure:21713: $? = 0
configure:21727: $PKG_CONFIG --exists --print-errors "xproto xtrans fontsproto >= 2.1.3 fontenc"
configure:21730: $? = 0
configure:21788: result: yes
configure:21809: checking if Xtrans should support UNIX socket connections
configure:21816: result: yes
configure:21827: checking if Xtrans should support TCP socket connections
configure:21829: result: yes
configure:21837: checking for library containing socket
configure:21873: /home/kyle/Development/Fiwix/tools/musl-gcc64.sh -o conftest -O2 -I/home/kyle/Development/Fiwix/.build/x11-prefix/include -L/home/kyle/Development/Fiwix/.build/x11-prefix/lib conftest.c  >&5
configure:21873: $? = 0
configure:21895: result: none required
configure:21904: checking for library containing gethostbyname
configure:21940: /home/kyle/Development/Fiwix/tools/musl-gcc64.sh -o conftest -O2 -I/home/kyle/Development/Fiwix/.build/x11-prefix/include -L/home/kyle/Development/Fiwix/.build/x11-prefix/lib conftest.c  >&5
configure:21940: $? = 0
configure:21962: result: none required
configure:22022: checking for getaddrinfo
configure:22022: /home/kyle/Development/Fiwix/tools/musl-gcc64.sh -o conftest -O2 -I/home/kyle/Development/Fiwix/.build/x11-prefix/include -L/home/kyle/Development/Fiwix/.build/x11-prefix/lib conftest.c  >&5
configure:22022: $? = 0
configure:22022: result: yes
configure:22034: checking if IPv6 support should be built
configure:22041: result: yes
configure:22045: checking for struct sockaddr_in.sin_len
configure:22045: /home/kyle/Development/Fiwix/tools/musl-gcc64.sh -c -O2 -I/home/kyle/Development/Fiwix/.build/x11-prefix/include conftest.c >&5
conftest.c: In function 'main':
conftest.c:76:12: error: 'struct sockaddr_in' has no member named 'sin_len'
   76 | if (ac_aggr.sin_len)
      |            ^
configure:22045: $? = 1
configure: failed program was:
| /* confdefs.h */
| #define PACKAGE_NAME "libXfont2"
| #define PACKAGE_TARNAME "libXfont2"
| #define PACKAGE_VERSION "2.0.7"
| #define PACKAGE_STRING "libXfont2 2.0.7"
| #define PACKAGE_BUGREPORT "https://gitlab.freedesktop.org/xorg/lib/libxfont/-/issues"
| #define PACKAGE_URL ""
| #define PACKAGE "libXfont2"
| #define VERSION "2.0.7"
| #define HAVE_STDIO_H 1
| #define HAVE_STDLIB_H 1
| #define HAVE_STRING_H 1
| #define HAVE_INTTYPES_H 1
| #define HAVE_STDINT_H 1
| #define HAVE_STRINGS_H 1
| #define HAVE_SYS_STAT_H 1
| #define HAVE_SYS_TYPES_H 1
| #define HAVE_UNISTD_H 1
| #define HAVE_WCHAR_H 1
| #define STDC_HEADERS 1
| #define _ALL_SOURCE 1
| #define _DARWIN_C_SOURCE 1
| #define _GNU_SOURCE 1
| #define _HPUX_ALT_XOPEN_SOCKET_API 1
| #define _NETBSD_SOURCE 1
| #define _OPENBSD_SOURCE 1
| #define _POSIX_PTHREAD_SEMANTICS 1
| #define __STDC_WANT_IEC_60559_ATTRIBS_EXT__ 1
| #define __STDC_WANT_IEC_60559_BFP_EXT__ 1
| #define __STDC_WANT_IEC_60559_DFP_EXT__ 1
| #define __STDC_WANT_IEC_60559_EXT__ 1
| #define __STDC_WANT_IEC_60559_FUNCS_EXT__ 1
| #define __STDC_WANT_IEC_60559_TYPES_EXT__ 1
| #define __STDC_WANT_LIB_EXT2__ 1
| #define __STDC_WANT_MATH_SPEC_FUNCS__ 1
| #define _TANDEM_SOURCE 1
| #define __EXTENSIONS__ 1
| #define HAVE_DLFCN_H 1
| #define LT_OBJDIR ".libs/"
| #define PACKAGE_VERSION_MAJOR 2
| #define PACKAGE_VERSION_MINOR 0
| #define PACKAGE_VERSION_PATCHLEVEL 7
| #define HAVE_ENDIAN_H 1
| #define HAVE_POLL_H 1
| #define HAVE_SYS_POLL_H 1
| #define HAVE_POLL 1
| #define HAVE_READLINK 1
| #define HAVE_STRLCAT 1
| #define HAVE_REALLOCARRAY 1
| #define HAVE_REALPATH 1
| #define HAVE_STRLCAT 1
| #define HAVE_STRLCPY 1
| #define HAVE_ERR_H 1
| #define HAVE_FLOAT_H 1
| #define X_GZIP_FONT_COMPRESSION 1
| #define XFONT_BUILTINS 1
| #define XFONT_PCFFORMAT 1
| #define XFONT_BDFFORMAT 1
| #define XFONT_BITMAP 1
| #define XFONT_FONTFILE 1
| #define XFONT_FC 1
| #define UNIXCONN 1
| #define TCPCONN 1
| #define IPv6 1
| /* end confdefs.h.  */
| 
| #include <sys/types.h>
| #include <sys/socket.h>
| #include <netinet/in.h>
| 
| 
| int
| main (void)
| {
| static struct sockaddr_in ac_aggr;
| if (ac_aggr.sin_len)
| return 0;
|   ;
|   return 0;
| }
configure:22045: /home/kyle/Development/Fiwix/tools/musl-gcc64.sh -c -O2 -I/home/kyle/Development/Fiwix/.build/x11-prefix/include conftest.c >&5
conftest.c: In function 'main':
conftest.c:76:19: error: 'struct sockaddr_in' has no member named 'sin_len'
   76 | if (sizeof ac_aggr.sin_len)
      |                   ^
configure:22045: $? = 1
configure: failed program was:
| /* confdefs.h */
| #define PACKAGE_NAME "libXfont2"
| #define PACKAGE_TARNAME "libXfont2"
| #define PACKAGE_VERSION "2.0.7"
| #define PACKAGE_STRING "libXfont2 2.0.7"
| #define PACKAGE_BUGREPORT "https://gitlab.freedesktop.org/xorg/lib/libxfont/-/issues"
| #define PACKAGE_URL ""
| #define PACKAGE "libXfont2"
| #define VERSION "2.0.7"
| #define HAVE_STDIO_H 1
| #define HAVE_STDLIB_H 1
| #define HAVE_STRING_H 1
| #define HAVE_INTTYPES_H 1
| #define HAVE_STDINT_H 1
| #define HAVE_STRINGS_H 1
| #define HAVE_SYS_STAT_H 1
| #define HAVE_SYS_TYPES_H 1
| #define HAVE_UNISTD_H 1
| #define HAVE_WCHAR_H 1
| #define STDC_HEADERS 1
| #define _ALL_SOURCE 1
| #define _DARWIN_C_SOURCE 1
| #define _GNU_SOURCE 1
| #define _HPUX_ALT_XOPEN_SOCKET_API 1
| #define _NETBSD_SOURCE 1
| #define _OPENBSD_SOURCE 1
| #define _POSIX_PTHREAD_SEMANTICS 1
| #define __STDC_WANT_IEC_60559_ATTRIBS_EXT__ 1
| #define __STDC_WANT_IEC_60559_BFP_EXT__ 1
| #define __STDC_WANT_IEC_60559_DFP_EXT__ 1
| #define __STDC_WANT_IEC_60559_EXT__ 1
| #define __STDC_WANT_IEC_60559_FUNCS_EXT__ 1
| #define __STDC_WANT_IEC_60559_TYPES_EXT__ 1
| #define __STDC_WANT_LIB_EXT2__ 1
| #define __STDC_WANT_MATH_SPEC_FUNCS__ 1
| #define _TANDEM_SOURCE 1
| #define __EXTENSIONS__ 1
| #define HAVE_DLFCN_H 1
| #define LT_OBJDIR ".libs/"
| #define PACKAGE_VERSION_MAJOR 2
| #define PACKAGE_VERSION_MINOR 0
| #define PACKAGE_VERSION_PATCHLEVEL 7
| #define HAVE_ENDIAN_H 1
| #define HAVE_POLL_H 1
| #define HAVE_SYS_POLL_H 1
| #define HAVE_POLL 1
| #define HAVE_READLINK 1
| #define HAVE_STRLCAT 1
| #define HAVE_REALLOCARRAY 1
| #define HAVE_REALPATH 1
| #define HAVE_STRLCAT 1
| #define HAVE_STRLCPY 1
| #define HAVE_ERR_H 1
| #define HAVE_FLOAT_H 1
| #define X_GZIP_FONT_COMPRESSION 1
| #define XFONT_BUILTINS 1
| #define XFONT_PCFFORMAT 1
| #define XFONT_BDFFORMAT 1
| #define XFONT_BITMAP 1
| #define XFONT_FONTFILE 1
| #define XFONT_FC 1
| #define UNIXCONN 1
| #define TCPCONN 1
| #define IPv6 1
| /* end confdefs.h.  */
| 
| #include <sys/types.h>
| #include <sys/socket.h>
| #include <netinet/in.h>
| 
| 
| int
| main (void)
| {
| static struct sockaddr_in ac_aggr;
| if (sizeof ac_aggr.sin_len)
| return 0;
|   ;
|   return 0;
| }
configure:22045: result: no
configure:22060: checking for socklen_t
configure:22060: /home/kyle/Development/Fiwix/tools/musl-gcc64.sh -c -O2 -I/home/kyle/Development/Fiwix/.build/x11-prefix/include conftest.c >&5
configure:22060: $? = 0
configure:22060: /home/kyle/Development/Fiwix/tools/musl-gcc64.sh -c -O2 -I/home/kyle/Development/Fiwix/.build/x11-prefix/include conftest.c >&5
conftest.c: In function 'main':
conftest.c:100:24: error: expected expression before ')' token
  100 | if (sizeof ((socklen_t)))
      |                        ^
configure:22060: $? = 1
configure: failed program was:
| /* confdefs.h */
| #define PACKAGE_NAME "libXfont2"
| #define PACKAGE_TARNAME "libXfont2"
| #define PACKAGE_VERSION "2.0.7"
| #define PACKAGE_STRING "libXfont2 2.0.7"
| #define PACKAGE_BUGREPORT "https://gitlab.freedesktop.org/xorg/lib/libxfont/-/issues"
| #define PACKAGE_URL ""
| #define PACKAGE "libXfont2"
| #define VERSION "2.0.7"
| #define HAVE_STDIO_H 1
| #define HAVE_STDLIB_H 1
| #define HAVE_STRING_H 1
| #define HAVE_INTTYPES_H 1
| #define HAVE_STDINT_H 1
| #define HAVE_STRINGS_H 1
| #define HAVE_SYS_STAT_H 1
| #define HAVE_SYS_TYPES_H 1
| #define HAVE_UNISTD_H 1
| #define HAVE_WCHAR_H 1
| #define STDC_HEADERS 1
| #define _ALL_SOURCE 1
| #define _DARWIN_C_SOURCE 1
| #define _GNU_SOURCE 1
| #define _HPUX_ALT_XOPEN_SOCKET_API 1
| #define _NETBSD_SOURCE 1
| #define _OPENBSD_SOURCE 1
| #define _POSIX_PTHREAD_SEMANTICS 1
| #define __STDC_WANT_IEC_60559_ATTRIBS_EXT__ 1
| #define __STDC_WANT_IEC_60559_BFP_EXT__ 1
| #define __STDC_WANT_IEC_60559_DFP_EXT__ 1
| #define __STDC_WANT_IEC_60559_EXT__ 1
| #define __STDC_WANT_IEC_60559_FUNCS_EXT__ 1
| #define __STDC_WANT_IEC_60559_TYPES_EXT__ 1
| #define __STDC_WANT_LIB_EXT2__ 1
| #define __STDC_WANT_MATH_SPEC_FUNCS__ 1
| #define _TANDEM_SOURCE 1
| #define __EXTENSIONS__ 1
| #define HAVE_DLFCN_H 1
| #define LT_OBJDIR ".libs/"
| #define PACKAGE_VERSION_MAJOR 2
| #define PACKAGE_VERSION_MINOR 0
| #define PACKAGE_VERSION_PATCHLEVEL 7
| #define HAVE_ENDIAN_H 1
| #define HAVE_POLL_H 1
| #define HAVE_SYS_POLL_H 1
| #define HAVE_POLL 1
| #define HAVE_READLINK 1
| #define HAVE_STRLCAT 1
| #define HAVE_REALLOCARRAY 1
| #define HAVE_REALPATH 1
| #define HAVE_STRLCAT 1
| #define HAVE_STRLCPY 1
| #define HAVE_ERR_H 1
| #define HAVE_FLOAT_H 1
| #define X_GZIP_FONT_COMPRESSION 1
| #define XFONT_BUILTINS 1
| #define XFONT_PCFFORMAT 1
| #define XFONT_BDFFORMAT 1
| #define XFONT_BITMAP 1
| #define XFONT_FONTFILE 1
| #define XFONT_FC 1
| #define UNIXCONN 1
| #define TCPCONN 1
| #define IPv6 1
| /* end confdefs.h.  */
| 
| #include <stddef.h>
| #ifdef HAVE_STDIO_H
| # include <stdio.h>
| #endif
| #ifdef HAVE_STDLIB_H
| # include <stdlib.h>
| #endif
| #ifdef HAVE_STRING_H
| # include <string.h>
| #endif
| #ifdef HAVE_INTTYPES_H
| # include <inttypes.h>
| #endif
| #ifdef HAVE_STDINT_H
| # include <stdint.h>
| #endif
| #ifdef HAVE_STRINGS_H
| # include <strings.h>
| #endif
| #ifdef HAVE_SYS_TYPES_H
| # include <sys/types.h>
| #endif
| #ifdef HAVE_SYS_STAT_H
| # include <sys/stat.h>
| #endif
| #ifdef HAVE_UNISTD_H
| # include <unistd.h>
| #endif
| #include <sys/socket.h>
| 
| int
| main (void)
| {
| if (sizeof ((socklen_t)))
| 	    return 0;
|   ;
|   return 0;
| }
configure:22060: result: yes
configure:22075: checking for struct msghdr.msg_control
configure:22075: /home/kyle/Development/Fiwix/tools/musl-gcc64.sh -c -O2 -I/home/kyle/Development/Fiwix/.build/x11-prefix/include conftest.c >&5
configure:22075: $? = 0
configure:22075: result: yes
configure:22142: checking if Xtrans should support os-specific local connections
configure:22144: result: no
configure:22153: checking for strcasecmp
configure:22153: /home/kyle/Development/Fiwix/tools/musl-gcc64.sh -o conftest -O2 -I/home/kyle/Development/Fiwix/.build/x11-prefix/include -L/home/kyle/Development/Fiwix/.build/x11-prefix/lib conftest.c  >&5
conftest.c:83:6: warning: conflicting types for built-in function 'strcasecmp'; expected 'int(const char *, const char *)' [-Wbuiltin-declaration-mismatch]
   83 | char strcasecmp (void);
      |      ^~~~~~~~~~
configure:22153: $? = 0
configure:22153: result: yes
configure:22159: checking for strlcpy
configure:22159: result: yes
configure:22190: /home/kyle/Development/Fiwix/tools/musl-gcc64.sh -c -O2 -fvisibility=hidden -I/home/kyle/Development/Fiwix/.build/x11-prefix/include conftest.c >&5
configure:22190: $? = 0
configure:22303: checking that generated files are newer than configure
configure:22309: result: done
configure:22410: creating ./config.status

## ---------------------- ##
## Running config.status. ##
## ---------------------- ##

This file was extended by libXfont2 config.status 2.0.7, which was
generated by GNU Autoconf 2.72.  Invocation command line was

  CONFIG_FILES    = 
  CONFIG_HEADERS  = 
  CONFIG_LINKS    = 
  CONFIG_COMMANDS = 
  $ ./config.status 

on T7810

config.status:1220: creating Makefile
config.status:1220: creating doc/Makefile
config.status:1220: creating xfont2.pc
config.status:1220: creating config.h
config.status:1449: executing depfiles commands
config.status:1526: cd .       && sed -e '/# am--include-marker/d' Makefile         | make -f - am--depfiles
config.status:1531: $? = 0
config.status:1449: executing libtool commands

## ---------------- ##
## Cache variables. ##
## ---------------- ##

ac_cv_build=x86_64-pc-linux-musl
ac_cv_c_compiler_gnu=yes
ac_cv_c_undeclared_builtin_options='none needed'
ac_cv_env_CC_set=set
ac_cv_env_CC_value=/home/kyle/Development/Fiwix/tools/musl-gcc64.sh
ac_cv_env_CFLAGS_set=set
ac_cv_env_CFLAGS_value=-O2
ac_cv_env_CPPFLAGS_set=set
ac_cv_env_CPPFLAGS_value=-I/home/kyle/Development/Fiwix/.build/x11-prefix/include
ac_cv_env_FOP_set=
ac_cv_env_FOP_value=
ac_cv_env_FREETYPE_CFLAGS_set=
ac_cv_env_FREETYPE_CFLAGS_value=
ac_cv_env_FREETYPE_LIBS_set=
ac_cv_env_FREETYPE_LIBS_value=
ac_cv_env_LDFLAGS_set=set
ac_cv_env_LDFLAGS_value=-L/home/kyle/Development/Fiwix/.build/x11-prefix/lib
ac_cv_env_LIBBSD_CFLAGS_set=
ac_cv_env_LIBBSD_CFLAGS_value=
ac_cv_env_LIBBSD_LIBS_set=
ac_cv_env_LIBBSD_LIBS_value=
ac_cv_env_LIBS_set=
ac_cv_env_LIBS_value=
ac_cv_env_LT_SYS_LIBRARY_PATH_set=
ac_cv_env_LT_SYS_LIBRARY_PATH_value=
ac_cv_env_PKG_CONFIG_LIBDIR_set=
ac_cv_env_PKG_CONFIG_LIBDIR_value=
ac_cv_env_PKG_CONFIG_PATH_set=set
ac_cv_env_PKG_CONFIG_PATH_value=/home/kyle/Development/Fiwix/.build/x11-prefix/lib/pkgconfig:/home/kyle/Development/Fiwix/.build/x11-prefix/share/pkgconfig
ac_cv_env_PKG_CONFIG_set=
ac_cv_env_PKG_CONFIG_value=
ac_cv_env_XFONT_CFLAGS_set=
ac_cv_env_XFONT_CFLAGS_value=
ac_cv_env_XFONT_LIBS_set=
ac_cv_env_XFONT_LIBS_value=
ac_cv_env_XMLTO_set=
ac_cv_env_XMLTO_value=
ac_cv_env_ZLIB_CFLAGS_set=
ac_cv_env_ZLIB_CFLAGS_value=
ac_cv_env_ZLIB_LIBS_set=
ac_cv_env_ZLIB_LIBS_value=
ac_cv_env_build_alias_set=
ac_cv_env_build_alias_value=
ac_cv_env_host_alias_set=
ac_cv_env_host_alias_value=
ac_cv_env_target_alias_set=
ac_cv_env_target_alias_value=
ac_cv_func_getaddrinfo=yes
ac_cv_func_poll=yes
ac_cv_func_readlink=yes
ac_cv_func_reallocarray=yes
ac_cv_func_realpath=yes
ac_cv_func_strcasecmp=yes
ac_cv_func_strlcat=yes
ac_cv_func_strlcpy=yes
ac_cv_have_decl___INTEL_COMPILER=no
ac_cv_have_decl___SUNPRO_C=no
ac_cv_have_decl___clang__=no
ac_cv_header_dlfcn_h=yes
ac_cv_header_endian_h=yes
ac_cv_header_err_h=yes
ac_cv_header_float_h=yes
ac_cv_header_inttypes_h=yes
ac_cv_header_minix_config_h=no
ac_cv_header_poll_h=yes
ac_cv_header_stdint_h=yes
ac_cv_header_stdio_h=yes
ac_cv_header_stdlib_h=yes
ac_cv_header_string_h=yes
ac_cv_header_strings_h=yes
ac_cv_header_sys_poll_h=yes
ac_cv_header_sys_stat_h=yes
ac_cv_header_sys_types_h=yes
ac_cv_header_unistd_h=yes
ac_cv_header_wchar_h=yes
ac_cv_host=x86_64-pc-linux-musl
ac_cv_lib_m_hypot=yes
ac_cv_member_struct_msghdr_msg_control=yes
ac_cv_member_struct_sockaddr_in_sin_len=no
ac_cv_objext=o
ac_cv_path_EGREP='/usr/bin/grep -E'
ac_cv_path_EGREP_TRADITIONAL='/usr/bin/grep -E'
ac_cv_path_FGREP='/usr/bin/grep -F'
ac_cv_path_GREP=/usr/bin/grep
ac_cv_path_SED=/usr/bin/sed
ac_cv_path_ac_pt_PKG_CONFIG=/usr/bin/pkg-config
ac_cv_path_install='/usr/bin/install -c'
ac_cv_path_lt_DD=/usr/bin/dd
ac_cv_path_mkdir=/usr/bin/mkdir
ac_cv_prog_AWK=mawk
ac_cv_prog_ac_ct_AR=ar
ac_cv_prog_ac_ct_CC=/home/kyle/Development/Fiwix/tools/musl-gcc64.sh
ac_cv_prog_ac_ct_FILECMD=file
ac_cv_prog_ac_ct_MANIFEST_TOOL=mt
ac_cv_prog_ac_ct_OBJDUMP=objdump
ac_cv_prog_ac_ct_RANLIB=ranlib
ac_cv_prog_ac_ct_STRIP=strip
ac_cv_prog_cc_c11=
ac_cv_prog_cc_g=yes
ac_cv_prog_cc_stdc=
ac_cv_prog_make_make_set=yes
ac_cv_safe_to_define___extensions__=yes
ac_cv_search_gethostbyname='none required'
ac_cv_search_socket='none required'
ac_cv_should_define__xopen_source=no
ac_cv_sys_largefile_opts='none needed'
ac_cv_type_socklen_t=yes
am_cv_CC_dependencies_compiler_type=gcc3
am_cv_filesystem_timestamp_resolution=0.01
am_cv_make_support_nested_variables=yes
am_cv_prog_cc_c_o=yes
am_cv_sleep_fractional_seconds=yes
am_cv_xargs_n_works=yes
lt_cv_ar_at_file=@
lt_cv_deplibs_check_method=pass_all
lt_cv_file_magic_cmd='$MAGIC_CMD'
lt_cv_file_magic_test_file=
lt_cv_ld_reload_flag=-r
lt_cv_nm_interface='BSD nm'
lt_cv_objdir=.libs
lt_cv_path_LD=/usr/bin/ld
lt_cv_path_NM='/usr/bin/nm -B'
lt_cv_path_mainfest_tool=no
lt_cv_prog_compiler_c_o=yes
lt_cv_prog_compiler_pic='-fPIC -DPIC'
lt_cv_prog_compiler_pic_works=yes
lt_cv_prog_compiler_rtti_exceptions=no
lt_cv_prog_compiler_static_works=yes
lt_cv_prog_gnu_ld=yes
lt_cv_sharedlib_from_linklib_cmd='printf %s\n'
lt_cv_shlibpath_overrides_runpath=no
lt_cv_sys_global_symbol_pipe='/usr/bin/sed -n -e '\''s/^.*[	 ]\([ABCDGIRSTW][ABCDGIRSTW]*\)[	 ][	 ]*\([_A-Za-z][_A-Za-z0-9]*\)$/\1 \2 \2/p'\'' | /usr/bin/sed '\''/ __gnu_lto/d'\'''
lt_cv_sys_global_symbol_to_c_name_address='/usr/bin/sed -n -e '\''s/^: \(.*\) .*$/  {"\1", (void *) 0},/p'\'' -e '\''s/^[ABCDGIRSTW][ABCDGIRSTW]* .* \(.*\)$/  {"\1", (void *) \&\1},/p'\'''
lt_cv_sys_global_symbol_to_c_name_address_lib_prefix='/usr/bin/sed -n -e '\''s/^: \(.*\) .*$/  {"\1", (void *) 0},/p'\'' -e '\''s/^[ABCDGIRSTW][ABCDGIRSTW]* .* \(lib.*\)$/  {"\1", (void *) \&\1},/p'\'' -e '\''s/^[ABCDGIRSTW][ABCDGIRSTW]* .* \(.*\)$/  {"lib\1", (void *) \&\1},/p'\'''
lt_cv_sys_global_symbol_to_cdecl='/usr/bin/sed -n -e '\''s/^T .* \(.*\)$/extern int \1();/p'\'' -e '\''s/^[ABCDGIRSTW][ABCDGIRSTW]* .* \(.*\)$/extern char \1;/p'\'''
lt_cv_sys_global_symbol_to_import=
lt_cv_sys_max_cmd_len=1572864
lt_cv_to_host_file_cmd=func_convert_file_noop
lt_cv_to_tool_file_cmd=func_convert_file_noop
lt_cv_truncate_bin='/usr/bin/dd bs=4096 count=1'
pkg_cv_XFONT_CFLAGS='-I/home/kyle/Development/Fiwix/.build/x11-prefix/include -D_DEFAULT_SOURCE -D_BSD_SOURCE -DHAS_FCHOWN -DHAS_STICKY_DIR_BIT '
pkg_cv_XFONT_LIBS='-L/home/kyle/Development/Fiwix/.build/x11-prefix/lib -lfontenc '
pkg_cv_ZLIB_CFLAGS='-I/home/kyle/Development/Fiwix/.build/x11-prefix/include '
pkg_cv_ZLIB_LIBS='-L/home/kyle/Development/Fiwix/.build/x11-prefix/lib -lz '
xorg_cv_cc_flag__Wall=yes
xorg_cv_cc_flag__Wbad_function_cast=yes
xorg_cv_cc_flag__Wdeclaration_after_statement=yes
xorg_cv_cc_flag__Werror=yes
xorg_cv_cc_flag__Werror_address=yes
xorg_cv_cc_flag__Werror_array_bounds=yes
xorg_cv_cc_flag__Werror_attributes=yes
xorg_cv_cc_flag__Werror_implicit=yes
xorg_cv_cc_flag__Werror_init_self=yes
xorg_cv_cc_flag__Werror_int_to_pointer_cast=yes
xorg_cv_cc_flag__Werror_main=yes
xorg_cv_cc_flag__Werror_missing_braces=yes
xorg_cv_cc_flag__Werror_nonnull=yes
xorg_cv_cc_flag__Werror_pointer_to_int_cast=yes
xorg_cv_cc_flag__Werror_return_type=yes
xorg_cv_cc_flag__Werror_sequence_point=yes
xorg_cv_cc_flag__Werror_trigraphs=yes
xorg_cv_cc_flag__Werror_write_strings=yes
xorg_cv_cc_flag__Wformat_2=yes
xorg_cv_cc_flag__Wlogical_op=yes
xorg_cv_cc_flag__Wmissing_declarations=yes
xorg_cv_cc_flag__Wmissing_format_attribute=yes
xorg_cv_cc_flag__Wmissing_noreturn=yes
xorg_cv_cc_flag__Wmissing_prototypes=yes
xorg_cv_cc_flag__Wnested_externs=yes
xorg_cv_cc_flag__Wold_style_definition=yes
xorg_cv_cc_flag__Wpointer_arith=yes
xorg_cv_cc_flag__Wredundant_decls=yes
xorg_cv_cc_flag__Wshadow=yes
xorg_cv_cc_flag__Wstrict_prototypes=yes
xorg_cv_cc_flag__Wuninitialized=yes
xorg_cv_cc_flag__Wunused=yes
xorg_cv_cc_flag__pedantic=yes
xorg_cv_cc_flag_unknown_warning_option=no
xorg_cv_cc_flag_unused_command_line_argument=no

## ----------------- ##
## Output variables. ##
## ----------------- ##

ACLOCAL='${SHELL} '\''/home/kyle/Development/Fiwix/third_party/x11/libXfont2/missing'\'' aclocal-1.17'
ADMIN_MAN_DIR='$(mandir)/man$(ADMIN_MAN_SUFFIX)'
ADMIN_MAN_SUFFIX='8'
AMDEPBACKSLASH='\'
AMDEP_FALSE='#'
AMDEP_TRUE=''
AMTAR='$${TAR-tar}'
AM_BACKSLASH='\'
AM_DEFAULT_V='$(AM_DEFAULT_VERBOSITY)'
AM_DEFAULT_VERBOSITY='0'
AM_V='$(V)'
APP_MAN_DIR='$(mandir)/man$(APP_MAN_SUFFIX)'
APP_MAN_SUFFIX='1'
AR='ar'
AUTOCONF='${SHELL} '\''/home/kyle/Development/Fiwix/third_party/x11/libXfont2/missing'\'' autoconf'
AUTOHEADER='${SHELL} '\''/home/kyle/Development/Fiwix/third_party/x11/libXfont2/missing'\'' autoheader'
AUTOMAKE='${SHELL} '\''/home/kyle/Development/Fiwix/third_party/x11/libXfont2/missing'\'' automake-1.17'
AWK='mawk'
BASE_CFLAGS=' -Wall -Wpointer-arith -Wmissing-declarations -Wformat=2 -Wstrict-prototypes -Wmissing-prototypes -Wnested-externs -Wbad-function-cast -Wold-style-definition -Wdeclaration-after-statement -Wunused -Wuninitialized -Wshadow -Wmissing-noreturn -Wmissing-format-attribute -Wredundant-decls -Wlogical-op -Werror=implicit -Werror=nonnull -Werror=init-self -Werror=main -Werror=missing-braces -Werror=sequence-point -Werror=return-type -Werror=trigraphs -Werror=array-bounds -Werror=write-strings -Werror=address -Werror=int-to-pointer-cast -Werror=pointer-to-int-cast'
CC='/home/kyle/Development/Fiwix/tools/musl-gcc64.sh'
CCDEPMODE='depmode=gcc3'
CFLAGS='-O2'
CHANGELOG_CMD='((GIT_DIR=$(top_srcdir)/.git git log > $(top_srcdir)/.changelog.tmp) 2>/dev/null && mv $(top_srcdir)/.changelog.tmp $(top_srcdir)/ChangeLog) || (rm -f $(top_srcdir)/.changelog.tmp; test -e $(top_srcdir)/ChangeLog || ( touch $(top_srcdir)/ChangeLog; echo '\''git failed to create ChangeLog: installing empty ChangeLog.'\'' >&2))'
CPPFLAGS='-I/home/kyle/Development/Fiwix/.build/x11-prefix/include'
CSCOPE='cscope'
CTAGS='ctags'
CWARNFLAGS=' -Wall -Wpointer-arith -Wmissing-declarations -Wformat=2 -Wstrict-prototypes -Wmissing-prototypes -Wnested-externs -Wbad-function-cast -Wold-style-definition -Wdeclaration-after-statement -Wunused -Wuninitialized -Wshadow -Wmissing-noreturn -Wmissing-format-attribute -Wredundant-decls -Wlogical-op -Werror=implicit -Werror=nonnull -Werror=init-self -Werror=main -Werror=missing-braces -Werror=sequence-point -Werror=return-type -Werror=trigraphs -Werror=array-bounds -Werror=write-strings -Werror=address -Werror=int-to-pointer-cast -Werror=pointer-to-int-cast -fno-strict-aliasing'
CYGPATH_W='echo'
DEFS='-DHAVE_CONFIG_H'
DEPDIR='.deps'
DLLTOOL='false'
DRIVER_MAN_DIR='$(mandir)/man$(DRIVER_MAN_SUFFIX)'
DRIVER_MAN_SUFFIX='4'
DSYMUTIL=''
DUMPBIN=''
ECHO_C=''
ECHO_N='-n'
ECHO_T=''
EGREP='/usr/bin/grep -E'
ENABLE_DEVEL_DOCS_FALSE='#'
ENABLE_DEVEL_DOCS_TRUE=''
ETAGS='etags'
EXEEXT=''
FGREP='/usr/bin/grep -F'
FILECMD='file'
FILE_MAN_DIR='$(mandir)/man$(FILE_MAN_SUFFIX)'
FILE_MAN_SUFFIX='5'
FOP=''
FREETYPE_CFLAGS=''
FREETYPE_LIBS=''
FREETYPE_REQUIRES=''
GREP='/usr/bin/grep'
HAVE_FOP_FALSE=''
HAVE_FOP_TRUE='#'
HAVE_STYLESHEETS_FALSE='#'
HAVE_STYLESHEETS_TRUE=''
HAVE_XMLTO_FALSE=''
HAVE_XMLTO_TEXT_FALSE=''
HAVE_XMLTO_TEXT_TRUE='#'
HAVE_XMLTO_TRUE='#'
INSTALL_CMD='(cp -f /home/kyle/Development/Fiwix/.build/x11-prefix/share/util-macros/INSTALL $(top_srcdir)/.INSTALL.tmp && mv $(top_srcdir)/.INSTALL.tmp $(top_srcdir)/INSTALL) || (rm -f $(top_srcdir)/.INSTALL.tmp; test -e $(top_srcdir)/INSTALL || ( touch $(top_srcdir)/INSTALL; echo '\''failed to copy INSTALL from util-macros: installing empty INSTALL.'\'' >&2))'
INSTALL_DATA='${INSTALL} -m 644'
INSTALL_PROGRAM='${INSTALL}'
INSTALL_SCRIPT='${INSTALL}'
INSTALL_STRIP_PROGRAM='$(install_sh) -c -s'
LD='/usr/bin/ld -m elf_x86_64'
LDFLAGS='-L/home/kyle/Development/Fiwix/.build/x11-prefix/lib'
LIBBSD_CFLAGS=''
LIBBSD_LIBS=''
LIBOBJS=''
LIBS=''
LIBTOOL='$(SHELL) $(top_builddir)/libtool'
LIB_MAN_DIR='$(mandir)/man$(LIB_MAN_SUFFIX)'
LIB_MAN_SUFFIX='3'
LIPO=''
LN_S='ln -s'
LTLIBOBJS=''
LT_SYS_LIBRARY_PATH=''
MAKEINFO='${SHELL} '\''/home/kyle/Development/Fiwix/third_party/x11/libXfont2/missing'\'' makeinfo'
MANIFEST_TOOL=':'
MAN_SUBSTS='	-e '\''s|__vendorversion__|"$(PACKAGE_STRING)" "$(XORG_MAN_PAGE)"|'\'' 	-e '\''s|__xorgversion__|"$(PACKAGE_STRING)" "$(XORG_MAN_PAGE)"|'\'' 	-e '\''s|__xservername__|Xorg|g'\'' 	-e '\''s|__xconfigfile__|xorg.conf|g'\'' 	-e '\''s|__projectroot__|$(prefix)|g'\'' 	-e '\''s|__apploaddir__|$(appdefaultdir)|g'\'' 	-e '\''s|__appmansuffix__|$(APP_MAN_SUFFIX)|g'\'' 	-e '\''s|__drivermansuffix__|$(DRIVER_MAN_SUFFIX)|g'\'' 	-e '\''s|__adminmansuffix__|$(ADMIN_MAN_SUFFIX)|g'\'' 	-e '\''s|__libmansuffix__|$(LIB_MAN_SUFFIX)|g'\'' 	-e '\''s|__miscmansuffix__|$(MISC_MAN_SUFFIX)|g'\'' 	-e '\''s|__filemansuffix__|$(FILE_MAN_SUFFIX)|g'\'''
MATH_LIBS='-lm'
MISC_MAN_DIR='$(mandir)/man$(MISC_MAN_SUFFIX)'
MISC_MAN_SUFFIX='7'
MKDIR_P='/usr/bin/mkdir -p'
NM='/usr/bin/nm -B'
NMEDIT=''
OBJDUMP='objdump'
OBJEXT='o'
OS_CFLAGS='-D_XOPEN_SOURCE -fvisibility=hidden'
OTOOL64=''
OTOOL=''
PACKAGE='libXfont2'
PACKAGE_BUGREPORT='https://gitlab.freedesktop.org/xorg/lib/libxfont/-/issues'
PACKAGE_NAME='libXfont2'
PACKAGE_STRING='libXfont2 2.0.7'
PACKAGE_TARNAME='libXfont2'
PACKAGE_URL=''
PACKAGE_VERSION='2.0.7'
PATH_SEPARATOR=':'
PKG_CONFIG='/usr/bin/pkg-config'
PKG_CONFIG_LIBDIR=''
PKG_CONFIG_PATH='/home/kyle/Development/Fiwix/.build/x11-prefix/lib/pkgconfig:/home/kyle/Development/Fiwix/.build/x11-prefix/share/pkgconfig'
RANLIB='ranlib'
SED='/usr/bin/sed'
SET_MAKE=''
SHELL='/bin/bash'
STRICT_CFLAGS=' -pedantic -Werror -Werror=attributes'
STRIP='strip'
STYLESHEET_SRCDIR='/usr/share/sgml/X11'
VERSION='2.0.7'
XFONT_BDFFORMAT_FALSE='#'
XFONT_BDFFORMAT_TRUE=''
XFONT_BITMAP_FALSE='#'
XFONT_BITMAP_TRUE=''
XFONT_BUILTINS_FALSE='#'
XFONT_BUILTINS_TRUE=''
XFONT_CFLAGS='-I/home/kyle/Development/Fiwix/.build/x11-prefix/include -D_DEFAULT_SOURCE -D_BSD_SOURCE -DHAS_FCHOWN -DHAS_STICKY_DIR_BIT '
XFONT_FC_FALSE='#'
XFONT_FC_TRUE=''
XFONT_FONTFILE_FALSE='#'
XFONT_FONTFILE_TRUE=''
XFONT_FREETYPE_FALSE=''
XFONT_FREETYPE_TRUE='#'
XFONT_LIBS='-L/home/kyle/Development/Fiwix/.build/x11-prefix/lib -lfontenc '
XFONT_PCFFORMAT_FALSE='#'
XFONT_PCFFORMAT_TRUE=''
XFONT_PCF_OR_BUILTIN_FALSE='#'
XFONT_PCF_OR_BUILTIN_TRUE=''
XFONT_SNFFORMAT_FALSE=''
XFONT_SNFFORMAT_TRUE='#'
XMLTO=''
XORG_MAN_PAGE='X Version 11'
XORG_SGML_PATH='/usr/share/sgml'
XSL_STYLESHEET='/usr/share/sgml/X11/xorg.xsl'
X_BZIP2_FONT_COMPRESSION_FALSE=''
X_BZIP2_FONT_COMPRESSION_TRUE='#'
X_GZIP_FONT_COMPRESSION='1'
ZLIB_CFLAGS='-I/home/kyle/Development/Fiwix/.build/x11-prefix/include '
ZLIB_LIBS='-L/home/kyle/Development/Fiwix/.build/x11-prefix/lib -lz '
Z_LIBS=''
Z_REQUIRES='zlib'
ac_ct_AR='ar'
ac_ct_CC='/home/kyle/Development/Fiwix/tools/musl-gcc64.sh'
ac_ct_DUMPBIN=''
am__EXEEXT_FALSE=''
am__EXEEXT_TRUE='#'
am__fastdepCC_FALSE='#'
am__fastdepCC_TRUE=''
am__include='include'
am__isrc=''
am__leading_dot='.'
am__nodep='_no'
am__quote=''
am__rm_f_notfound=''
am__tar='$${TAR-tar} chof - "$$tardir"'
am__untar='$${TAR-tar} xf -'
am__xargs_n='xargs -n'
bindir='${exec_prefix}/bin'
build='x86_64-pc-linux-musl'
build_alias=''
build_cpu='x86_64'
build_os='linux-musl'
build_vendor='pc'
datadir='${datarootdir}'
datarootdir='${prefix}/share'
docdir='${datarootdir}/doc/${PACKAGE_TARNAME}'
dvidir='${docdir}'
exec_prefix='${prefix}'
ft_config=''
host='x86_64-pc-linux-musl'
host_alias=''
host_cpu='x86_64'
host_os='linux-musl'
host_vendor='pc'
htmldir='${docdir}'
includedir='${prefix}/include'
infodir='${datarootdir}/info'
install_sh='${SHELL} /home/kyle/Development/Fiwix/third_party/x11/libXfont2/install-sh'
libdir='${exec_prefix}/lib'
libexecdir='${exec_prefix}/libexec'
localedir='${datarootdir}/locale'
localstatedir='${prefix}/var'
mandir='${datarootdir}/man'
mkdir_p='$(MKDIR_P)'
oldincludedir='/usr/include'
pdfdir='${docdir}'
prefix='/home/kyle/Development/Fiwix/.build/x11-prefix'
program_transform_name='s,x,x,'
psdir='${docdir}'
runstatedir='${localstatedir}/run'
sbindir='${exec_prefix}/sbin'
sharedstatedir='${prefix}/com'
sysconfdir='${prefix}/etc'
target_alias=''

## ----------- ##
## confdefs.h. ##
## ----------- ##

/* confdefs.h */
#define PACKAGE_NAME "libXfont2"
#define PACKAGE_TARNAME "libXfont2"
#define PACKAGE_VERSION "2.0.7"
#define PACKAGE_STRING "libXfont2 2.0.7"
#define PACKAGE_BUGREPORT "https://gitlab.freedesktop.org/xorg/lib/libxfont/-/issues"
#define PACKAGE_URL ""
#define PACKAGE "libXfont2"
#define VERSION "2.0.7"
#define HAVE_STDIO_H 1
#define HAVE_STDLIB_H 1
#define HAVE_STRING_H 1
#define HAVE_INTTYPES_H 1
#define HAVE_STDINT_H 1
#define HAVE_STRINGS_H 1
#define HAVE_SYS_STAT_H 1
#define HAVE_SYS_TYPES_H 1
#define HAVE_UNISTD_H 1
#define HAVE_WCHAR_H 1
#define STDC_HEADERS 1
#define _ALL_SOURCE 1
#define _DARWIN_C_SOURCE 1
#define _GNU_SOURCE 1
#define _HPUX_ALT_XOPEN_SOCKET_API 1
#define _NETBSD_SOURCE 1
#define _OPENBSD_SOURCE 1
#define _POSIX_PTHREAD_SEMANTICS 1
#define __STDC_WANT_IEC_60559_ATTRIBS_EXT__ 1
#define __STDC_WANT_IEC_60559_BFP_EXT__ 1
#define __STDC_WANT_IEC_60559_DFP_EXT__ 1
#define __STDC_WANT_IEC_60559_EXT__ 1
#define __STDC_WANT_IEC_60559_FUNCS_EXT__ 1
#define __STDC_WANT_IEC_60559_TYPES_EXT__ 1
#define __STDC_WANT_LIB_EXT2__ 1
#define __STDC_WANT_MATH_SPEC_FUNCS__ 1
#define _TANDEM_SOURCE 1
#define __EXTENSIONS__ 1
#define HAVE_DLFCN_H 1
#define LT_OBJDIR ".libs/"
#define PACKAGE_VERSION_MAJOR 2
#define PACKAGE_VERSION_MINOR 0
#define PACKAGE_VERSION_PATCHLEVEL 7
#define HAVE_ENDIAN_H 1
#define HAVE_POLL_H 1
#define HAVE_SYS_POLL_H 1
#define HAVE_POLL 1
#define HAVE_READLINK 1
#define HAVE_STRLCAT 1
#define HAVE_REALLOCARRAY 1
#define HAVE_REALPATH 1
#define HAVE_STRLCAT 1
#define HAVE_STRLCPY 1
#define HAVE_ERR_H 1
#define HAVE_FLOAT_H 1
#define X_GZIP_FONT_COMPRESSION 1
#define XFONT_BUILTINS 1
#define XFONT_PCFFORMAT 1
#define XFONT_BDFFORMAT 1
#define XFONT_BITMAP 1
#define XFONT_FONTFILE 1
#define XFONT_FC 1
#define UNIXCONN 1
#define TCPCONN 1
#define IPv6 1
#define HAVE_SOCKLEN_T 1
#define HAVE_STRCASECMP 1
#define HAVE_STRLCPY 1

configure: exit 0
