This file contains any messages produced by compilers while
running configure, to aid debugging if configure makes a mistake.

It was created by libfontenc configure 1.1.8, which was
generated by GNU Autoconf 2.72.  Invocation command line was

  $ ./configure --prefix=/home/kyle/Development/Fiwix/.build/x11-prefix --disable-shared --enable-static

## --------- ##
## Platform. ##
## --------- ##

hostname = T7810
uname -m = x86_64
uname -r = 6.12.90+deb13.1-amd64
uname -s = Linux
uname -v = #1 SMP PREEMPT_DYNAMIC Debian 6.12.90-2 (2026-05-27)

/usr/bin/uname -p = unknown
/bin/uname -X     = unknown

/bin/arch              = x86_64
/usr/bin/arch -k       = unknown
/usr/convex/getsysinfo = unknown
/usr/bin/hostinfo      = unknown
/bin/machine           = unknown
/usr/bin/oslevel       = unknown
/bin/universe          = unknown

PATH: /home/kyle/.local/bin/
PATH: /home/kyle/.kimi-code/bin/
PATH: /home/kyle/.local/share/pi-node/node-v22.23.2-linux-x64/bin/
PATH: /usr/local/bin/
PATH: /usr/bin/
PATH: /bin/
PATH: /usr/local/games/
PATH: /usr/games/
PATH: /home/kyle/.lmstudio/bin/


## ----------- ##
## Core tests. ##
## ----------- ##

configure:2496: looking for aux files: config.guess config.sub ltmain.sh missing install-sh compile
configure:2509:  trying ./
configure:2538:   ./config.guess found
configure:2538:   ./config.sub found
configure:2538:   ./ltmain.sh found
configure:2538:   ./missing found
configure:2520:   ./install-sh found
configure:2538:   ./compile found
configure:2726: checking for gcc
configure:2759: result: /home/kyle/Development/Fiwix/tools/musl-gcc64.sh
configure:3118: checking for C compiler version
configure:3127: /home/kyle/Development/Fiwix/tools/musl-gcc64.sh --version >&5
gcc (Debian 14.2.0-19) 14.2.0
Copyright (C) 2024 Free Software Foundation, Inc.
This is free software; see the source for copying conditions.  There is NO
warranty; not even for MERCHANTABILITY or FITNESS FOR A PARTICULAR PURPOSE.

configure:3138: $? = 0
configure:3127: /home/kyle/Development/Fiwix/tools/musl-gcc64.sh -v >&5
Using built-in specs.
Reading specs from /home/kyle/Development/Fiwix/.build/musl64/lib/musl-gcc.specs
rename spec cpp_options to old_cpp_options
COLLECT_GCC=gcc
COLLECT_LTO_WRAPPER=/usr/libexec/gcc/x86_64-linux-gnu/14/lto-wrapper
OFFLOAD_TARGET_NAMES=nvptx-none:amdgcn-amdhsa
OFFLOAD_TARGET_DEFAULT=1
Target: x86_64-linux-gnu
Configured with: ../src/configure -v --with-pkgversion='Debian 14.2.0-19' --with-bugurl=file:///usr/share/doc/gcc-14/README.Bugs --enable-languages=c,ada,c++,go,d,fortran,objc,obj-c++,m2,rust --prefix=/usr --with-gcc-major-version-only --program-suffix=-14 --program-prefix=x86_64-linux-gnu- --enable-shared --enable-linker-build-id --libexecdir=/usr/libexec --without-included-gettext --enable-threads=posix --libdir=/usr/lib --enable-nls --enable-bootstrap --enable-clocale=gnu --enable-libstdcxx-debug --enable-libstdcxx-time=yes --with-default-libstdcxx-abi=new --enable-libstdcxx-backtrace --enable-gnu-unique-object --disable-vtable-verify --enable-plugin --enable-default-pie --with-system-zlib --enable-libphobos-checking=release --with-target-system-zlib=auto --enable-objc-gc=auto --enable-multiarch --disable-werror --enable-cet --with-arch-32=i686 --with-abi=m64 --with-multilib-list=m32,m64,mx32 --enable-multilib --with-tune=generic --enable-offload-targets=nvptx-none=/build/reproducible-path/gcc-14-14.2.0/debian/tmp-nvptx/usr,amdgcn-amdhsa=/build/reproducible-path/gcc-14-14.2.0/debian/tmp-gcn/usr --enable-offload-defaulted --without-cuda-driver --enable-checking=release --build=x86_64-linux-gnu --host=x86_64-linux-gnu --target=x86_64-linux-gnu --with-build-config=bootstrap-lto-lean --enable-link-serialization=3
Thread model: posix
... rest of stderr output deleted ...
configure:3138: $? = 0
configure:3127: /home/kyle/Development/Fiwix/tools/musl-gcc64.sh -V >&5
gcc: error: unrecognized command-line option '-V'
gcc: fatal error: no input files
compilation terminated.
configure:3138: $? = 1
configure:3127: /home/kyle/Development/Fiwix/tools/musl-gcc64.sh -qversion >&5
gcc: error: unrecognized command-line option '-qversion'; did you mean '--version'?
gcc: fatal error: no input files
compilation terminated.
configure:3138: $? = 1
configure:3127: /home/kyle/Development/Fiwix/tools/musl-gcc64.sh -version >&5
gcc: error: unrecognized command-line option '-version'
gcc: fatal error: no input files
compilation terminated.
configure:3138: $? = 1
configure:3158: checking whether the C compiler works
configure:3180: /home/kyle/Development/Fiwix/tools/musl-gcc64.sh -O2 -I/home/kyle/Development/Fiwix/.build/x11-prefix/include -L/home/kyle/Development/Fiwix/.build/x11-prefix/lib conftest.c  >&5
configure:3184: $? = 0
configure:3235: result: yes
configure:3239: checking for C compiler default output file name
configure:3241: result: a.out
configure:3247: checking for suffix of executables
configure:3254: /home/kyle/Development/Fiwix/tools/musl-gcc64.sh -o conftest -O2 -I/home/kyle/Development/Fiwix/.build/x11-prefix/include -L/home/kyle/Development/Fiwix/.build/x11-prefix/lib conftest.c  >&5
configure:3258: $? = 0
configure:3282: result: 
configure:3306: checking whether we are cross compiling
configure:3314: /home/kyle/Development/Fiwix/tools/musl-gcc64.sh -o conftest -O2 -I/home/kyle/Development/Fiwix/.build/x11-prefix/include -L/home/kyle/Development/Fiwix/.build/x11-prefix/lib conftest.c  >&5
configure:3318: $? = 0
configure:3325: ./conftest
configure:3329: $? = 0
configure:3344: result: no
configure:3350: checking for suffix of object files
configure:3373: /home/kyle/Development/Fiwix/tools/musl-gcc64.sh -c -O2 -I/home/kyle/Development/Fiwix/.build/x11-prefix/include conftest.c >&5
configure:3377: $? = 0
configure:3401: result: o
configure:3405: checking whether the compiler supports GNU C
configure:3425: /home/kyle/Development/Fiwix/tools/musl-gcc64.sh -c -O2 -I/home/kyle/Development/Fiwix/.build/x11-prefix/include conftest.c >&5
configure:3425: $? = 0
configure:3437: result: yes
configure:3448: checking whether /home/kyle/Development/Fiwix/tools/musl-gcc64.sh accepts -g
configure:3469: /home/kyle/Development/Fiwix/tools/musl-gcc64.sh -c -g -I/home/kyle/Development/Fiwix/.build/x11-prefix/include conftest.c >&5
configure:3469: $? = 0
configure:3516: result: yes
configure:3536: checking for /home/kyle/Development/Fiwix/tools/musl-gcc64.sh option to enable C11 features
configure:3551: /home/kyle/Development/Fiwix/tools/musl-gcc64.sh  -c -O2 -I/home/kyle/Development/Fiwix/.build/x11-prefix/include conftest.c >&5
configure:3551: $? = 0
configure:3570: result: none needed
configure:3694: checking whether /home/kyle/Development/Fiwix/tools/musl-gcc64.sh understands -c and -o together
configure:3717: /home/kyle/Development/Fiwix/tools/musl-gcc64.sh -c conftest.c -o conftest2.o
configure:3720: $? = 0
configure:3717: /home/kyle/Development/Fiwix/tools/musl-gcc64.sh -c conftest.c -o conftest2.o
configure:3720: $? = 0
configure:3733: result: yes
configure:3755: checking for stdio.h
configure:3755: /home/kyle/Development/Fiwix/tools/musl-gcc64.sh -c -O2 -I/home/kyle/Development/Fiwix/.build/x11-prefix/include conftest.c >&5
configure:3755: $? = 0
configure:3755: result: yes
configure:3755: checking for stdlib.h
configure:3755: /home/kyle/Development/Fiwix/tools/musl-gcc64.sh -c -O2 -I/home/kyle/Development/Fiwix/.build/x11-prefix/include conftest.c >&5
configure:3755: $? = 0
configure:3755: result: yes
configure:3755: checking for string.h
configure:3755: /home/kyle/Development/Fiwix/tools/musl-gcc64.sh -c -O2 -I/home/kyle/Development/Fiwix/.build/x11-prefix/include conftest.c >&5
configure:3755: $? = 0
configure:3755: result: yes
configure:3755: checking for inttypes.h
configure:3755: /home/kyle/Development/Fiwix/tools/musl-gcc64.sh -c -O2 -I/home/kyle/Development/Fiwix/.build/x11-prefix/include conftest.c >&5
configure:3755: $? = 0
configure:3755: result: yes
configure:3755: checking for stdint.h
configure:3755: /home/kyle/Development/Fiwix/tools/musl-gcc64.sh -c -O2 -I/home/kyle/Development/Fiwix/.build/x11-prefix/include conftest.c >&5
configure:3755: $? = 0
configure:3755: result: yes
configure:3755: checking for strings.h
configure:3755: /home/kyle/Development/Fiwix/tools/musl-gcc64.sh -c -O2 -I/home/kyle/Development/Fiwix/.build/x11-prefix/include conftest.c >&5
configure:3755: $? = 0
configure:3755: result: yes
configure:3755: checking for sys/stat.h
configure:3755: /home/kyle/Development/Fiwix/tools/musl-gcc64.sh -c -O2 -I/home/kyle/Development/Fiwix/.build/x11-prefix/include conftest.c >&5
configure:3755: $? = 0
configure:3755: result: yes
configure:3755: checking for sys/types.h
configure:3755: /home/kyle/Development/Fiwix/tools/musl-gcc64.sh -c -O2 -I/home/kyle/Development/Fiwix/.build/x11-prefix/include conftest.c >&5
configure:3755: $? = 0
configure:3755: result: yes
configure:3755: checking for unistd.h
configure:3755: /home/kyle/Development/Fiwix/tools/musl-gcc64.sh -c -O2 -I/home/kyle/Development/Fiwix/.build/x11-prefix/include conftest.c >&5
configure:3755: $? = 0
configure:3755: result: yes
configure:3755: checking for wchar.h
configure:3755: /home/kyle/Development/Fiwix/tools/musl-gcc64.sh -c -O2 -I/home/kyle/Development/Fiwix/.build/x11-prefix/include conftest.c >&5
configure:3755: $? = 0
configure:3755: result: yes
configure:3755: checking for minix/config.h
configure:3755: /home/kyle/Development/Fiwix/tools/musl-gcc64.sh -c -O2 -I/home/kyle/Development/Fiwix/.build/x11-prefix/include conftest.c >&5
conftest.c:47:10: fatal error: minix/config.h: No such file or directory
   47 | #include <minix/config.h>
      |          ^~~~~~~~~~~~~~~~
compilation terminated.
configure:3755: $? = 1
configure: failed program was:
| /* confdefs.h */
| #define PACKAGE_NAME "libfontenc"
| #define PACKAGE_TARNAME "libfontenc"
| #define PACKAGE_VERSION "1.1.8"
| #define PACKAGE_STRING "libfontenc 1.1.8"
| #define PACKAGE_BUGREPORT "https://gitlab.freedesktop.org/xorg/lib/libfontenc/-/issues"
| #define PACKAGE_URL ""
| #define HAVE_STDIO_H 1
| #define HAVE_STDLIB_H 1
| #define HAVE_STRING_H 1
| #define HAVE_INTTYPES_H 1
| #define HAVE_STDINT_H 1
| #define HAVE_STRINGS_H 1
| #define HAVE_SYS_STAT_H 1
| #define HAVE_SYS_TYPES_H 1
| #define HAVE_UNISTD_H 1
| #define HAVE_WCHAR_H 1
| /* end confdefs.h.  */
| #include <stddef.h>
| #ifdef HAVE_STDIO_H
| # include <stdio.h>
| #endif
| #ifdef HAVE_STDLIB_H
| # include <stdlib.h>
| #endif
| #ifdef HAVE_STRING_H
| # include <string.h>
| #endif
| #ifdef HAVE_INTTYPES_H
| # include <inttypes.h>
| #endif
| #ifdef HAVE_STDINT_H
| # include <stdint.h>
| #endif
| #ifdef HAVE_STRINGS_H
| # include <strings.h>
| #endif
| #ifdef HAVE_SYS_TYPES_H
| # include <sys/types.h>
| #endif
| #ifdef HAVE_SYS_STAT_H
| # include <sys/stat.h>
| #endif
| #ifdef HAVE_UNISTD_H
| # include <unistd.h>
| #endif
| #include <minix/config.h>
configure:3755: result: no
configure:3786: checking whether it is safe to define __EXTENSIONS__
configure:3805: /home/kyle/Development/Fiwix/tools/musl-gcc64.sh -c -O2 -I/home/kyle/Development/Fiwix/.build/x11-prefix/include conftest.c >&5
configure:3805: $? = 0
configure:3815: result: yes
configure:3818: checking whether _XOPEN_SOURCE should be defined
configure:3840: /home/kyle/Development/Fiwix/tools/musl-gcc64.sh -c -O2 -I/home/kyle/Development/Fiwix/.build/x11-prefix/include conftest.c >&5
configure:3840: $? = 0
configure:3869: result: no
configure:3947: checking for a BSD-compatible install
configure:4021: result: /usr/bin/install -c
configure:4032: checking whether build environment is sane
configure:4087: result: yes
configure:4244: checking for a race-free mkdir -p
configure:4287: result: /usr/bin/mkdir -p
configure:4294: checking for gawk
configure:4330: result: no
configure:4294: checking for mawk
configure:4315: found /usr/bin/mawk
configure:4327: result: mawk
configure:4338: checking whether make sets $(MAKE)
configure:4362: result: yes
configure:4384: checking whether make supports the include directive
configure:4399: make -f confmf.GNU && cat confinc.out
this is the am__doit target
configure:4402: $? = 0
configure:4421: result: yes (GNU style)
configure:4456: checking whether make supports nested variables
configure:4475: result: yes
configure:4556: checking dependency style of /home/kyle/Development/Fiwix/tools/musl-gcc64.sh
configure:4669: result: gcc3
configure:4775: checking build system type
configure:4791: result: x86_64-pc-linux-musl
configure:4811: checking host system type
configure:4826: result: x86_64-pc-linux-musl
configure:4867: checking how to print strings
configure:4894: result: printf
configure:4915: checking for a sed that does not truncate output
configure:4987: result: /usr/bin/sed
configure:5005: checking for grep that handles long lines and -e
configure:5071: result: /usr/bin/grep
configure:5076: checking for egrep
configure:5146: result: /usr/bin/grep -E
configure:5153: checking for fgrep
configure:5223: result: /usr/bin/grep -F
configure:5260: checking for ld used by /home/kyle/Development/Fiwix/tools/musl-gcc64.sh
configure:5329: result: /usr/bin/ld
configure:5336: checking if the linker (/usr/bin/ld) is GNU ld
configure:5353: result: yes
configure:5365: checking for BSD- or MS-compatible name lister (nm)
configure:5421: result: /usr/bin/nm -B
configure:5563: checking the name lister (/usr/bin/nm -B) interface
configure:5571: /home/kyle/Development/Fiwix/tools/musl-gcc64.sh -c -O2 -I/home/kyle/Development/Fiwix/.build/x11-prefix/include conftest.c >&5
configure:5574: /usr/bin/nm -B "conftest.o"
configure:5577: output
0000000000000000 B some_variable
configure:5585: result: BSD nm
configure:5588: checking whether ln -s works
configure:5592: result: yes
configure:5600: checking the maximum length of command line arguments
configure:5733: result: 1572864
configure:5781: checking how to convert x86_64-pc-linux-musl file names to x86_64-pc-linux-musl format
configure:5823: result: func_convert_file_noop
configure:5830: checking how to convert x86_64-pc-linux-musl file names to toolchain format
configure:5852: result: func_convert_file_noop
configure:5859: checking for /usr/bin/ld option to reload object files
configure:5868: result: -r
configure:5948: checking for file
configure:5969: found /usr/bin/file
configure:5981: result: file
configure:6058: checking for objdump
configure:6079: found /usr/bin/objdump
configure:6091: result: objdump
configure:6123: checking how to recognize dependent libraries
configure:6325: result: pass_all
configure:6416: checking for dlltool
configure:6452: result: no
configure:6482: checking how to associate runtime and link libraries
configure:6511: result: printf %s\n
configure:6577: checking for ar
configure:6598: found /usr/bin/ar
configure:6610: result: ar
configure:6663: checking for archiver @FILE support
configure:6681: /home/kyle/Development/Fiwix/tools/musl-gcc64.sh -c -O2 -I/home/kyle/Development/Fiwix/.build/x11-prefix/include conftest.c >&5
configure:6681: $? = 0
configure:6685: ar cr libconftest.a @conftest.lst >&5
configure:6688: $? = 0
configure:6693: ar cr libconftest.a @conftest.lst >&5
ar: conftest.o: No such file or directory
configure:6696: $? = 1
configure:6709: result: @
configure:6773: checking for strip
configure:6794: found /usr/bin/strip
configure:6806: result: strip
configure:6884: checking for ranlib
configure:6905: found /usr/bin/ranlib
configure:6917: result: ranlib
configure:7019: checking command to parse /usr/bin/nm -B output from /home/kyle/Development/Fiwix/tools/musl-gcc64.sh object
configure:7173: /home/kyle/Development/Fiwix/tools/musl-gcc64.sh -c -O2 -I/home/kyle/Development/Fiwix/.build/x11-prefix/include conftest.c >&5
configure:7176: $? = 0
configure:7180: /usr/bin/nm -B conftest.o \| /usr/bin/sed -n -e 's/^.*[ ]\([ABCDGIRSTW][ABCDGIRSTW]*\)[ ][ ]*\([_A-Za-z][_A-Za-z0-9]*\)$/\1 \2 \2/p' | /usr/bin/sed '/ __gnu_lto/d' \> conftest.nm
configure:7183: $? = 0
configure:7249: /home/kyle/Development/Fiwix/tools/musl-gcc64.sh -o conftest -O2 -I/home/kyle/Development/Fiwix/.build/x11-prefix/include -L/home/kyle/Development/Fiwix/.build/x11-prefix/lib conftest.c conftstm.o >&5
configure:7252: $? = 0
configure:7291: result: ok
configure:7338: checking for sysroot
configure:7370: result: no
configure:7377: checking for a working dd
configure:7422: result: /usr/bin/dd
configure:7426: checking how to truncate binary pipes
configure:7443: result: /usr/bin/dd bs=4096 count=1
configure:7580: /home/kyle/Development/Fiwix/tools/musl-gcc64.sh -c -O2 -I/home/kyle/Development/Fiwix/.build/x11-prefix/include conftest.c >&5
configure:7583: $? = 0
configure:7783: checking for mt
configure:7804: found /usr/bin/mt
configure:7816: result: mt
configure:7839: checking if mt is a manifest tool
configure:7846: mt '-?'
configure:7855: result: no
configure:8590: checking for dlfcn.h
configure:8590: /home/kyle/Development/Fiwix/tools/musl-gcc64.sh -c -O2 -I/home/kyle/Development/Fiwix/.build/x11-prefix/include conftest.c >&5
configure:8590: $? = 0
configure:8590: result: yes
configure:8855: checking for objdir
configure:8872: result: .libs
configure:9138: checking if /home/kyle/Development/Fiwix/tools/musl-gcc64.sh supports -fno-rtti -fno-exceptions
configure:9157: /home/kyle/Development/Fiwix/tools/musl-gcc64.sh -c -O2 -I/home/kyle/Development/Fiwix/.build/x11-prefix/include -fno-rtti -fno-exceptions conftest.c >&5
cc1: warning: command-line option '-fno-rtti' is valid for C++/D/ObjC++ but not for C
configure:9161: $? = 0
configure:9175: result: no
configure:9533: checking for /home/kyle/Development/Fiwix/tools/musl-gcc64.sh option to produce PIC
configure:9542: result: -fPIC -DPIC
configure:9550: checking if /home/kyle/Development/Fiwix/tools/musl-gcc64.sh PIC flag -fPIC -DPIC works
configure:9569: /home/kyle/Development/Fiwix/tools/musl-gcc64.sh -c -O2 -I/home/kyle/Development/Fiwix/.build/x11-prefix/include -fPIC -DPIC -DPIC conftest.c >&5
configure:9573: $? = 0
configure:9587: result: yes
configure:9616: checking if /home/kyle/Development/Fiwix/tools/musl-gcc64.sh static flag -static works
configure:9646: result: yes
configure:9661: checking if /home/kyle/Development/Fiwix/tools/musl-gcc64.sh supports -c -o file.o
configure:9683: /home/kyle/Development/Fiwix/tools/musl-gcc64.sh -c -O2 -I/home/kyle/Development/Fiwix/.build/x11-prefix/include -o out/conftest2.o conftest.c >&5
configure:9687: $? = 0
configure:9710: result: yes
configure:9718: checking if /home/kyle/Development/Fiwix/tools/musl-gcc64.sh supports -c -o file.o
configure:9767: result: yes
configure:9800: checking whether the /home/kyle/Development/Fiwix/tools/musl-gcc64.sh linker (/usr/bin/ld -m elf_x86_64) supports shared libraries
configure:11073: result: yes
configure:11315: checking dynamic linker characteristics
configure:11897: /home/kyle/Development/Fiwix/tools/musl-gcc64.sh -o conftest -O2 -I/home/kyle/Development/Fiwix/.build/x11-prefix/include -L/home/kyle/Development/Fiwix/.build/x11-prefix/lib -Wl,-rpath -Wl,/foo conftest.c  >&5
configure:11897: $? = 0
configure:12137: result: GNU/Linux ld.so
configure:12259: checking how to hardcode library paths into programs
configure:12284: result: immediate
configure:12884: checking whether stripping libraries is possible
configure:12893: result: yes
configure:12935: checking if libtool supports shared libraries
configure:12937: result: yes
configure:12940: checking whether to build shared libraries
configure:12965: result: no
configure:12968: checking whether to build static libraries
configure:12972: result: yes
configure:13022: checking for /home/kyle/Development/Fiwix/tools/musl-gcc64.sh options needed to detect all undeclared functions
configure:13044: /home/kyle/Development/Fiwix/tools/musl-gcc64.sh -c -O2  -I/home/kyle/Development/Fiwix/.build/x11-prefix/include conftest.c >&5
conftest.c: In function 'main':
conftest.c:45:8: error: 'strchr' undeclared (first use in this function)
   45 | (void) strchr;
      |        ^~~~~~
conftest.c:1:1: note: 'strchr' is defined in header '<string.h>'; this is probably fixable by adding '#include <string.h>'
    1 | /* confdefs.h */
conftest.c:45:8: note: each undeclared identifier is reported only once for each function it appears in
   45 | (void) strchr;
      |        ^~~~~~
configure:13044: $? = 1
configure: failed program was:
| /* confdefs.h */
| #define PACKAGE_NAME "libfontenc"
| #define PACKAGE_TARNAME "libfontenc"
| #define PACKAGE_VERSION "1.1.8"
| #define PACKAGE_STRING "libfontenc 1.1.8"
| #define PACKAGE_BUGREPORT "https://gitlab.freedesktop.org/xorg/lib/libfontenc/-/issues"
| #define PACKAGE_URL ""
| #define HAVE_STDIO_H 1
| #define HAVE_STDLIB_H 1
| #define HAVE_STRING_H 1
| #define HAVE_INTTYPES_H 1
| #define HAVE_STDINT_H 1
| #define HAVE_STRINGS_H 1
| #define HAVE_SYS_STAT_H 1
| #define HAVE_SYS_TYPES_H 1
| #define HAVE_UNISTD_H 1
| #define HAVE_WCHAR_H 1
| #define STDC_HEADERS 1
| #define _ALL_SOURCE 1
| #define _DARWIN_C_SOURCE 1
| #define _GNU_SOURCE 1
| #define _HPUX_ALT_XOPEN_SOCKET_API 1
| #define _NETBSD_SOURCE 1
| #define _OPENBSD_SOURCE 1
| #define _POSIX_PTHREAD_SEMANTICS 1
| #define __STDC_WANT_IEC_60559_ATTRIBS_EXT__ 1
| #define __STDC_WANT_IEC_60559_BFP_EXT__ 1
| #define __STDC_WANT_IEC_60559_DFP_EXT__ 1
| #define __STDC_WANT_IEC_60559_EXT__ 1
| #define __STDC_WANT_IEC_60559_FUNCS_EXT__ 1
| #define __STDC_WANT_IEC_60559_TYPES_EXT__ 1
| #define __STDC_WANT_LIB_EXT2__ 1
| #define __STDC_WANT_MATH_SPEC_FUNCS__ 1
| #define _TANDEM_SOURCE 1
| #define __EXTENSIONS__ 1
| #define PACKAGE "libfontenc"
| #define VERSION "1.1.8"
| #define HAVE_DLFCN_H 1
| #define LT_OBJDIR ".libs/"
| /* end confdefs.h.  */
| 
| int
| main (void)
| {
| (void) strchr;
|   ;
|   return 0;
| }
configure:13071: /home/kyle/Development/Fiwix/tools/musl-gcc64.sh -c -O2  -I/home/kyle/Development/Fiwix/.build/x11-prefix/include conftest.c >&5
configure:13071: $? = 0
configure:13091: result: none needed
configure:13109: checking whether __clang__ is declared
configure:13109: /home/kyle/Development/Fiwix/tools/musl-gcc64.sh -c -O2  -I/home/kyle/Development/Fiwix/.build/x11-prefix/include conftest.c >&5
conftest.c: In function 'main':
conftest.c:76:10: error: '__clang__' undeclared (first use in this function)
   76 |   (void) __clang__;
      |          ^~~~~~~~~
conftest.c:76:10: note: each undeclared identifier is reported only once for each function it appears in
configure:13109: $? = 1
configure: failed program was:
| /* confdefs.h */
| #define PACKAGE_NAME "libfontenc"
| #define PACKAGE_TARNAME "libfontenc"
| #define PACKAGE_VERSION "1.1.8"
| #define PACKAGE_STRING "libfontenc 1.1.8"
| #define PACKAGE_BUGREPORT "https://gitlab.freedesktop.org/xorg/lib/libfontenc/-/issues"
| #define PACKAGE_URL ""
| #define HAVE_STDIO_H 1
| #define HAVE_STDLIB_H 1
| #define HAVE_STRING_H 1
| #define HAVE_INTTYPES_H 1
| #define HAVE_STDINT_H 1
| #define HAVE_STRINGS_H 1
| #define HAVE_SYS_STAT_H 1
| #define HAVE_SYS_TYPES_H 1
| #define HAVE_UNISTD_H 1
| #define HAVE_WCHAR_H 1
| #define STDC_HEADERS 1
| #define _ALL_SOURCE 1
| #define _DARWIN_C_SOURCE 1
| #define _GNU_SOURCE 1
| #define _HPUX_ALT_XOPEN_SOCKET_API 1
| #define _NETBSD_SOURCE 1
| #define _OPENBSD_SOURCE 1
| #define _POSIX_PTHREAD_SEMANTICS 1
| #define __STDC_WANT_IEC_60559_ATTRIBS_EXT__ 1
| #define __STDC_WANT_IEC_60559_BFP_EXT__ 1
| #define __STDC_WANT_IEC_60559_DFP_EXT__ 1
| #define __STDC_WANT_IEC_60559_EXT__ 1
| #define __STDC_WANT_IEC_60559_FUNCS_EXT__ 1
| #define __STDC_WANT_IEC_60559_TYPES_EXT__ 1
| #define __STDC_WANT_LIB_EXT2__ 1
| #define __STDC_WANT_MATH_SPEC_FUNCS__ 1
| #define _TANDEM_SOURCE 1
| #define __EXTENSIONS__ 1
| #define PACKAGE "libfontenc"
| #define VERSION "1.1.8"
| #define HAVE_DLFCN_H 1
| #define LT_OBJDIR ".libs/"
| /* end confdefs.h.  */
| #include <stddef.h>
| #ifdef HAVE_STDIO_H
| # include <stdio.h>
| #endif
| #ifdef HAVE_STDLIB_H
| # include <stdlib.h>
| #endif
| #ifdef HAVE_STRING_H
| # include <string.h>
| #endif
| #ifdef HAVE_INTTYPES_H
| # include <inttypes.h>
| #endif
| #ifdef HAVE_STDINT_H
| # include <stdint.h>
| #endif
| #ifdef HAVE_STRINGS_H
| # include <strings.h>
| #endif
| #ifdef HAVE_SYS_TYPES_H
| # include <sys/types.h>
| #endif
| #ifdef HAVE_SYS_STAT_H
| # include <sys/stat.h>
| #endif
| #ifdef HAVE_UNISTD_H
| # include <unistd.h>
| #endif
| int
| main (void)
| {
| #ifndef __clang__
| #ifdef __cplusplus
|   (void) __clang__;
| #else
|   (void) __clang__;
| #endif
| #endif
| 
|   ;
|   return 0;
| }
configure:13109: result: no
configure:13117: checking whether __INTEL_COMPILER is declared
configure:13117: /home/kyle/Development/Fiwix/tools/musl-gcc64.sh -c -O2  -I/home/kyle/Development/Fiwix/.build/x11-prefix/include conftest.c >&5
conftest.c: In function 'main':
conftest.c:76:10: error: '__INTEL_COMPILER' undeclared (first use in this function)
   76 |   (void) __INTEL_COMPILER;
      |          ^~~~~~~~~~~~~~~~
conftest.c:76:10: note: each undeclared identifier is reported only once for each function it appears in
configure:13117: $? = 1
configure: failed program was:
| /* confdefs.h */
| #define PACKAGE_NAME "libfontenc"
| #define PACKAGE_TARNAME "libfontenc"
| #define PACKAGE_VERSION "1.1.8"
| #define PACKAGE_STRING "libfontenc 1.1.8"
| #define PACKAGE_BUGREPORT "https://gitlab.freedesktop.org/xorg/lib/libfontenc/-/issues"
| #define PACKAGE_URL ""
| #define HAVE_STDIO_H 1
| #define HAVE_STDLIB_H 1
| #define HAVE_STRING_H 1
| #define HAVE_INTTYPES_H 1
| #define HAVE_STDINT_H 1
| #define HAVE_STRINGS_H 1
| #define HAVE_SYS_STAT_H 1
| #define HAVE_SYS_TYPES_H 1
| #define HAVE_UNISTD_H 1
| #define HAVE_WCHAR_H 1
| #define STDC_HEADERS 1
| #define _ALL_SOURCE 1
| #define _DARWIN_C_SOURCE 1
| #define _GNU_SOURCE 1
| #define _HPUX_ALT_XOPEN_SOCKET_API 1
| #define _NETBSD_SOURCE 1
| #define _OPENBSD_SOURCE 1
| #define _POSIX_PTHREAD_SEMANTICS 1
| #define __STDC_WANT_IEC_60559_ATTRIBS_EXT__ 1
| #define __STDC_WANT_IEC_60559_BFP_EXT__ 1
| #define __STDC_WANT_IEC_60559_DFP_EXT__ 1
| #define __STDC_WANT_IEC_60559_EXT__ 1
| #define __STDC_WANT_IEC_60559_FUNCS_EXT__ 1
| #define __STDC_WANT_IEC_60559_TYPES_EXT__ 1
| #define __STDC_WANT_LIB_EXT2__ 1
| #define __STDC_WANT_MATH_SPEC_FUNCS__ 1
| #define _TANDEM_SOURCE 1
| #define __EXTENSIONS__ 1
| #define PACKAGE "libfontenc"
| #define VERSION "1.1.8"
| #define HAVE_DLFCN_H 1
| #define LT_OBJDIR ".libs/"
| /* end confdefs.h.  */
| #include <stddef.h>
| #ifdef HAVE_STDIO_H
| # include <stdio.h>
| #endif
| #ifdef HAVE_STDLIB_H
| # include <stdlib.h>
| #endif
| #ifdef HAVE_STRING_H
| # include <string.h>
| #endif
| #ifdef HAVE_INTTYPES_H
| # include <inttypes.h>
| #endif
| #ifdef HAVE_STDINT_H
| # include <stdint.h>
| #endif
| #ifdef HAVE_STRINGS_H
| # include <strings.h>
| #endif
| #ifdef HAVE_SYS_TYPES_H
| # include <sys/types.h>
| #endif
| #ifdef HAVE_SYS_STAT_H
| # include <sys/stat.h>
| #endif
| #ifdef HAVE_UNISTD_H
| # include <unistd.h>
| #endif
| int
| main (void)
| {
| #ifndef __INTEL_COMPILER
| #ifdef __cplusplus
|   (void) __INTEL_COMPILER;
| #else
|   (void) __INTEL_COMPILER;
| #endif
| #endif
| 
|   ;
|   return 0;
| }
configure:13117: result: no
configure:13125: checking whether __SUNPRO_C is declared
configure:13125: /home/kyle/Development/Fiwix/tools/musl-gcc64.sh -c -O2  -I/home/kyle/Development/Fiwix/.build/x11-prefix/include conftest.c >&5
conftest.c: In function 'main':
conftest.c:76:10: error: '__SUNPRO_C' undeclared (first use in this function)
   76 |   (void) __SUNPRO_C;
      |          ^~~~~~~~~~
conftest.c:76:10: note: each undeclared identifier is reported only once for each function it appears in
configure:13125: $? = 1
configure: failed program was:
| /* confdefs.h */
| #define PACKAGE_NAME "libfontenc"
| #define PACKAGE_TARNAME "libfontenc"
| #define PACKAGE_VERSION "1.1.8"
| #define PACKAGE_STRING "libfontenc 1.1.8"
| #define PACKAGE_BUGREPORT "https://gitlab.freedesktop.org/xorg/lib/libfontenc/-/issues"
| #define PACKAGE_URL ""
| #define HAVE_STDIO_H 1
| #define HAVE_STDLIB_H 1
| #define HAVE_STRING_H 1
| #define HAVE_INTTYPES_H 1
| #define HAVE_STDINT_H 1
| #define HAVE_STRINGS_H 1
| #define HAVE_SYS_STAT_H 1
| #define HAVE_SYS_TYPES_H 1
| #define HAVE_UNISTD_H 1
| #define HAVE_WCHAR_H 1
| #define STDC_HEADERS 1
| #define _ALL_SOURCE 1
| #define _DARWIN_C_SOURCE 1
| #define _GNU_SOURCE 1
| #define _HPUX_ALT_XOPEN_SOCKET_API 1
| #define _NETBSD_SOURCE 1
| #define _OPENBSD_SOURCE 1
| #define _POSIX_PTHREAD_SEMANTICS 1
| #define __STDC_WANT_IEC_60559_ATTRIBS_EXT__ 1
| #define __STDC_WANT_IEC_60559_BFP_EXT__ 1
| #define __STDC_WANT_IEC_60559_DFP_EXT__ 1
| #define __STDC_WANT_IEC_60559_EXT__ 1
| #define __STDC_WANT_IEC_60559_FUNCS_EXT__ 1
| #define __STDC_WANT_IEC_60559_TYPES_EXT__ 1
| #define __STDC_WANT_LIB_EXT2__ 1
| #define __STDC_WANT_MATH_SPEC_FUNCS__ 1
| #define _TANDEM_SOURCE 1
| #define __EXTENSIONS__ 1
| #define PACKAGE "libfontenc"
| #define VERSION "1.1.8"
| #define HAVE_DLFCN_H 1
| #define LT_OBJDIR ".libs/"
| /* end confdefs.h.  */
| #include <stddef.h>
| #ifdef HAVE_STDIO_H
| # include <stdio.h>
| #endif
| #ifdef HAVE_STDLIB_H
| # include <stdlib.h>
| #endif
| #ifdef HAVE_STRING_H
| # include <string.h>
| #endif
| #ifdef HAVE_INTTYPES_H
| # include <inttypes.h>
| #endif
| #ifdef HAVE_STDINT_H
| # include <stdint.h>
| #endif
| #ifdef HAVE_STRINGS_H
| # include <strings.h>
| #endif
| #ifdef HAVE_SYS_TYPES_H
| # include <sys/types.h>
| #endif
| #ifdef HAVE_SYS_STAT_H
| # include <sys/stat.h>
| #endif
| #ifdef HAVE_UNISTD_H
| # include <unistd.h>
| #endif
| int
| main (void)
| {
| #ifndef __SUNPRO_C
| #ifdef __cplusplus
|   (void) __SUNPRO_C;
| #else
|   (void) __SUNPRO_C;
| #endif
| #endif
| 
|   ;
|   return 0;
| }
configure:13125: result: no
configure:13194: checking for pkg-config
configure:13217: found /usr/bin/pkg-config
configure:13230: result: /usr/bin/pkg-config
configure:13255: checking pkg-config is at least version 0.9.0
configure:13258: result: yes
configure:13309: checking if /home/kyle/Development/Fiwix/tools/musl-gcc64.sh supports -Werror=unknown-warning-option
configure:13319: /home/kyle/Development/Fiwix/tools/musl-gcc64.sh -c -O2 -Werror=unknown-warning-option -I/home/kyle/Development/Fiwix/.build/x11-prefix/include conftest.c >&5
cc1: error: '-Werror=unknown-warning-option': no option '-Wunknown-warning-option'
configure:13319: $? = 1
configure: failed program was:
| /* confdefs.h */
| #define PACKAGE_NAME "libfontenc"
| #define PACKAGE_TARNAME "libfontenc"
| #define PACKAGE_VERSION "1.1.8"
| #define PACKAGE_STRING "libfontenc 1.1.8"
| #define PACKAGE_BUGREPORT "https://gitlab.freedesktop.org/xorg/lib/libfontenc/-/issues"
| #define PACKAGE_URL ""
| #define HAVE_STDIO_H 1
| #define HAVE_STDLIB_H 1
| #define HAVE_STRING_H 1
| #define HAVE_INTTYPES_H 1
| #define HAVE_STDINT_H 1
| #define HAVE_STRINGS_H 1
| #define HAVE_SYS_STAT_H 1
| #define HAVE_SYS_TYPES_H 1
| #define HAVE_UNISTD_H 1
| #define HAVE_WCHAR_H 1
| #define STDC_HEADERS 1
| #define _ALL_SOURCE 1
| #define _DARWIN_C_SOURCE 1
| #define _GNU_SOURCE 1
| #define _HPUX_ALT_XOPEN_SOCKET_API 1
| #define _NETBSD_SOURCE 1
| #define _OPENBSD_SOURCE 1
| #define _POSIX_PTHREAD_SEMANTICS 1
| #define __STDC_WANT_IEC_60559_ATTRIBS_EXT__ 1
| #define __STDC_WANT_IEC_60559_BFP_EXT__ 1
| #define __STDC_WANT_IEC_60559_DFP_EXT__ 1
| #define __STDC_WANT_IEC_60559_EXT__ 1
| #define __STDC_WANT_IEC_60559_FUNCS_EXT__ 1
| #define __STDC_WANT_IEC_60559_TYPES_EXT__ 1
| #define __STDC_WANT_LIB_EXT2__ 1
| #define __STDC_WANT_MATH_SPEC_FUNCS__ 1
| #define _TANDEM_SOURCE 1
| #define __EXTENSIONS__ 1
| #define PACKAGE "libfontenc"
| #define VERSION "1.1.8"
| #define HAVE_DLFCN_H 1
| #define LT_OBJDIR ".libs/"
| /* end confdefs.h.  */
| int i;
configure:13329: result: no
configure:13340: checking if /home/kyle/Development/Fiwix/tools/musl-gcc64.sh supports -Werror=unused-command-line-argument
configure:13350: /home/kyle/Development/Fiwix/tools/musl-gcc64.sh -c -O2 -Werror=unused-command-line-argument -I/home/kyle/Development/Fiwix/.build/x11-prefix/include conftest.c >&5
cc1: error: '-Werror=unused-command-line-argument': no option '-Wunused-command-line-argument'; did you mean '-Wunused-dummy-argument'?
configure:13350: $? = 1
configure: failed program was:
| /* confdefs.h */
| #define PACKAGE_NAME "libfontenc"
| #define PACKAGE_TARNAME "libfontenc"
| #define PACKAGE_VERSION "1.1.8"
| #define PACKAGE_STRING "libfontenc 1.1.8"
| #define PACKAGE_BUGREPORT "https://gitlab.freedesktop.org/xorg/lib/libfontenc/-/issues"
| #define PACKAGE_URL ""
| #define HAVE_STDIO_H 1
| #define HAVE_STDLIB_H 1
| #define HAVE_STRING_H 1
| #define HAVE_INTTYPES_H 1
| #define HAVE_STDINT_H 1
| #define HAVE_STRINGS_H 1
| #define HAVE_SYS_STAT_H 1
| #define HAVE_SYS_TYPES_H 1
| #define HAVE_UNISTD_H 1
| #define HAVE_WCHAR_H 1
| #define STDC_HEADERS 1
| #define _ALL_SOURCE 1
| #define _DARWIN_C_SOURCE 1
| #define _GNU_SOURCE 1
| #define _HPUX_ALT_XOPEN_SOCKET_API 1
| #define _NETBSD_SOURCE 1
| #define _OPENBSD_SOURCE 1
| #define _POSIX_PTHREAD_SEMANTICS 1
| #define __STDC_WANT_IEC_60559_ATTRIBS_EXT__ 1
| #define __STDC_WANT_IEC_60559_BFP_EXT__ 1
| #define __STDC_WANT_IEC_60559_DFP_EXT__ 1
| #define __STDC_WANT_IEC_60559_EXT__ 1
| #define __STDC_WANT_IEC_60559_FUNCS_EXT__ 1
| #define __STDC_WANT_IEC_60559_TYPES_EXT__ 1
| #define __STDC_WANT_LIB_EXT2__ 1
| #define __STDC_WANT_MATH_SPEC_FUNCS__ 1
| #define _TANDEM_SOURCE 1
| #define __EXTENSIONS__ 1
| #define PACKAGE "libfontenc"
| #define VERSION "1.1.8"
| #define HAVE_DLFCN_H 1
| #define LT_OBJDIR ".libs/"
| /* end confdefs.h.  */
| int i;
configure:13360: result: no
configure:13379: checking if /home/kyle/Development/Fiwix/tools/musl-gcc64.sh supports -Wall
configure:13397: /home/kyle/Development/Fiwix/tools/musl-gcc64.sh -o conftest -O2 -Wall -I/home/kyle/Development/Fiwix/.build/x11-prefix/include -L/home/kyle/Development/Fiwix/.build/x11-prefix/lib conftest.c  >&5
configure:13397: $? = 0
configure:13413: result: yes
configure:13509: checking if /home/kyle/Development/Fiwix/tools/musl-gcc64.sh supports -Wpointer-arith
configure:13527: /home/kyle/Development/Fiwix/tools/musl-gcc64.sh -o conftest -O2 -Wpointer-arith -I/home/kyle/Development/Fiwix/.build/x11-prefix/include -L/home/kyle/Development/Fiwix/.build/x11-prefix/lib conftest.c  >&5
configure:13527: $? = 0
configure:13543: result: yes
configure:13639: checking if /home/kyle/Development/Fiwix/tools/musl-gcc64.sh supports -Wmissing-declarations
configure:13657: /home/kyle/Development/Fiwix/tools/musl-gcc64.sh -o conftest -O2 -Wmissing-declarations -I/home/kyle/Development/Fiwix/.build/x11-prefix/include -L/home/kyle/Development/Fiwix/.build/x11-prefix/lib conftest.c  >&5
configure:13657: $? = 0
configure:13673: result: yes
configure:13769: checking if /home/kyle/Development/Fiwix/tools/musl-gcc64.sh supports -Wformat=2
configure:13787: /home/kyle/Development/Fiwix/tools/musl-gcc64.sh -o conftest -O2 -Wformat=2 -I/home/kyle/Development/Fiwix/.build/x11-prefix/include -L/home/kyle/Development/Fiwix/.build/x11-prefix/lib conftest.c  >&5
configure:13787: $? = 0
configure:13803: result: yes
configure:13954: checking if /home/kyle/Development/Fiwix/tools/musl-gcc64.sh supports -Wstrict-prototypes
configure:13972: /home/kyle/Development/Fiwix/tools/musl-gcc64.sh -o conftest -O2 -Wstrict-prototypes -I/home/kyle/Development/Fiwix/.build/x11-prefix/include -L/home/kyle/Development/Fiwix/.build/x11-prefix/lib conftest.c  >&5
configure:13972: $? = 0
configure:13988: result: yes
configure:14084: checking if /home/kyle/Development/Fiwix/tools/musl-gcc64.sh supports -Wmissing-prototypes
configure:14102: /home/kyle/Development/Fiwix/tools/musl-gcc64.sh -o conftest -O2 -Wmissing-prototypes -I/home/kyle/Development/Fiwix/.build/x11-prefix/include -L/home/kyle/Development/Fiwix/.build/x11-prefix/lib conftest.c  >&5
configure:14102: $? = 0
configure:14118: result: yes
configure:14214: checking if /home/kyle/Development/Fiwix/tools/musl-gcc64.sh supports -Wnested-externs
configure:14232: /home/kyle/Development/Fiwix/tools/musl-gcc64.sh -o conftest -O2 -Wnested-externs -I/home/kyle/Development/Fiwix/.build/x11-prefix/include -L/home/kyle/Development/Fiwix/.build/x11-prefix/lib conftest.c  >&5
configure:14232: $? = 0
configure:14248: result: yes
configure:14344: checking if /home/kyle/Development/Fiwix/tools/musl-gcc64.sh supports -Wbad-function-cast
configure:14362: /home/kyle/Development/Fiwix/tools/musl-gcc64.sh -o conftest -O2 -Wbad-function-cast -I/home/kyle/Development/Fiwix/.build/x11-prefix/include -L/home/kyle/Development/Fiwix/.build/x11-prefix/lib conftest.c  >&5
configure:14362: $? = 0
configure:14378: result: yes
configure:14474: checking if /home/kyle/Development/Fiwix/tools/musl-gcc64.sh supports -Wold-style-definition
configure:14492: /home/kyle/Development/Fiwix/tools/musl-gcc64.sh -o conftest -O2 -Wold-style-definition -I/home/kyle/Development/Fiwix/.build/x11-prefix/include -L/home/kyle/Development/Fiwix/.build/x11-prefix/lib conftest.c  >&5
configure:14492: $? = 0
configure:14508: result: yes
configure:14657: checking if /home/kyle/Development/Fiwix/tools/musl-gcc64.sh supports -Wdeclaration-after-statement
configure:14675: /home/kyle/Development/Fiwix/tools/musl-gcc64.sh -o conftest -O2 -Wdeclaration-after-statement -I/home/kyle/Development/Fiwix/.build/x11-prefix/include -L/home/kyle/Development/Fiwix/.build/x11-prefix/lib conftest.c  >&5
configure:14675: $? = 0
configure:14691: result: yes
configure:14791: checking if /home/kyle/Development/Fiwix/tools/musl-gcc64.sh supports -Wunused
configure:14809: /home/kyle/Development/Fiwix/tools/musl-gcc64.sh -o conftest -O2 -Wunused -I/home/kyle/Development/Fiwix/.build/x11-prefix/include -L/home/kyle/Development/Fiwix/.build/x11-prefix/lib conftest.c  >&5
configure:14809: $? = 0
configure:14825: result: yes
configure:14921: checking if /home/kyle/Development/Fiwix/tools/musl-gcc64.sh supports -Wuninitialized
configure:14939: /home/kyle/Development/Fiwix/tools/musl-gcc64.sh -o conftest -O2 -Wuninitialized -I/home/kyle/Development/Fiwix/.build/x11-prefix/include -L/home/kyle/Development/Fiwix/.build/x11-prefix/lib conftest.c  >&5
configure:14939: $? = 0
configure:14955: result: yes
configure:15051: checking if /home/kyle/Development/Fiwix/tools/musl-gcc64.sh supports -Wshadow
configure:15069: /home/kyle/Development/Fiwix/tools/musl-gcc64.sh -o conftest -O2 -Wshadow -I/home/kyle/Development/Fiwix/.build/x11-prefix/include -L/home/kyle/Development/Fiwix/.build/x11-prefix/lib conftest.c  >&5
configure:15069: $? = 0
configure:15085: result: yes
configure:15181: checking if /home/kyle/Development/Fiwix/tools/musl-gcc64.sh supports -Wmissing-noreturn
configure:15199: /home/kyle/Development/Fiwix/tools/musl-gcc64.sh -o conftest -O2 -Wmissing-noreturn -I/home/kyle/Development/Fiwix/.build/x11-prefix/include -L/home/kyle/Development/Fiwix/.build/x11-prefix/lib conftest.c  >&5
configure:15199: $? = 0
configure:15215: result: yes
configure:15311: checking if /home/kyle/Development/Fiwix/tools/musl-gcc64.sh supports -Wmissing-format-attribute
configure:15329: /home/kyle/Development/Fiwix/tools/musl-gcc64.sh -o conftest -O2 -Wmissing-format-attribute -I/home/kyle/Development/Fiwix/.build/x11-prefix/include -L/home/kyle/Development/Fiwix/.build/x11-prefix/lib conftest.c  >&5
configure:15329: $? = 0
configure:15345: result: yes
configure:15441: checking if /home/kyle/Development/Fiwix/tools/musl-gcc64.sh supports -Wredundant-decls
configure:15459: /home/kyle/Development/Fiwix/tools/musl-gcc64.sh -o conftest -O2 -Wredundant-decls -I/home/kyle/Development/Fiwix/.build/x11-prefix/include -L/home/kyle/Development/Fiwix/.build/x11-prefix/lib conftest.c  >&5
configure:15459: $? = 0
configure:15475: result: yes
configure:15571: checking if /home/kyle/Development/Fiwix/tools/musl-gcc64.sh supports -Wlogical-op
configure:15589: /home/kyle/Development/Fiwix/tools/musl-gcc64.sh -o conftest -O2 -Wlogical-op -I/home/kyle/Development/Fiwix/.build/x11-prefix/include -L/home/kyle/Development/Fiwix/.build/x11-prefix/lib conftest.c  >&5
configure:15589: $? = 0
configure:15605: result: yes
configure:15713: checking if /home/kyle/Development/Fiwix/tools/musl-gcc64.sh supports -Werror=implicit
configure:15731: /home/kyle/Development/Fiwix/tools/musl-gcc64.sh -o conftest -O2 -Werror=implicit -I/home/kyle/Development/Fiwix/.build/x11-prefix/include -L/home/kyle/Development/Fiwix/.build/x11-prefix/lib conftest.c  >&5
configure:15731: $? = 0
configure:15747: result: yes
configure:15896: checking if /home/kyle/Development/Fiwix/tools/musl-gcc64.sh supports -Werror=nonnull
configure:15914: /home/kyle/Development/Fiwix/tools/musl-gcc64.sh -o conftest -O2 -Werror=nonnull -I/home/kyle/Development/Fiwix/.build/x11-prefix/include -L/home/kyle/Development/Fiwix/.build/x11-prefix/lib conftest.c  >&5
configure:15914: $? = 0
configure:15930: result: yes
configure:16026: checking if /home/kyle/Development/Fiwix/tools/musl-gcc64.sh supports -Werror=init-self
configure:16044: /home/kyle/Development/Fiwix/tools/musl-gcc64.sh -o conftest -O2 -Werror=init-self -I/home/kyle/Development/Fiwix/.build/x11-prefix/include -L/home/kyle/Development/Fiwix/.build/x11-prefix/lib conftest.c  >&5
configure:16044: $? = 0
configure:16060: result: yes
configure:16156: checking if /home/kyle/Development/Fiwix/tools/musl-gcc64.sh supports -Werror=main
configure:16174: /home/kyle/Development/Fiwix/tools/musl-gcc64.sh -o conftest -O2 -Werror=main -I/home/kyle/Development/Fiwix/.build/x11-prefix/include -L/home/kyle/Development/Fiwix/.build/x11-prefix/lib conftest.c  >&5
configure:16174: $? = 0
configure:16190: result: yes
configure:16286: checking if /home/kyle/Development/Fiwix/tools/musl-gcc64.sh supports -Werror=missing-braces
configure:16304: /home/kyle/Development/Fiwix/tools/musl-gcc64.sh -o conftest -O2 -Werror=missing-braces -I/home/kyle/Development/Fiwix/.build/x11-prefix/include -L/home/kyle/Development/Fiwix/.build/x11-prefix/lib conftest.c  >&5
configure:16304: $? = 0
configure:16320: result: yes
configure:16416: checking if /home/kyle/Development/Fiwix/tools/musl-gcc64.sh supports -Werror=sequence-point
configure:16434: /home/kyle/Development/Fiwix/tools/musl-gcc64.sh -o conftest -O2 -Werror=sequence-point -I/home/kyle/Development/Fiwix/.build/x11-prefix/include -L/home/kyle/Development/Fiwix/.build/x11-prefix/lib conftest.c  >&5
configure:16434: $? = 0
configure:16450: result: yes
configure:16546: checking if /home/kyle/Development/Fiwix/tools/musl-gcc64.sh supports -Werror=return-type
configure:16564: /home/kyle/Development/Fiwix/tools/musl-gcc64.sh -o conftest -O2 -Werror=return-type -I/home/kyle/Development/Fiwix/.build/x11-prefix/include -L/home/kyle/Development/Fiwix/.build/x11-prefix/lib conftest.c  >&5
configure:16564: $? = 0
configure:16580: result: yes
configure:16729: checking if /home/kyle/Development/Fiwix/tools/musl-gcc64.sh supports -Werror=trigraphs
configure:16747: /home/kyle/Development/Fiwix/tools/musl-gcc64.sh -o conftest -O2 -Werror=trigraphs -I/home/kyle/Development/Fiwix/.build/x11-prefix/include -L/home/kyle/Development/Fiwix/.build/x11-prefix/lib conftest.c  >&5
configure:16747: $? = 0
configure:16763: result: yes
configure:16859: checking if /home/kyle/Development/Fiwix/tools/musl-gcc64.sh supports -Werror=array-bounds
configure:16877: /home/kyle/Development/Fiwix/tools/musl-gcc64.sh -o conftest -O2 -Werror=array-bounds -I/home/kyle/Development/Fiwix/.build/x11-prefix/include -L/home/kyle/Development/Fiwix/.build/x11-prefix/lib conftest.c  >&5
configure:16877: $? = 0
configure:16893: result: yes
configure:16989: checking if /home/kyle/Development/Fiwix/tools/musl-gcc64.sh supports -Werror=write-strings
configure:17007: /home/kyle/Development/Fiwix/tools/musl-gcc64.sh -o conftest -O2 -Werror=write-strings -I/home/kyle/Development/Fiwix/.build/x11-prefix/include -L/home/kyle/Development/Fiwix/.build/x11-prefix/lib conftest.c  >&5
configure:17007: $? = 0
configure:17023: result: yes
configure:17119: checking if /home/kyle/Development/Fiwix/tools/musl-gcc64.sh supports -Werror=address
configure:17137: /home/kyle/Development/Fiwix/tools/musl-gcc64.sh -o conftest -O2 -Werror=address -I/home/kyle/Development/Fiwix/.build/x11-prefix/include -L/home/kyle/Development/Fiwix/.build/x11-prefix/lib conftest.c  >&5
configure:17137: $? = 0
configure:17153: result: yes
configure:17249: checking if /home/kyle/Development/Fiwix/tools/musl-gcc64.sh supports -Werror=int-to-pointer-cast
configure:17267: /home/kyle/Development/Fiwix/tools/musl-gcc64.sh -o conftest -O2 -Werror=int-to-pointer-cast -I/home/kyle/Development/Fiwix/.build/x11-prefix/include -L/home/kyle/Development/Fiwix/.build/x11-prefix/lib conftest.c  >&5
configure:17267: $? = 0
configure:17283: result: yes
configure:17432: checking if /home/kyle/Development/Fiwix/tools/musl-gcc64.sh supports -Werror=pointer-to-int-cast
configure:17450: /home/kyle/Development/Fiwix/tools/musl-gcc64.sh -o conftest -O2 -Werror=pointer-to-int-cast -I/home/kyle/Development/Fiwix/.build/x11-prefix/include -L/home/kyle/Development/Fiwix/.build/x11-prefix/lib conftest.c  >&5
configure:17450: $? = 0
configure:17466: result: yes
configure:19290: checking if /home/kyle/Development/Fiwix/tools/musl-gcc64.sh supports -pedantic
configure:19308: /home/kyle/Development/Fiwix/tools/musl-gcc64.sh -o conftest -O2 -pedantic -I/home/kyle/Development/Fiwix/.build/x11-prefix/include -L/home/kyle/Development/Fiwix/.build/x11-prefix/lib conftest.c  >&5
configure:19308: $? = 0
configure:19324: result: yes
configure:19420: checking if /home/kyle/Development/Fiwix/tools/musl-gcc64.sh supports -Werror
configure:19438: /home/kyle/Development/Fiwix/tools/musl-gcc64.sh -o conftest -O2 -Werror -I/home/kyle/Development/Fiwix/.build/x11-prefix/include -L/home/kyle/Development/Fiwix/.build/x11-prefix/lib conftest.c  >&5
configure:19438: $? = 0
configure:19454: result: yes
configure:19606: checking if /home/kyle/Development/Fiwix/tools/musl-gcc64.sh supports -Werror=attributes
configure:19624: /home/kyle/Development/Fiwix/tools/musl-gcc64.sh -o conftest -O2 -Werror=attributes -I/home/kyle/Development/Fiwix/.build/x11-prefix/include -L/home/kyle/Development/Fiwix/.build/x11-prefix/lib conftest.c  >&5
configure:19624: $? = 0
configure:19640: result: yes
configure:19835: checking whether make supports nested variables
configure:19854: result: yes
configure:19883: checking for root directory for font files
configure:19901: result: /usr/share/fonts/X11
configure:19907: checking for directory for encodings files
configure:19920: result: ${FONTROOTDIR}/encodings
configure:19925: checking for zlib.h
configure:19925: /home/kyle/Development/Fiwix/tools/musl-gcc64.sh -c -O2 -I/home/kyle/Development/Fiwix/.build/x11-prefix/include conftest.c >&5
configure:19925: $? = 0
configure:19925: result: yes
configure:19937: checking for gzclose in -lz
configure:19966: /home/kyle/Development/Fiwix/tools/musl-gcc64.sh -o conftest -O2 -I/home/kyle/Development/Fiwix/.build/x11-prefix/include -L/home/kyle/Development/Fiwix/.build/x11-prefix/lib conftest.c -lz   >&5
configure:19966: $? = 0
configure:19978: result: yes
configure:19998: checking for FONTENC
configure:20005: $PKG_CONFIG --exists --print-errors "xproto"
configure:20008: $? = 0
configure:20022: $PKG_CONFIG --exists --print-errors "xproto"
configure:20025: $? = 0
configure:20083: result: yes
configure:20096: checking for /home/kyle/Development/Fiwix/tools/musl-gcc64.sh option to enable large file support
configure:20131: /home/kyle/Development/Fiwix/tools/musl-gcc64.sh -c -O2 -I/home/kyle/Development/Fiwix/.build/x11-prefix/include conftest.c >&5
configure:20131: $? = 0
configure:20137: /home/kyle/Development/Fiwix/tools/musl-gcc64.sh -DFTYPE=ino_t -c -O2 -I/home/kyle/Development/Fiwix/.build/x11-prefix/include conftest.c >&5
configure:20137: $? = 0
configure:20162: result: none needed
configure:20266: checking for reallocarray
configure:20266: /home/kyle/Development/Fiwix/tools/musl-gcc64.sh -o conftest -O2 -I/home/kyle/Development/Fiwix/.build/x11-prefix/include -L/home/kyle/Development/Fiwix/.build/x11-prefix/lib conftest.c -lz  >&5
configure:20266: $? = 0
configure:20266: result: yes
configure:20497: checking that generated files are newer than configure
configure:20503: result: done
configure:20536: creating ./config.status

## ---------------------- ##
## Running config.status. ##
## ---------------------- ##

This file was extended by libfontenc config.status 1.1.8, which was
generated by GNU Autoconf 2.72.  Invocation command line was

  CONFIG_FILES    = 
  CONFIG_HEADERS  = 
  CONFIG_LINKS    = 
  CONFIG_COMMANDS = 
  $ ./config.status 

on T7810

config.status:1153: creating Makefile
config.status:1153: creating src/Makefile
config.status:1153: creating fontenc.pc
config.status:1153: creating config.h
config.status:1334: config.h is unchanged
config.status:1382: executing depfiles commands
config.status:1459: cd src       && sed -e '/# am--include-marker/d' Makefile         | make -f - am--depfiles
make: Nothing to be done for 'am--depfiles'.
config.status:1464: $? = 0
config.status:1382: executing libtool commands

## ---------------- ##
## Cache variables. ##
## ---------------- ##

ac_cv_build=x86_64-pc-linux-musl
ac_cv_c_compiler_gnu=yes
ac_cv_c_undeclared_builtin_options='none needed'
ac_cv_env_CC_set=set
ac_cv_env_CC_value=/home/kyle/Development/Fiwix/tools/musl-gcc64.sh
ac_cv_env_CFLAGS_set=set
ac_cv_env_CFLAGS_value=-O2
ac_cv_env_CPPFLAGS_set=set
ac_cv_env_CPPFLAGS_value=-I/home/kyle/Development/Fiwix/.build/x11-prefix/include
ac_cv_env_FONTENC_CFLAGS_set=
ac_cv_env_FONTENC_CFLAGS_value=
ac_cv_env_FONTENC_LIBS_set=
ac_cv_env_FONTENC_LIBS_value=
ac_cv_env_LDFLAGS_set=set
ac_cv_env_LDFLAGS_value=-L/home/kyle/Development/Fiwix/.build/x11-prefix/lib
ac_cv_env_LIBS_set=
ac_cv_env_LIBS_value=
ac_cv_env_LINT_FLAGS_set=
ac_cv_env_LINT_FLAGS_value=
ac_cv_env_LINT_set=
ac_cv_env_LINT_value=
ac_cv_env_LT_SYS_LIBRARY_PATH_set=
ac_cv_env_LT_SYS_LIBRARY_PATH_value=
ac_cv_env_PKG_CONFIG_LIBDIR_set=
ac_cv_env_PKG_CONFIG_LIBDIR_value=
ac_cv_env_PKG_CONFIG_PATH_set=set
ac_cv_env_PKG_CONFIG_PATH_value=/home/kyle/Development/Fiwix/.build/x11-prefix/lib/pkgconfig:/home/kyle/Development/Fiwix/.build/x11-prefix/share/pkgconfig
ac_cv_env_PKG_CONFIG_set=
ac_cv_env_PKG_CONFIG_value=
ac_cv_env_build_alias_set=
ac_cv_env_build_alias_value=
ac_cv_env_host_alias_set=
ac_cv_env_host_alias_value=
ac_cv_env_target_alias_set=
ac_cv_env_target_alias_value=
ac_cv_func_reallocarray=yes
ac_cv_have_decl___INTEL_COMPILER=no
ac_cv_have_decl___SUNPRO_C=no
ac_cv_have_decl___clang__=no
ac_cv_header_dlfcn_h=yes
ac_cv_header_inttypes_h=yes
ac_cv_header_minix_config_h=no
ac_cv_header_stdint_h=yes
ac_cv_header_stdio_h=yes
ac_cv_header_stdlib_h=yes
ac_cv_header_string_h=yes
ac_cv_header_strings_h=yes
ac_cv_header_sys_stat_h=yes
ac_cv_header_sys_types_h=yes
ac_cv_header_unistd_h=yes
ac_cv_header_wchar_h=yes
ac_cv_header_zlib_h=yes
ac_cv_host=x86_64-pc-linux-musl
ac_cv_lib_z_gzclose=yes
ac_cv_objext=o
ac_cv_path_EGREP='/usr/bin/grep -E'
ac_cv_path_EGREP_TRADITIONAL='/usr/bin/grep -E'
ac_cv_path_FGREP='/usr/bin/grep -F'
ac_cv_path_GREP=/usr/bin/grep
ac_cv_path_SED=/usr/bin/sed
ac_cv_path_ac_pt_PKG_CONFIG=/usr/bin/pkg-config
ac_cv_path_install='/usr/bin/install -c'
ac_cv_path_lt_DD=/usr/bin/dd
ac_cv_path_mkdir=/usr/bin/mkdir
ac_cv_prog_AWK=mawk
ac_cv_prog_ac_ct_AR=ar
ac_cv_prog_ac_ct_CC=/home/kyle/Development/Fiwix/tools/musl-gcc64.sh
ac_cv_prog_ac_ct_FILECMD=file
ac_cv_prog_ac_ct_MANIFEST_TOOL=mt
ac_cv_prog_ac_ct_OBJDUMP=objdump
ac_cv_prog_ac_ct_RANLIB=ranlib
ac_cv_prog_ac_ct_STRIP=strip
ac_cv_prog_cc_c11=
ac_cv_prog_cc_g=yes
ac_cv_prog_cc_stdc=
ac_cv_prog_make_make_set=yes
ac_cv_safe_to_define___extensions__=yes
ac_cv_should_define__xopen_source=no
ac_cv_sys_largefile_opts='none needed'
am_cv_CC_dependencies_compiler_type=gcc3
am_cv_make_support_nested_variables=yes
am_cv_prog_cc_c_o=yes
lt_cv_ar_at_file=@
lt_cv_deplibs_check_method=pass_all
lt_cv_file_magic_cmd='$MAGIC_CMD'
lt_cv_file_magic_test_file=
lt_cv_ld_reload_flag=-r
lt_cv_nm_interface='BSD nm'
lt_cv_objdir=.libs
lt_cv_path_LD=/usr/bin/ld
lt_cv_path_NM='/usr/bin/nm -B'
lt_cv_path_mainfest_tool=no
lt_cv_prog_compiler_c_o=yes
lt_cv_prog_compiler_pic='-fPIC -DPIC'
lt_cv_prog_compiler_pic_works=yes
lt_cv_prog_compiler_rtti_exceptions=no
lt_cv_prog_compiler_static_works=yes
lt_cv_prog_gnu_ld=yes
lt_cv_sharedlib_from_linklib_cmd='printf %s\n'
lt_cv_shlibpath_overrides_runpath=no
lt_cv_sys_global_symbol_pipe='/usr/bin/sed -n -e '\''s/^.*[	 ]\([ABCDGIRSTW][ABCDGIRSTW]*\)[	 ][	 ]*\([_A-Za-z][_A-Za-z0-9]*\)$/\1 \2 \2/p'\'' | /usr/bin/sed '\''/ __gnu_lto/d'\'''
lt_cv_sys_global_symbol_to_c_name_address='/usr/bin/sed -n -e '\''s/^: \(.*\) .*$/  {"\1", (void *) 0},/p'\'' -e '\''s/^[ABCDGIRSTW][ABCDGIRSTW]* .* \(.*\)$/  {"\1", (void *) \&\1},/p'\'''
lt_cv_sys_global_symbol_to_c_name_address_lib_prefix='/usr/bin/sed -n -e '\''s/^: \(.*\) .*$/  {"\1", (void *) 0},/p'\'' -e '\''s/^[ABCDGIRSTW][ABCDGIRSTW]* .* \(lib.*\)$/  {"\1", (void *) \&\1},/p'\'' -e '\''s/^[ABCDGIRSTW][ABCDGIRSTW]* .* \(.*\)$/  {"lib\1", (void *) \&\1},/p'\'''
lt_cv_sys_global_symbol_to_cdecl='/usr/bin/sed -n -e '\''s/^T .* \(.*\)$/extern int \1();/p'\'' -e '\''s/^[ABCDGIRSTW][ABCDGIRSTW]* .* \(.*\)$/extern char \1;/p'\'''
lt_cv_sys_global_symbol_to_import=
lt_cv_sys_max_cmd_len=1572864
lt_cv_to_host_file_cmd=func_convert_file_noop
lt_cv_to_tool_file_cmd=func_convert_file_noop
lt_cv_truncate_bin='/usr/bin/dd bs=4096 count=1'
pkg_cv_FONTENC_CFLAGS='-I/home/kyle/Development/Fiwix/.build/x11-prefix/include '
pkg_cv_FONTENC_LIBS=
xorg_cv_cc_flag__Wall=yes
xorg_cv_cc_flag__Wbad_function_cast=yes
xorg_cv_cc_flag__Wdeclaration_after_statement=yes
xorg_cv_cc_flag__Werror=yes
xorg_cv_cc_flag__Werror_address=yes
xorg_cv_cc_flag__Werror_array_bounds=yes
xorg_cv_cc_flag__Werror_attributes=yes
xorg_cv_cc_flag__Werror_implicit=yes
xorg_cv_cc_flag__Werror_init_self=yes
xorg_cv_cc_flag__Werror_int_to_pointer_cast=yes
xorg_cv_cc_flag__Werror_main=yes
xorg_cv_cc_flag__Werror_missing_braces=yes
xorg_cv_cc_flag__Werror_nonnull=yes
xorg_cv_cc_flag__Werror_pointer_to_int_cast=yes
xorg_cv_cc_flag__Werror_return_type=yes
xorg_cv_cc_flag__Werror_sequence_point=yes
xorg_cv_cc_flag__Werror_trigraphs=yes
xorg_cv_cc_flag__Werror_write_strings=yes
xorg_cv_cc_flag__Wformat_2=yes
xorg_cv_cc_flag__Wlogical_op=yes
xorg_cv_cc_flag__Wmissing_declarations=yes
xorg_cv_cc_flag__Wmissing_format_attribute=yes
xorg_cv_cc_flag__Wmissing_noreturn=yes
xorg_cv_cc_flag__Wmissing_prototypes=yes
xorg_cv_cc_flag__Wnested_externs=yes
xorg_cv_cc_flag__Wold_style_definition=yes
xorg_cv_cc_flag__Wpointer_arith=yes
xorg_cv_cc_flag__Wredundant_decls=yes
xorg_cv_cc_flag__Wshadow=yes
xorg_cv_cc_flag__Wstrict_prototypes=yes
xorg_cv_cc_flag__Wuninitialized=yes
xorg_cv_cc_flag__Wunused=yes
xorg_cv_cc_flag__pedantic=yes
xorg_cv_cc_flag_unknown_warning_option=no
xorg_cv_cc_flag_unused_command_line_argument=no

## ----------------- ##
## Output variables. ##
## ----------------- ##

ACLOCAL='${SHELL} '\''/home/kyle/Development/Fiwix/third_party/x11/libfontenc/missing'\'' aclocal-1.16'
ADMIN_MAN_DIR='$(mandir)/man$(ADMIN_MAN_SUFFIX)'
ADMIN_MAN_SUFFIX='8'
AMDEPBACKSLASH='\'
AMDEP_FALSE='#'
AMDEP_TRUE=''
AMTAR='$${TAR-tar}'
AM_BACKSLASH='\'
AM_DEFAULT_V='$(AM_DEFAULT_VERBOSITY)'
AM_DEFAULT_VERBOSITY='0'
AM_V='$(V)'
APP_MAN_DIR='$(mandir)/man$(APP_MAN_SUFFIX)'
APP_MAN_SUFFIX='1'
AR='ar'
AUTOCONF='${SHELL} '\''/home/kyle/Development/Fiwix/third_party/x11/libfontenc/missing'\'' autoconf'
AUTOHEADER='${SHELL} '\''/home/kyle/Development/Fiwix/third_party/x11/libfontenc/missing'\'' autoheader'
AUTOMAKE='${SHELL} '\''/home/kyle/Development/Fiwix/third_party/x11/libfontenc/missing'\'' automake-1.16'
AWK='mawk'
BASE_CFLAGS=' -Wall -Wpointer-arith -Wmissing-declarations -Wformat=2 -Wstrict-prototypes -Wmissing-prototypes -Wnested-externs -Wbad-function-cast -Wold-style-definition -Wdeclaration-after-statement -Wunused -Wuninitialized -Wshadow -Wmissing-noreturn -Wmissing-format-attribute -Wredundant-decls -Wlogical-op -Werror=implicit -Werror=nonnull -Werror=init-self -Werror=main -Werror=missing-braces -Werror=sequence-point -Werror=return-type -Werror=trigraphs -Werror=array-bounds -Werror=write-strings -Werror=address -Werror=int-to-pointer-cast -Werror=pointer-to-int-cast'
CC='/home/kyle/Development/Fiwix/tools/musl-gcc64.sh'
CCDEPMODE='depmode=gcc3'
CFLAGS='-O2'
CHANGELOG_CMD='((GIT_DIR=$(top_srcdir)/.git git log > $(top_srcdir)/.changelog.tmp) 2>/dev/null && mv $(top_srcdir)/.changelog.tmp $(top_srcdir)/ChangeLog) || (rm -f $(top_srcdir)/.changelog.tmp; test -e $(top_srcdir)/ChangeLog || ( touch $(top_srcdir)/ChangeLog; echo '\''git failed to create ChangeLog: installing empty ChangeLog.'\'' >&2))'
CPPFLAGS='-I/home/kyle/Development/Fiwix/.build/x11-prefix/include'
CSCOPE='cscope'
CTAGS='ctags'
CWARNFLAGS=' -Wall -Wpointer-arith -Wmissing-declarations -Wformat=2 -Wstrict-prototypes -Wmissing-prototypes -Wnested-externs -Wbad-function-cast -Wold-style-definition -Wdeclaration-after-statement -Wunused -Wuninitialized -Wshadow -Wmissing-noreturn -Wmissing-format-attribute -Wredundant-decls -Wlogical-op -Werror=implicit -Werror=nonnull -Werror=init-self -Werror=main -Werror=missing-braces -Werror=sequence-point -Werror=return-type -Werror=trigraphs -Werror=array-bounds -Werror=write-strings -Werror=address -Werror=int-to-pointer-cast -Werror=pointer-to-int-cast -fno-strict-aliasing'
CYGPATH_W='echo'
DEFS='-DHAVE_CONFIG_H'
DEPDIR='.deps'
DLLTOOL='false'
DRIVER_MAN_DIR='$(mandir)/man$(DRIVER_MAN_SUFFIX)'
DRIVER_MAN_SUFFIX='4'
DSYMUTIL=''
DUMPBIN=''
ECHO_C=''
ECHO_N='-n'
ECHO_T=''
EGREP='/usr/bin/grep -E'
ENCODINGSDIR='${FONTROOTDIR}/encodings'
ETAGS='etags'
EXEEXT=''
FGREP='/usr/bin/grep -F'
FILECMD='file'
FILE_MAN_DIR='$(mandir)/man$(FILE_MAN_SUFFIX)'
FILE_MAN_SUFFIX='5'
FONTENC_CFLAGS='-I/home/kyle/Development/Fiwix/.build/x11-prefix/include '
FONTENC_LIBS=''
FONTROOTDIR='/usr/share/fonts/X11'
GREP='/usr/bin/grep'
INSTALL_CMD='(cp -f /home/kyle/Development/Fiwix/.build/x11-prefix/share/util-macros/INSTALL $(top_srcdir)/.INSTALL.tmp && mv $(top_srcdir)/.INSTALL.tmp $(top_srcdir)/INSTALL) || (rm -f $(top_srcdir)/.INSTALL.tmp; test -e $(top_srcdir)/INSTALL || ( touch $(top_srcdir)/INSTALL; echo '\''failed to copy INSTALL from util-macros: installing empty INSTALL.'\'' >&2))'
INSTALL_DATA='${INSTALL} -m 644'
INSTALL_PROGRAM='${INSTALL}'
INSTALL_SCRIPT='${INSTALL}'
INSTALL_STRIP_PROGRAM='$(install_sh) -c -s'
LD='/usr/bin/ld -m elf_x86_64'
LDFLAGS='-L/home/kyle/Development/Fiwix/.build/x11-prefix/lib'
LIBOBJS=''
LIBS='-lz '
LIBTOOL='$(SHELL) $(top_builddir)/libtool'
LIB_MAN_DIR='$(mandir)/man$(LIB_MAN_SUFFIX)'
LIB_MAN_SUFFIX='3'
LINT=''
LINT_FALSE=''
LINT_FLAGS='-badflag -I/home/kyle/Development/Fiwix/.build/x11-prefix/include '
LINT_TRUE='#'
LIPO=''
LN_S='ln -s'
LTLIBOBJS=''
LT_SYS_LIBRARY_PATH=''
MAKEINFO='${SHELL} '\''/home/kyle/Development/Fiwix/third_party/x11/libfontenc/missing'\'' makeinfo'
MANIFEST_TOOL=':'
MAN_SUBSTS='	-e '\''s|__vendorversion__|"$(PACKAGE_STRING)" "$(XORG_MAN_PAGE)"|'\'' 	-e '\''s|__xorgversion__|"$(PACKAGE_STRING)" "$(XORG_MAN_PAGE)"|'\'' 	-e '\''s|__xservername__|Xorg|g'\'' 	-e '\''s|__xconfigfile__|xorg.conf|g'\'' 	-e '\''s|__projectroot__|$(prefix)|g'\'' 	-e '\''s|__apploaddir__|$(appdefaultdir)|g'\'' 	-e '\''s|__appmansuffix__|$(APP_MAN_SUFFIX)|g'\'' 	-e '\''s|__drivermansuffix__|$(DRIVER_MAN_SUFFIX)|g'\'' 	-e '\''s|__adminmansuffix__|$(ADMIN_MAN_SUFFIX)|g'\'' 	-e '\''s|__libmansuffix__|$(LIB_MAN_SUFFIX)|g'\'' 	-e '\''s|__miscmansuffix__|$(MISC_MAN_SUFFIX)|g'\'' 	-e '\''s|__filemansuffix__|$(FILE_MAN_SUFFIX)|g'\'''
MISC_MAN_DIR='$(mandir)/man$(MISC_MAN_SUFFIX)'
MISC_MAN_SUFFIX='7'
MKDIR_P='/usr/bin/mkdir -p'
NM='/usr/bin/nm -B'
NMEDIT=''
OBJDUMP='objdump'
OBJEXT='o'
OTOOL64=''
OTOOL=''
PACKAGE='libfontenc'
PACKAGE_BUGREPORT='https://gitlab.freedesktop.org/xorg/lib/libfontenc/-/issues'
PACKAGE_NAME='libfontenc'
PACKAGE_STRING='libfontenc 1.1.8'
PACKAGE_TARNAME='libfontenc'
PACKAGE_URL=''
PACKAGE_VERSION='1.1.8'
PATH_SEPARATOR=':'
PKG_CONFIG='/usr/bin/pkg-config'
PKG_CONFIG_LIBDIR=''
PKG_CONFIG_PATH='/home/kyle/Development/Fiwix/.build/x11-prefix/lib/pkgconfig:/home/kyle/Development/Fiwix/.build/x11-prefix/share/pkgconfig'
RANLIB='ranlib'
SED='/usr/bin/sed'
SET_MAKE=''
SHELL='/bin/bash'
STRICT_CFLAGS=' -pedantic -Werror -Werror=attributes'
STRIP='strip'
VERSION='1.1.8'
XORG_MAN_PAGE='X Version 11'
ac_ct_AR='ar'
ac_ct_CC='/home/kyle/Development/Fiwix/tools/musl-gcc64.sh'
ac_ct_DUMPBIN=''
am__EXEEXT_FALSE=''
am__EXEEXT_TRUE='#'
am__fastdepCC_FALSE='#'
am__fastdepCC_TRUE=''
am__include='include'
am__isrc=''
am__leading_dot='.'
am__nodep='_no'
am__quote=''
am__tar='$${TAR-tar} chof - "$$tardir"'
am__untar='$${TAR-tar} xf -'
bindir='${exec_prefix}/bin'
build='x86_64-pc-linux-musl'
build_alias=''
build_cpu='x86_64'
build_os='linux-musl'
build_vendor='pc'
datadir='${datarootdir}'
datarootdir='${prefix}/share'
docdir='${datarootdir}/doc/${PACKAGE_TARNAME}'
dvidir='${docdir}'
exec_prefix='${prefix}'
host='x86_64-pc-linux-musl'
host_alias=''
host_cpu='x86_64'
host_os='linux-musl'
host_vendor='pc'
htmldir='${docdir}'
includedir='${prefix}/include'
infodir='${datarootdir}/info'
install_sh='${SHELL} /home/kyle/Development/Fiwix/third_party/x11/libfontenc/install-sh'
libdir='${exec_prefix}/lib'
libexecdir='${exec_prefix}/libexec'
localedir='${datarootdir}/locale'
localstatedir='${prefix}/var'
mandir='${datarootdir}/man'
mkdir_p='$(MKDIR_P)'
oldincludedir='/usr/include'
pdfdir='${docdir}'
prefix='/home/kyle/Development/Fiwix/.build/x11-prefix'
program_transform_name='s,x,x,'
psdir='${docdir}'
runstatedir='${localstatedir}/run'
sbindir='${exec_prefix}/sbin'
sharedstatedir='${prefix}/com'
sysconfdir='${prefix}/etc'
target_alias=''

## ----------- ##
## confdefs.h. ##
## ----------- ##

/* confdefs.h */
#define PACKAGE_NAME "libfontenc"
#define PACKAGE_TARNAME "libfontenc"
#define PACKAGE_VERSION "1.1.8"
#define PACKAGE_STRING "libfontenc 1.1.8"
#define PACKAGE_BUGREPORT "https://gitlab.freedesktop.org/xorg/lib/libfontenc/-/issues"
#define PACKAGE_URL ""
#define HAVE_STDIO_H 1
#define HAVE_STDLIB_H 1
#define HAVE_STRING_H 1
#define HAVE_INTTYPES_H 1
#define HAVE_STDINT_H 1
#define HAVE_STRINGS_H 1
#define HAVE_SYS_STAT_H 1
#define HAVE_SYS_TYPES_H 1
#define HAVE_UNISTD_H 1
#define HAVE_WCHAR_H 1
#define STDC_HEADERS 1
#define _ALL_SOURCE 1
#define _DARWIN_C_SOURCE 1
#define _GNU_SOURCE 1
#define _HPUX_ALT_XOPEN_SOCKET_API 1
#define _NETBSD_SOURCE 1
#define _OPENBSD_SOURCE 1
#define _POSIX_PTHREAD_SEMANTICS 1
#define __STDC_WANT_IEC_60559_ATTRIBS_EXT__ 1
#define __STDC_WANT_IEC_60559_BFP_EXT__ 1
#define __STDC_WANT_IEC_60559_DFP_EXT__ 1
#define __STDC_WANT_IEC_60559_EXT__ 1
#define __STDC_WANT_IEC_60559_FUNCS_EXT__ 1
#define __STDC_WANT_IEC_60559_TYPES_EXT__ 1
#define __STDC_WANT_LIB_EXT2__ 1
#define __STDC_WANT_MATH_SPEC_FUNCS__ 1
#define _TANDEM_SOURCE 1
#define __EXTENSIONS__ 1
#define PACKAGE "libfontenc"
#define VERSION "1.1.8"
#define HAVE_DLFCN_H 1
#define LT_OBJDIR ".libs/"
#define PACKAGE_VERSION_MAJOR 1
#define PACKAGE_VERSION_MINOR 1
#define PACKAGE_VERSION_PATCHLEVEL 8
#define HAVE_LIBZ 1
#define HAVE_REALLOCARRAY 1

configure: exit 0
