This file contains any messages produced by compilers while
running configure, to aid debugging if configure makes a mistake.

It was created by libXext configure 1.3.6, which was
generated by GNU Autoconf 2.72.  Invocation command line was

  $ ./configure --prefix=/home/kyle/Development/Fiwix/.build/x11-prefix --host=x86_64-unknown-linux-gnu --enable-shared --enable-static

## --------- ##
## Platform. ##
## --------- ##

hostname = T7810
uname -m = x86_64
uname -r = 6.12.90+deb13.1-amd64
uname -s = Linux
uname -v = #1 SMP PREEMPT_DYNAMIC Debian 6.12.90-2 (2026-05-27)

/usr/bin/uname -p = unknown
/bin/uname -X     = unknown

/bin/arch              = x86_64
/usr/bin/arch -k       = unknown
/usr/convex/getsysinfo = unknown
/usr/bin/hostinfo      = unknown
/bin/machine           = unknown
/usr/bin/oslevel       = unknown
/bin/universe          = unknown

PATH: /home/kyle/.local/bin/
PATH: /home/kyle/.kimi-code/bin/
PATH: /home/kyle/.local/share/pi-node/node-v22.23.2-linux-x64/bin/
PATH: /usr/local/bin/
PATH: /usr/bin/
PATH: /bin/
PATH: /usr/local/games/
PATH: /usr/games/
PATH: /home/kyle/.lmstudio/bin/


## ----------- ##
## Core tests. ##
## ----------- ##

configure:2593: looking for aux files: config.guess config.sub ltmain.sh missing install-sh compile
configure:2606:  trying ./
configure:2635:   ./config.guess found
configure:2635:   ./config.sub found
configure:2635:   ./ltmain.sh found
configure:2635:   ./missing found
configure:2617:   ./install-sh found
configure:2635:   ./compile found
configure:2777: checking for x86_64-unknown-linux-gnu-gcc
configure:2810: result: /home/kyle/Development/Fiwix/tools/musl-clang64.sh
configure:3215: checking for C compiler version
configure:3224: /home/kyle/Development/Fiwix/tools/musl-clang64.sh --version >&5
Debian clang version 19.1.7 (3+b1)
Target: x86_64-pc-linux-gnu
Thread model: posix
InstalledDir: /usr/lib/llvm-19/bin
configure:3235: $? = 0
configure:3224: /home/kyle/Development/Fiwix/tools/musl-clang64.sh -v >&5
Debian clang version 19.1.7 (3+b1)
Target: x86_64-pc-linux-gnu
Thread model: posix
InstalledDir: /usr/lib/llvm-19/bin
Found candidate GCC installation: /usr/lib/gcc/x86_64-linux-gnu/14
Selected GCC installation: /usr/lib/gcc/x86_64-linux-gnu/14
Candidate multilib: .;@m64
Candidate multilib: 32;@m32
Candidate multilib: x32;@mx32
Selected multilib: .;@m64
... rest of stderr output deleted ...
configure:3235: $? = 1
configure:3224: /home/kyle/Development/Fiwix/tools/musl-clang64.sh -V >&5
clang: error: unsupported option '-V -lc'
configure:3235: $? = 1
configure:3224: /home/kyle/Development/Fiwix/tools/musl-clang64.sh -qversion >&5
clang: error: unknown argument '-qversion'; did you mean '--version'?
configure:3235: $? = 1
configure:3224: /home/kyle/Development/Fiwix/tools/musl-clang64.sh -version >&5
clang: error: unknown argument '-version'; did you mean '--version'?
configure:3235: $? = 1
configure:3255: checking whether the C compiler works
configure:3277: /home/kyle/Development/Fiwix/tools/musl-clang64.sh -O2 -I/home/kyle/Development/Fiwix/.build/x11-prefix/include -L/home/kyle/Development/Fiwix/.build/x11-prefix/lib conftest.c  >&5
configure:3281: $? = 0
configure:3332: result: yes
configure:3336: checking for C compiler default output file name
configure:3338: result: a.out
configure:3344: checking for suffix of executables
configure:3351: /home/kyle/Development/Fiwix/tools/musl-clang64.sh -o conftest -O2 -I/home/kyle/Development/Fiwix/.build/x11-prefix/include -L/home/kyle/Development/Fiwix/.build/x11-prefix/lib conftest.c  >&5
configure:3355: $? = 0
configure:3379: result: 
configure:3403: checking whether we are cross compiling
configure:3411: /home/kyle/Development/Fiwix/tools/musl-clang64.sh -o conftest -O2 -I/home/kyle/Development/Fiwix/.build/x11-prefix/include -L/home/kyle/Development/Fiwix/.build/x11-prefix/lib conftest.c  >&5
configure:3415: $? = 0
configure:3422: ./conftest
./configure: line 3424: ./conftest: cannot execute: required file not found
configure:3426: $? = 127
configure:3441: result: yes
configure:3447: checking for suffix of object files
configure:3470: /home/kyle/Development/Fiwix/tools/musl-clang64.sh -c -O2 -I/home/kyle/Development/Fiwix/.build/x11-prefix/include conftest.c >&5
configure:3474: $? = 0
configure:3498: result: o
configure:3502: checking whether the compiler supports GNU C
configure:3522: /home/kyle/Development/Fiwix/tools/musl-clang64.sh -c -O2 -I/home/kyle/Development/Fiwix/.build/x11-prefix/include conftest.c >&5
configure:3522: $? = 0
configure:3534: result: yes
configure:3545: checking whether /home/kyle/Development/Fiwix/tools/musl-clang64.sh accepts -g
configure:3566: /home/kyle/Development/Fiwix/tools/musl-clang64.sh -c -g -I/home/kyle/Development/Fiwix/.build/x11-prefix/include conftest.c >&5
configure:3566: $? = 0
configure:3613: result: yes
configure:3633: checking for /home/kyle/Development/Fiwix/tools/musl-clang64.sh option to enable C11 features
configure:3648: /home/kyle/Development/Fiwix/tools/musl-clang64.sh  -c -O2 -I/home/kyle/Development/Fiwix/.build/x11-prefix/include conftest.c >&5
configure:3648: $? = 0
configure:3667: result: none needed
configure:3791: checking whether /home/kyle/Development/Fiwix/tools/musl-clang64.sh understands -c and -o together
configure:3814: /home/kyle/Development/Fiwix/tools/musl-clang64.sh -c conftest.c -o conftest2.o
configure:3817: $? = 0
configure:3814: /home/kyle/Development/Fiwix/tools/musl-clang64.sh -c conftest.c -o conftest2.o
configure:3817: $? = 0
configure:3830: result: yes
configure:3852: checking for stdio.h
configure:3852: /home/kyle/Development/Fiwix/tools/musl-clang64.sh -c -O2 -I/home/kyle/Development/Fiwix/.build/x11-prefix/include conftest.c >&5
configure:3852: $? = 0
configure:3852: result: yes
configure:3852: checking for stdlib.h
configure:3852: /home/kyle/Development/Fiwix/tools/musl-clang64.sh -c -O2 -I/home/kyle/Development/Fiwix/.build/x11-prefix/include conftest.c >&5
configure:3852: $? = 0
configure:3852: result: yes
configure:3852: checking for string.h
configure:3852: /home/kyle/Development/Fiwix/tools/musl-clang64.sh -c -O2 -I/home/kyle/Development/Fiwix/.build/x11-prefix/include conftest.c >&5
configure:3852: $? = 0
configure:3852: result: yes
configure:3852: checking for inttypes.h
configure:3852: /home/kyle/Development/Fiwix/tools/musl-clang64.sh -c -O2 -I/home/kyle/Development/Fiwix/.build/x11-prefix/include conftest.c >&5
configure:3852: $? = 0
configure:3852: result: yes
configure:3852: checking for stdint.h
configure:3852: /home/kyle/Development/Fiwix/tools/musl-clang64.sh -c -O2 -I/home/kyle/Development/Fiwix/.build/x11-prefix/include conftest.c >&5
configure:3852: $? = 0
configure:3852: result: yes
configure:3852: checking for strings.h
configure:3852: /home/kyle/Development/Fiwix/tools/musl-clang64.sh -c -O2 -I/home/kyle/Development/Fiwix/.build/x11-prefix/include conftest.c >&5
configure:3852: $? = 0
configure:3852: result: yes
configure:3852: checking for sys/stat.h
configure:3852: /home/kyle/Development/Fiwix/tools/musl-clang64.sh -c -O2 -I/home/kyle/Development/Fiwix/.build/x11-prefix/include conftest.c >&5
configure:3852: $? = 0
configure:3852: result: yes
configure:3852: checking for sys/types.h
configure:3852: /home/kyle/Development/Fiwix/tools/musl-clang64.sh -c -O2 -I/home/kyle/Development/Fiwix/.build/x11-prefix/include conftest.c >&5
configure:3852: $? = 0
configure:3852: result: yes
configure:3852: checking for unistd.h
configure:3852: /home/kyle/Development/Fiwix/tools/musl-clang64.sh -c -O2 -I/home/kyle/Development/Fiwix/.build/x11-prefix/include conftest.c >&5
configure:3852: $? = 0
configure:3852: result: yes
configure:3852: checking for wchar.h
configure:3852: /home/kyle/Development/Fiwix/tools/musl-clang64.sh -c -O2 -I/home/kyle/Development/Fiwix/.build/x11-prefix/include conftest.c >&5
configure:3852: $? = 0
configure:3852: result: yes
configure:3852: checking for minix/config.h
configure:3852: /home/kyle/Development/Fiwix/tools/musl-clang64.sh -c -O2 -I/home/kyle/Development/Fiwix/.build/x11-prefix/include conftest.c >&5
conftest.c:47:10: fatal error: 'minix/config.h' file not found
   47 | #include <minix/config.h>
      |          ^~~~~~~~~~~~~~~~
1 error generated.
configure:3852: $? = 1
configure: failed program was:
| /* confdefs.h */
| #define PACKAGE_NAME "libXext"
| #define PACKAGE_TARNAME "libXext"
| #define PACKAGE_VERSION "1.3.6"
| #define PACKAGE_STRING "libXext 1.3.6"
| #define PACKAGE_BUGREPORT "https://gitlab.freedesktop.org/xorg/lib/libxext/-/issues"
| #define PACKAGE_URL ""
| #define HAVE_STDIO_H 1
| #define HAVE_STDLIB_H 1
| #define HAVE_STRING_H 1
| #define HAVE_INTTYPES_H 1
| #define HAVE_STDINT_H 1
| #define HAVE_STRINGS_H 1
| #define HAVE_SYS_STAT_H 1
| #define HAVE_SYS_TYPES_H 1
| #define HAVE_UNISTD_H 1
| #define HAVE_WCHAR_H 1
| /* end confdefs.h.  */
| #include <stddef.h>
| #ifdef HAVE_STDIO_H
| # include <stdio.h>
| #endif
| #ifdef HAVE_STDLIB_H
| # include <stdlib.h>
| #endif
| #ifdef HAVE_STRING_H
| # include <string.h>
| #endif
| #ifdef HAVE_INTTYPES_H
| # include <inttypes.h>
| #endif
| #ifdef HAVE_STDINT_H
| # include <stdint.h>
| #endif
| #ifdef HAVE_STRINGS_H
| # include <strings.h>
| #endif
| #ifdef HAVE_SYS_TYPES_H
| # include <sys/types.h>
| #endif
| #ifdef HAVE_SYS_STAT_H
| # include <sys/stat.h>
| #endif
| #ifdef HAVE_UNISTD_H
| # include <unistd.h>
| #endif
| #include <minix/config.h>
configure:3852: result: no
configure:3883: checking whether it is safe to define __EXTENSIONS__
configure:3902: /home/kyle/Development/Fiwix/tools/musl-clang64.sh -c -O2 -I/home/kyle/Development/Fiwix/.build/x11-prefix/include conftest.c >&5
configure:3902: $? = 0
configure:3912: result: yes
configure:3915: checking whether _XOPEN_SOURCE should be defined
configure:3937: /home/kyle/Development/Fiwix/tools/musl-clang64.sh -c -O2 -I/home/kyle/Development/Fiwix/.build/x11-prefix/include conftest.c >&5
configure:3937: $? = 0
configure:3966: result: no
configure:4044: checking for a BSD-compatible install
configure:4118: result: /usr/bin/install -c
configure:4129: checking whether sleep supports fractional seconds
configure:4145: result: yes
configure:4148: checking filesystem timestamp resolution
configure:4283: result: 0.01
configure:4288: checking whether build environment is sane
configure:4329: result: yes
configure:4391: checking for x86_64-unknown-linux-gnu-strip
configure:4427: result: no
configure:4437: checking for strip
configure:4458: found /usr/bin/strip
configure:4470: result: strip
configure:4482: WARNING: using cross tools not prefixed with host triplet
configure:4496: checking for a race-free mkdir -p
configure:4539: result: /usr/bin/mkdir -p
configure:4546: checking for gawk
configure:4582: result: no
configure:4546: checking for mawk
configure:4567: found /usr/bin/mawk
configure:4579: result: mawk
configure:4590: checking whether make sets $(MAKE)
configure:4614: result: yes
configure:4636: checking whether make supports the include directive
configure:4651: make -f confmf.GNU && cat confinc.out
this is the am__doit target
configure:4654: $? = 0
configure:4673: result: yes (GNU style)
configure:4704: checking whether make supports nested variables
configure:4723: result: yes
configure:4737: checking xargs -n works
configure:4753: result: yes
configure:4834: checking dependency style of /home/kyle/Development/Fiwix/tools/musl-clang64.sh
configure:4947: result: gcc3
configure:5015: checking build system type
configure:5031: result: x86_64-pc-linux-musl
configure:5051: checking host system type
configure:5066: result: x86_64-unknown-linux-gnu
configure:5107: checking how to print strings
configure:5134: result: printf
configure:5155: checking for a sed that does not truncate output
configure:5227: result: /usr/bin/sed
configure:5245: checking for grep that handles long lines and -e
configure:5311: result: /usr/bin/grep
configure:5316: checking for egrep
configure:5386: result: /usr/bin/grep -E
configure:5393: checking for fgrep
configure:5463: result: /usr/bin/grep -F
configure:5500: checking for ld used by /home/kyle/Development/Fiwix/tools/musl-clang64.sh
configure:5569: result: /usr/bin/ld
configure:5576: checking if the linker (/usr/bin/ld) is GNU ld
configure:5593: result: yes
configure:5605: checking for BSD- or MS-compatible name lister (nm)
configure:5661: result: no
configure:5675: checking for x86_64-unknown-linux-gnu-dumpbin
configure:5711: result: no
configure:5675: checking for x86_64-unknown-linux-gnu-link
configure:5711: result: no
configure:5725: checking for dumpbin
configure:5761: result: no
configure:5725: checking for link
configure:5746: found /usr/bin/link
configure:5758: result: link -dump
configure:5803: checking the name lister (nm) interface
configure:5811: /home/kyle/Development/Fiwix/tools/musl-clang64.sh -c -O2 -I/home/kyle/Development/Fiwix/.build/x11-prefix/include conftest.c >&5
configure:5814: nm "conftest.o"
configure:5817: output
0000000000000000 B some_variable
configure:5825: result: BSD nm
configure:5828: checking whether ln -s works
configure:5832: result: yes
configure:5840: checking the maximum length of command line arguments
configure:5973: result: 1572864
configure:6021: checking how to convert x86_64-pc-linux-musl file names to x86_64-unknown-linux-gnu format
configure:6063: result: func_convert_file_noop
configure:6070: checking how to convert x86_64-pc-linux-musl file names to toolchain format
configure:6092: result: func_convert_file_noop
configure:6099: checking for /usr/bin/ld option to reload object files
configure:6108: result: -r
configure:6141: checking for file
configure:6162: found /usr/bin/file
configure:6175: result: file
configure:6192: checking for x86_64-unknown-linux-gnu-objdump
configure:6228: result: no
configure:6238: checking for objdump
configure:6259: found /usr/bin/objdump
configure:6271: result: objdump
configure:6303: checking how to recognize dependent libraries
configure:6512: result: pass_all
configure:6557: checking for x86_64-unknown-linux-gnu-dlltool
configure:6593: result: no
configure:6603: checking for dlltool
configure:6639: result: no
configure:6669: checking how to associate runtime and link libraries
configure:6698: result: printf %s\n
configure:6712: checking for x86_64-unknown-linux-gnu-ranlib
configure:6748: result: no
configure:6758: checking for ranlib
configure:6779: found /usr/bin/ranlib
configure:6791: result: ranlib
configure:6818: checking for x86_64-unknown-linux-gnu-ar
configure:6854: result: no
configure:6868: checking for ar
configure:6889: found /usr/bin/ar
configure:6901: result: ar
configure:6954: checking for archiver @FILE support
configure:6972: /home/kyle/Development/Fiwix/tools/musl-clang64.sh -c -O2 -I/home/kyle/Development/Fiwix/.build/x11-prefix/include conftest.c >&5
configure:6972: $? = 0
configure:6976: ar cr libconftest.a @conftest.lst >&5
configure:6979: $? = 0
configure:6984: ar cr libconftest.a @conftest.lst >&5
ar: conftest.o: No such file or directory
configure:6987: $? = 1
configure:7000: result: @
configure:7018: checking for x86_64-unknown-linux-gnu-strip
configure:7051: result: strip
configure:7200: checking command to parse nm output from /home/kyle/Development/Fiwix/tools/musl-clang64.sh object
configure:7354: /home/kyle/Development/Fiwix/tools/musl-clang64.sh -c -O2 -I/home/kyle/Development/Fiwix/.build/x11-prefix/include conftest.c >&5
configure:7357: $? = 0
configure:7361: nm conftest.o | /usr/bin/sed -n -e 's/^.*[	 ]\([ABCDGIRSTW][ABCDGIRSTW]*\)[	 ][	 ]*\([_A-Za-z][_A-Za-z0-9]*\)$/\1 \2 \2/p' | /usr/bin/sed '/ __gnu_lto/d' > conftest.nm
configure:7427: /home/kyle/Development/Fiwix/tools/musl-clang64.sh -o conftest -O2 -I/home/kyle/Development/Fiwix/.build/x11-prefix/include -L/home/kyle/Development/Fiwix/.build/x11-prefix/lib conftest.c conftstm.o >&5
configure:7430: $? = 0
configure:7469: result: ok
configure:7516: checking for sysroot
configure:7550: result: no
configure:7557: checking for a working dd
configure:7602: result: /usr/bin/dd
configure:7606: checking how to truncate binary pipes
configure:7623: result: /usr/bin/dd bs=4096 count=1
configure:7760: /home/kyle/Development/Fiwix/tools/musl-clang64.sh -c -O2 -I/home/kyle/Development/Fiwix/.build/x11-prefix/include conftest.c >&5
configure:7763: $? = 0
configure:7917: checking for x86_64-unknown-linux-gnu-mt
configure:7953: result: no
configure:7963: checking for mt
configure:7984: found /usr/bin/mt
configure:7996: result: mt
configure:8019: checking if mt is a manifest tool
configure:8026: mt '-?'
configure:8035: result: no
configure:8828: checking for dlfcn.h
configure:8828: /home/kyle/Development/Fiwix/tools/musl-clang64.sh -c -O2 -I/home/kyle/Development/Fiwix/.build/x11-prefix/include conftest.c >&5
configure:8828: $? = 0
configure:8828: result: yes
configure:9131: checking for objdir
configure:9148: result: .libs
configure:9414: checking if /home/kyle/Development/Fiwix/tools/musl-clang64.sh supports -fno-rtti -fno-exceptions
configure:9433: /home/kyle/Development/Fiwix/tools/musl-clang64.sh -c -O2 -I/home/kyle/Development/Fiwix/.build/x11-prefix/include -fno-rtti -fno-exceptions conftest.c >&5
configure:9437: $? = 0
configure:9451: result: yes
configure:9830: checking for /home/kyle/Development/Fiwix/tools/musl-clang64.sh option to produce PIC
configure:9839: result: -fPIC -DPIC
configure:9847: checking if /home/kyle/Development/Fiwix/tools/musl-clang64.sh PIC flag -fPIC -DPIC works
configure:9866: /home/kyle/Development/Fiwix/tools/musl-clang64.sh -c -O2 -I/home/kyle/Development/Fiwix/.build/x11-prefix/include -fPIC -DPIC -DPIC conftest.c >&5
configure:9870: $? = 0
configure:9884: result: yes
configure:9913: checking if /home/kyle/Development/Fiwix/tools/musl-clang64.sh static flag -static works
clang: warning: argument unused during compilation: '-no-pie' [-Wunused-command-line-argument]
configure:9943: result: no
configure:9958: checking if /home/kyle/Development/Fiwix/tools/musl-clang64.sh supports -c -o file.o
configure:9980: /home/kyle/Development/Fiwix/tools/musl-clang64.sh -c -O2 -I/home/kyle/Development/Fiwix/.build/x11-prefix/include -o out/conftest2.o conftest.c >&5
configure:9984: $? = 0
configure:10007: result: yes
configure:10015: checking if /home/kyle/Development/Fiwix/tools/musl-clang64.sh supports -c -o file.o
configure:10064: result: yes
configure:10097: checking whether the /home/kyle/Development/Fiwix/tools/musl-clang64.sh linker (/usr/bin/ld -m elf_x86_64) supports shared libraries
configure:11385: result: yes
configure:11422: checking whether -lc should be explicitly linked in
configure:11431: /home/kyle/Development/Fiwix/tools/musl-clang64.sh -c -O2 -I/home/kyle/Development/Fiwix/.build/x11-prefix/include conftest.c >&5
configure:11434: $? = 0
configure:11449: /home/kyle/Development/Fiwix/tools/musl-clang64.sh -shared  -fPIC -DPIC conftest.o  -v -Wl,-soname -Wl,conftest -o conftest 2\>\&1 \| /usr/bin/grep  -lc  \>/dev/null 2\>\&1
configure:11452: $? = 0
configure:11467: result: no
configure:11627: checking dynamic linker characteristics
configure:12246: /home/kyle/Development/Fiwix/tools/musl-clang64.sh -o conftest -O2 -I/home/kyle/Development/Fiwix/.build/x11-prefix/include -L/home/kyle/Development/Fiwix/.build/x11-prefix/lib -Wl,-rpath -Wl,/foo conftest.c  >&5
configure:12246: $? = 0
configure:13029: result: GNU/Linux ld.so
configure:13151: checking how to hardcode library paths into programs
configure:13176: result: immediate
configure:13776: checking whether stripping libraries is possible
configure:13785: result: yes
configure:13827: checking if libtool supports shared libraries
configure:13829: result: yes
configure:13832: checking whether to build shared libraries
configure:13857: result: yes
configure:13860: checking whether to build static libraries
configure:13864: result: yes
configure:13914: checking for /home/kyle/Development/Fiwix/tools/musl-clang64.sh options needed to detect all undeclared functions
configure:13936: /home/kyle/Development/Fiwix/tools/musl-clang64.sh -c -O2  -I/home/kyle/Development/Fiwix/.build/x11-prefix/include conftest.c >&5
conftest.c:45:8: error: call to undeclared library function 'strchr' with type 'char *(const char *, int)'; ISO C99 and later do not support implicit function declarations [-Wimplicit-function-declaration]
   45 | (void) strchr;
      |        ^
conftest.c:45:8: note: include the header <string.h> or explicitly provide a declaration for 'strchr'
1 error generated.
configure:13936: $? = 1
configure: failed program was:
| /* confdefs.h */
| #define PACKAGE_NAME "libXext"
| #define PACKAGE_TARNAME "libXext"
| #define PACKAGE_VERSION "1.3.6"
| #define PACKAGE_STRING "libXext 1.3.6"
| #define PACKAGE_BUGREPORT "https://gitlab.freedesktop.org/xorg/lib/libxext/-/issues"
| #define PACKAGE_URL ""
| #define HAVE_STDIO_H 1
| #define HAVE_STDLIB_H 1
| #define HAVE_STRING_H 1
| #define HAVE_INTTYPES_H 1
| #define HAVE_STDINT_H 1
| #define HAVE_STRINGS_H 1
| #define HAVE_SYS_STAT_H 1
| #define HAVE_SYS_TYPES_H 1
| #define HAVE_UNISTD_H 1
| #define HAVE_WCHAR_H 1
| #define STDC_HEADERS 1
| #define _ALL_SOURCE 1
| #define _DARWIN_C_SOURCE 1
| #define _GNU_SOURCE 1
| #define _HPUX_ALT_XOPEN_SOCKET_API 1
| #define _NETBSD_SOURCE 1
| #define _OPENBSD_SOURCE 1
| #define _POSIX_PTHREAD_SEMANTICS 1
| #define __STDC_WANT_IEC_60559_ATTRIBS_EXT__ 1
| #define __STDC_WANT_IEC_60559_BFP_EXT__ 1
| #define __STDC_WANT_IEC_60559_DFP_EXT__ 1
| #define __STDC_WANT_IEC_60559_EXT__ 1
| #define __STDC_WANT_IEC_60559_FUNCS_EXT__ 1
| #define __STDC_WANT_IEC_60559_TYPES_EXT__ 1
| #define __STDC_WANT_LIB_EXT2__ 1
| #define __STDC_WANT_MATH_SPEC_FUNCS__ 1
| #define _TANDEM_SOURCE 1
| #define __EXTENSIONS__ 1
| #define PACKAGE "libXext"
| #define VERSION "1.3.6"
| #define HAVE_DLFCN_H 1
| #define LT_OBJDIR ".libs/"
| /* end confdefs.h.  */
| 
| int
| main (void)
| {
| (void) strchr;
|   ;
|   return 0;
| }
configure:13963: /home/kyle/Development/Fiwix/tools/musl-clang64.sh -c -O2  -I/home/kyle/Development/Fiwix/.build/x11-prefix/include conftest.c >&5
configure:13963: $? = 0
configure:13983: result: none needed
configure:14001: checking whether __clang__ is declared
configure:14001: /home/kyle/Development/Fiwix/tools/musl-clang64.sh -c -O2  -I/home/kyle/Development/Fiwix/.build/x11-prefix/include conftest.c >&5
configure:14001: $? = 0
configure:14001: result: yes
configure:14009: checking whether __INTEL_COMPILER is declared
configure:14009: /home/kyle/Development/Fiwix/tools/musl-clang64.sh -c -O2  -I/home/kyle/Development/Fiwix/.build/x11-prefix/include conftest.c >&5
conftest.c:76:10: error: use of undeclared identifier '__INTEL_COMPILER'
   76 |   (void) __INTEL_COMPILER;
      |          ^
1 error generated.
configure:14009: $? = 1
configure: failed program was:
| /* confdefs.h */
| #define PACKAGE_NAME "libXext"
| #define PACKAGE_TARNAME "libXext"
| #define PACKAGE_VERSION "1.3.6"
| #define PACKAGE_STRING "libXext 1.3.6"
| #define PACKAGE_BUGREPORT "https://gitlab.freedesktop.org/xorg/lib/libxext/-/issues"
| #define PACKAGE_URL ""
| #define HAVE_STDIO_H 1
| #define HAVE_STDLIB_H 1
| #define HAVE_STRING_H 1
| #define HAVE_INTTYPES_H 1
| #define HAVE_STDINT_H 1
| #define HAVE_STRINGS_H 1
| #define HAVE_SYS_STAT_H 1
| #define HAVE_SYS_TYPES_H 1
| #define HAVE_UNISTD_H 1
| #define HAVE_WCHAR_H 1
| #define STDC_HEADERS 1
| #define _ALL_SOURCE 1
| #define _DARWIN_C_SOURCE 1
| #define _GNU_SOURCE 1
| #define _HPUX_ALT_XOPEN_SOCKET_API 1
| #define _NETBSD_SOURCE 1
| #define _OPENBSD_SOURCE 1
| #define _POSIX_PTHREAD_SEMANTICS 1
| #define __STDC_WANT_IEC_60559_ATTRIBS_EXT__ 1
| #define __STDC_WANT_IEC_60559_BFP_EXT__ 1
| #define __STDC_WANT_IEC_60559_DFP_EXT__ 1
| #define __STDC_WANT_IEC_60559_EXT__ 1
| #define __STDC_WANT_IEC_60559_FUNCS_EXT__ 1
| #define __STDC_WANT_IEC_60559_TYPES_EXT__ 1
| #define __STDC_WANT_LIB_EXT2__ 1
| #define __STDC_WANT_MATH_SPEC_FUNCS__ 1
| #define _TANDEM_SOURCE 1
| #define __EXTENSIONS__ 1
| #define PACKAGE "libXext"
| #define VERSION "1.3.6"
| #define HAVE_DLFCN_H 1
| #define LT_OBJDIR ".libs/"
| /* end confdefs.h.  */
| #include <stddef.h>
| #ifdef HAVE_STDIO_H
| # include <stdio.h>
| #endif
| #ifdef HAVE_STDLIB_H
| # include <stdlib.h>
| #endif
| #ifdef HAVE_STRING_H
| # include <string.h>
| #endif
| #ifdef HAVE_INTTYPES_H
| # include <inttypes.h>
| #endif
| #ifdef HAVE_STDINT_H
| # include <stdint.h>
| #endif
| #ifdef HAVE_STRINGS_H
| # include <strings.h>
| #endif
| #ifdef HAVE_SYS_TYPES_H
| # include <sys/types.h>
| #endif
| #ifdef HAVE_SYS_STAT_H
| # include <sys/stat.h>
| #endif
| #ifdef HAVE_UNISTD_H
| # include <unistd.h>
| #endif
| int
| main (void)
| {
| #ifndef __INTEL_COMPILER
| #ifdef __cplusplus
|   (void) __INTEL_COMPILER;
| #else
|   (void) __INTEL_COMPILER;
| #endif
| #endif
| 
|   ;
|   return 0;
| }
configure:14009: result: no
configure:14017: checking whether __SUNPRO_C is declared
configure:14017: /home/kyle/Development/Fiwix/tools/musl-clang64.sh -c -O2  -I/home/kyle/Development/Fiwix/.build/x11-prefix/include conftest.c >&5
conftest.c:76:10: error: use of undeclared identifier '__SUNPRO_C'
   76 |   (void) __SUNPRO_C;
      |          ^
1 error generated.
configure:14017: $? = 1
configure: failed program was:
| /* confdefs.h */
| #define PACKAGE_NAME "libXext"
| #define PACKAGE_TARNAME "libXext"
| #define PACKAGE_VERSION "1.3.6"
| #define PACKAGE_STRING "libXext 1.3.6"
| #define PACKAGE_BUGREPORT "https://gitlab.freedesktop.org/xorg/lib/libxext/-/issues"
| #define PACKAGE_URL ""
| #define HAVE_STDIO_H 1
| #define HAVE_STDLIB_H 1
| #define HAVE_STRING_H 1
| #define HAVE_INTTYPES_H 1
| #define HAVE_STDINT_H 1
| #define HAVE_STRINGS_H 1
| #define HAVE_SYS_STAT_H 1
| #define HAVE_SYS_TYPES_H 1
| #define HAVE_UNISTD_H 1
| #define HAVE_WCHAR_H 1
| #define STDC_HEADERS 1
| #define _ALL_SOURCE 1
| #define _DARWIN_C_SOURCE 1
| #define _GNU_SOURCE 1
| #define _HPUX_ALT_XOPEN_SOCKET_API 1
| #define _NETBSD_SOURCE 1
| #define _OPENBSD_SOURCE 1
| #define _POSIX_PTHREAD_SEMANTICS 1
| #define __STDC_WANT_IEC_60559_ATTRIBS_EXT__ 1
| #define __STDC_WANT_IEC_60559_BFP_EXT__ 1
| #define __STDC_WANT_IEC_60559_DFP_EXT__ 1
| #define __STDC_WANT_IEC_60559_EXT__ 1
| #define __STDC_WANT_IEC_60559_FUNCS_EXT__ 1
| #define __STDC_WANT_IEC_60559_TYPES_EXT__ 1
| #define __STDC_WANT_LIB_EXT2__ 1
| #define __STDC_WANT_MATH_SPEC_FUNCS__ 1
| #define _TANDEM_SOURCE 1
| #define __EXTENSIONS__ 1
| #define PACKAGE "libXext"
| #define VERSION "1.3.6"
| #define HAVE_DLFCN_H 1
| #define LT_OBJDIR ".libs/"
| /* end confdefs.h.  */
| #include <stddef.h>
| #ifdef HAVE_STDIO_H
| # include <stdio.h>
| #endif
| #ifdef HAVE_STDLIB_H
| # include <stdlib.h>
| #endif
| #ifdef HAVE_STRING_H
| # include <string.h>
| #endif
| #ifdef HAVE_INTTYPES_H
| # include <inttypes.h>
| #endif
| #ifdef HAVE_STDINT_H
| # include <stdint.h>
| #endif
| #ifdef HAVE_STRINGS_H
| # include <strings.h>
| #endif
| #ifdef HAVE_SYS_TYPES_H
| # include <sys/types.h>
| #endif
| #ifdef HAVE_SYS_STAT_H
| # include <sys/stat.h>
| #endif
| #ifdef HAVE_UNISTD_H
| # include <unistd.h>
| #endif
| int
| main (void)
| {
| #ifndef __SUNPRO_C
| #ifdef __cplusplus
|   (void) __SUNPRO_C;
| #else
|   (void) __SUNPRO_C;
| #endif
| #endif
| 
|   ;
|   return 0;
| }
configure:14017: result: no
configure:14037: checking for x86_64-unknown-linux-gnu-pkg-config
configure:14076: result: no
configure:14086: checking for pkg-config
configure:14109: found /usr/bin/pkg-config
configure:14122: result: /usr/bin/pkg-config
configure:14147: checking pkg-config is at least version 0.9.0
configure:14150: result: yes
configure:14201: checking if /home/kyle/Development/Fiwix/tools/musl-clang64.sh supports -Werror=unknown-warning-option
configure:14211: /home/kyle/Development/Fiwix/tools/musl-clang64.sh -c -O2 -Werror=unknown-warning-option -I/home/kyle/Development/Fiwix/.build/x11-prefix/include conftest.c >&5
configure:14211: $? = 0
configure:14221: result: yes
configure:14232: checking if /home/kyle/Development/Fiwix/tools/musl-clang64.sh supports -Werror=unused-command-line-argument
configure:14242: /home/kyle/Development/Fiwix/tools/musl-clang64.sh -c -O2 -Werror=unknown-warning-option -Werror=unused-command-line-argument -I/home/kyle/Development/Fiwix/.build/x11-prefix/include conftest.c >&5
configure:14242: $? = 0
configure:14252: result: yes
configure:14271: checking if /home/kyle/Development/Fiwix/tools/musl-clang64.sh supports -Wall
configure:14289: /home/kyle/Development/Fiwix/tools/musl-clang64.sh -o conftest -O2 -Werror=unknown-warning-option -Werror=unused-command-line-argument -Wall -I/home/kyle/Development/Fiwix/.build/x11-prefix/include -L/home/kyle/Development/Fiwix/.build/x11-prefix/lib conftest.c  >&5
configure:14289: $? = 0
configure:14305: result: yes
configure:14401: checking if /home/kyle/Development/Fiwix/tools/musl-clang64.sh supports -Wpointer-arith
configure:14419: /home/kyle/Development/Fiwix/tools/musl-clang64.sh -o conftest -O2 -Werror=unknown-warning-option -Werror=unused-command-line-argument -Wpointer-arith -I/home/kyle/Development/Fiwix/.build/x11-prefix/include -L/home/kyle/Development/Fiwix/.build/x11-prefix/lib conftest.c  >&5
configure:14419: $? = 0
configure:14435: result: yes
configure:14531: checking if /home/kyle/Development/Fiwix/tools/musl-clang64.sh supports -Wmissing-declarations
configure:14549: /home/kyle/Development/Fiwix/tools/musl-clang64.sh -o conftest -O2 -Werror=unknown-warning-option -Werror=unused-command-line-argument -Wmissing-declarations -I/home/kyle/Development/Fiwix/.build/x11-prefix/include -L/home/kyle/Development/Fiwix/.build/x11-prefix/lib conftest.c  >&5
configure:14549: $? = 0
configure:14565: result: yes
configure:14661: checking if /home/kyle/Development/Fiwix/tools/musl-clang64.sh supports -Wformat=2
configure:14679: /home/kyle/Development/Fiwix/tools/musl-clang64.sh -o conftest -O2 -Werror=unknown-warning-option -Werror=unused-command-line-argument -Wformat=2 -I/home/kyle/Development/Fiwix/.build/x11-prefix/include -L/home/kyle/Development/Fiwix/.build/x11-prefix/lib conftest.c  >&5
configure:14679: $? = 0
configure:14695: result: yes
configure:14846: checking if /home/kyle/Development/Fiwix/tools/musl-clang64.sh supports -Wstrict-prototypes
configure:14864: /home/kyle/Development/Fiwix/tools/musl-clang64.sh -o conftest -O2 -Werror=unknown-warning-option -Werror=unused-command-line-argument -Wstrict-prototypes -I/home/kyle/Development/Fiwix/.build/x11-prefix/include -L/home/kyle/Development/Fiwix/.build/x11-prefix/lib conftest.c  >&5
configure:14864: $? = 0
configure:14880: result: yes
configure:14976: checking if /home/kyle/Development/Fiwix/tools/musl-clang64.sh supports -Wmissing-prototypes
configure:14994: /home/kyle/Development/Fiwix/tools/musl-clang64.sh -o conftest -O2 -Werror=unknown-warning-option -Werror=unused-command-line-argument -Wmissing-prototypes -I/home/kyle/Development/Fiwix/.build/x11-prefix/include -L/home/kyle/Development/Fiwix/.build/x11-prefix/lib conftest.c  >&5
configure:14994: $? = 0
configure:15010: result: yes
configure:15106: checking if /home/kyle/Development/Fiwix/tools/musl-clang64.sh supports -Wnested-externs
configure:15124: /home/kyle/Development/Fiwix/tools/musl-clang64.sh -o conftest -O2 -Werror=unknown-warning-option -Werror=unused-command-line-argument -Wnested-externs -I/home/kyle/Development/Fiwix/.build/x11-prefix/include -L/home/kyle/Development/Fiwix/.build/x11-prefix/lib conftest.c  >&5
configure:15124: $? = 0
configure:15140: result: yes
configure:15236: checking if /home/kyle/Development/Fiwix/tools/musl-clang64.sh supports -Wbad-function-cast
configure:15254: /home/kyle/Development/Fiwix/tools/musl-clang64.sh -o conftest -O2 -Werror=unknown-warning-option -Werror=unused-command-line-argument -Wbad-function-cast -I/home/kyle/Development/Fiwix/.build/x11-prefix/include -L/home/kyle/Development/Fiwix/.build/x11-prefix/lib conftest.c  >&5
configure:15254: $? = 0
configure:15270: result: yes
configure:15366: checking if /home/kyle/Development/Fiwix/tools/musl-clang64.sh supports -Wold-style-definition
configure:15384: /home/kyle/Development/Fiwix/tools/musl-clang64.sh -o conftest -O2 -Werror=unknown-warning-option -Werror=unused-command-line-argument -Wold-style-definition -I/home/kyle/Development/Fiwix/.build/x11-prefix/include -L/home/kyle/Development/Fiwix/.build/x11-prefix/lib conftest.c  >&5
configure:15384: $? = 0
configure:15400: result: yes
configure:15553: checking if /home/kyle/Development/Fiwix/tools/musl-clang64.sh supports -Wunused
configure:15571: /home/kyle/Development/Fiwix/tools/musl-clang64.sh -o conftest -O2 -Werror=unknown-warning-option -Werror=unused-command-line-argument -Wunused -I/home/kyle/Development/Fiwix/.build/x11-prefix/include -L/home/kyle/Development/Fiwix/.build/x11-prefix/lib conftest.c  >&5
configure:15571: $? = 0
configure:15587: result: yes
configure:15683: checking if /home/kyle/Development/Fiwix/tools/musl-clang64.sh supports -Wuninitialized
configure:15701: /home/kyle/Development/Fiwix/tools/musl-clang64.sh -o conftest -O2 -Werror=unknown-warning-option -Werror=unused-command-line-argument -Wuninitialized -I/home/kyle/Development/Fiwix/.build/x11-prefix/include -L/home/kyle/Development/Fiwix/.build/x11-prefix/lib conftest.c  >&5
configure:15701: $? = 0
configure:15717: result: yes
configure:15813: checking if /home/kyle/Development/Fiwix/tools/musl-clang64.sh supports -Wshadow
configure:15831: /home/kyle/Development/Fiwix/tools/musl-clang64.sh -o conftest -O2 -Werror=unknown-warning-option -Werror=unused-command-line-argument -Wshadow -I/home/kyle/Development/Fiwix/.build/x11-prefix/include -L/home/kyle/Development/Fiwix/.build/x11-prefix/lib conftest.c  >&5
configure:15831: $? = 0
configure:15847: result: yes
configure:15943: checking if /home/kyle/Development/Fiwix/tools/musl-clang64.sh supports -Wmissing-noreturn
configure:15961: /home/kyle/Development/Fiwix/tools/musl-clang64.sh -o conftest -O2 -Werror=unknown-warning-option -Werror=unused-command-line-argument -Wmissing-noreturn -I/home/kyle/Development/Fiwix/.build/x11-prefix/include -L/home/kyle/Development/Fiwix/.build/x11-prefix/lib conftest.c  >&5
configure:15961: $? = 0
configure:15977: result: yes
configure:16073: checking if /home/kyle/Development/Fiwix/tools/musl-clang64.sh supports -Wmissing-format-attribute
configure:16091: /home/kyle/Development/Fiwix/tools/musl-clang64.sh -o conftest -O2 -Werror=unknown-warning-option -Werror=unused-command-line-argument -Wmissing-format-attribute -I/home/kyle/Development/Fiwix/.build/x11-prefix/include -L/home/kyle/Development/Fiwix/.build/x11-prefix/lib conftest.c  >&5
configure:16091: $? = 0
configure:16107: result: yes
configure:16203: checking if /home/kyle/Development/Fiwix/tools/musl-clang64.sh supports -Wredundant-decls
configure:16221: /home/kyle/Development/Fiwix/tools/musl-clang64.sh -o conftest -O2 -Werror=unknown-warning-option -Werror=unused-command-line-argument -Wredundant-decls -I/home/kyle/Development/Fiwix/.build/x11-prefix/include -L/home/kyle/Development/Fiwix/.build/x11-prefix/lib conftest.c  >&5
configure:16221: $? = 0
configure:16237: result: yes
configure:16333: checking if /home/kyle/Development/Fiwix/tools/musl-clang64.sh supports -Wlogical-op
configure:16351: /home/kyle/Development/Fiwix/tools/musl-clang64.sh -o conftest -O2 -Werror=unknown-warning-option -Werror=unused-command-line-argument -Wlogical-op -I/home/kyle/Development/Fiwix/.build/x11-prefix/include -L/home/kyle/Development/Fiwix/.build/x11-prefix/lib conftest.c  >&5
error: unknown warning option '-Wlogical-op'; did you mean '-Wlong-long'? [-Werror,-Wunknown-warning-option]
configure:16351: $? = 1
configure: failed program was:
| /* confdefs.h */
| #define PACKAGE_NAME "libXext"
| #define PACKAGE_TARNAME "libXext"
| #define PACKAGE_VERSION "1.3.6"
| #define PACKAGE_STRING "libXext 1.3.6"
| #define PACKAGE_BUGREPORT "https://gitlab.freedesktop.org/xorg/lib/libxext/-/issues"
| #define PACKAGE_URL ""
| #define HAVE_STDIO_H 1
| #define HAVE_STDLIB_H 1
| #define HAVE_STRING_H 1
| #define HAVE_INTTYPES_H 1
| #define HAVE_STDINT_H 1
| #define HAVE_STRINGS_H 1
| #define HAVE_SYS_STAT_H 1
| #define HAVE_SYS_TYPES_H 1
| #define HAVE_UNISTD_H 1
| #define HAVE_WCHAR_H 1
| #define STDC_HEADERS 1
| #define _ALL_SOURCE 1
| #define _DARWIN_C_SOURCE 1
| #define _GNU_SOURCE 1
| #define _HPUX_ALT_XOPEN_SOCKET_API 1
| #define _NETBSD_SOURCE 1
| #define _OPENBSD_SOURCE 1
| #define _POSIX_PTHREAD_SEMANTICS 1
| #define __STDC_WANT_IEC_60559_ATTRIBS_EXT__ 1
| #define __STDC_WANT_IEC_60559_BFP_EXT__ 1
| #define __STDC_WANT_IEC_60559_DFP_EXT__ 1
| #define __STDC_WANT_IEC_60559_EXT__ 1
| #define __STDC_WANT_IEC_60559_FUNCS_EXT__ 1
| #define __STDC_WANT_IEC_60559_TYPES_EXT__ 1
| #define __STDC_WANT_LIB_EXT2__ 1
| #define __STDC_WANT_MATH_SPEC_FUNCS__ 1
| #define _TANDEM_SOURCE 1
| #define __EXTENSIONS__ 1
| #define PACKAGE "libXext"
| #define VERSION "1.3.6"
| #define HAVE_DLFCN_H 1
| #define LT_OBJDIR ".libs/"
| /* end confdefs.h.  */
| int i;
| int
| main (void)
| {
| 
|   ;
|   return 0;
| }
configure:16367: result: no
configure:16475: checking if /home/kyle/Development/Fiwix/tools/musl-clang64.sh supports -Werror=implicit
configure:16493: /home/kyle/Development/Fiwix/tools/musl-clang64.sh -o conftest -O2 -Werror=unknown-warning-option -Werror=unused-command-line-argument -Werror=implicit -I/home/kyle/Development/Fiwix/.build/x11-prefix/include -L/home/kyle/Development/Fiwix/.build/x11-prefix/lib conftest.c  >&5
configure:16493: $? = 0
configure:16509: result: yes
configure:16658: checking if /home/kyle/Development/Fiwix/tools/musl-clang64.sh supports -Werror=nonnull
configure:16676: /home/kyle/Development/Fiwix/tools/musl-clang64.sh -o conftest -O2 -Werror=unknown-warning-option -Werror=unused-command-line-argument -Werror=nonnull -I/home/kyle/Development/Fiwix/.build/x11-prefix/include -L/home/kyle/Development/Fiwix/.build/x11-prefix/lib conftest.c  >&5
configure:16676: $? = 0
configure:16692: result: yes
configure:16788: checking if /home/kyle/Development/Fiwix/tools/musl-clang64.sh supports -Werror=init-self
configure:16806: /home/kyle/Development/Fiwix/tools/musl-clang64.sh -o conftest -O2 -Werror=unknown-warning-option -Werror=unused-command-line-argument -Werror=init-self -I/home/kyle/Development/Fiwix/.build/x11-prefix/include -L/home/kyle/Development/Fiwix/.build/x11-prefix/lib conftest.c  >&5
configure:16806: $? = 0
configure:16822: result: yes
configure:16918: checking if /home/kyle/Development/Fiwix/tools/musl-clang64.sh supports -Werror=main
configure:16936: /home/kyle/Development/Fiwix/tools/musl-clang64.sh -o conftest -O2 -Werror=unknown-warning-option -Werror=unused-command-line-argument -Werror=main -I/home/kyle/Development/Fiwix/.build/x11-prefix/include -L/home/kyle/Development/Fiwix/.build/x11-prefix/lib conftest.c  >&5
configure:16936: $? = 0
configure:16952: result: yes
configure:17048: checking if /home/kyle/Development/Fiwix/tools/musl-clang64.sh supports -Werror=missing-braces
configure:17066: /home/kyle/Development/Fiwix/tools/musl-clang64.sh -o conftest -O2 -Werror=unknown-warning-option -Werror=unused-command-line-argument -Werror=missing-braces -I/home/kyle/Development/Fiwix/.build/x11-prefix/include -L/home/kyle/Development/Fiwix/.build/x11-prefix/lib conftest.c  >&5
configure:17066: $? = 0
configure:17082: result: yes
configure:17178: checking if /home/kyle/Development/Fiwix/tools/musl-clang64.sh supports -Werror=sequence-point
configure:17196: /home/kyle/Development/Fiwix/tools/musl-clang64.sh -o conftest -O2 -Werror=unknown-warning-option -Werror=unused-command-line-argument -Werror=sequence-point -I/home/kyle/Development/Fiwix/.build/x11-prefix/include -L/home/kyle/Development/Fiwix/.build/x11-prefix/lib conftest.c  >&5
configure:17196: $? = 0
configure:17212: result: yes
configure:17308: checking if /home/kyle/Development/Fiwix/tools/musl-clang64.sh supports -Werror=return-type
configure:17326: /home/kyle/Development/Fiwix/tools/musl-clang64.sh -o conftest -O2 -Werror=unknown-warning-option -Werror=unused-command-line-argument -Werror=return-type -I/home/kyle/Development/Fiwix/.build/x11-prefix/include -L/home/kyle/Development/Fiwix/.build/x11-prefix/lib conftest.c  >&5
configure:17326: $? = 0
configure:17342: result: yes
configure:17491: checking if /home/kyle/Development/Fiwix/tools/musl-clang64.sh supports -Werror=trigraphs
configure:17509: /home/kyle/Development/Fiwix/tools/musl-clang64.sh -o conftest -O2 -Werror=unknown-warning-option -Werror=unused-command-line-argument -Werror=trigraphs -I/home/kyle/Development/Fiwix/.build/x11-prefix/include -L/home/kyle/Development/Fiwix/.build/x11-prefix/lib conftest.c  >&5
configure:17509: $? = 0
configure:17525: result: yes
configure:17621: checking if /home/kyle/Development/Fiwix/tools/musl-clang64.sh supports -Werror=array-bounds
configure:17639: /home/kyle/Development/Fiwix/tools/musl-clang64.sh -o conftest -O2 -Werror=unknown-warning-option -Werror=unused-command-line-argument -Werror=array-bounds -I/home/kyle/Development/Fiwix/.build/x11-prefix/include -L/home/kyle/Development/Fiwix/.build/x11-prefix/lib conftest.c  >&5
configure:17639: $? = 0
configure:17655: result: yes
configure:17751: checking if /home/kyle/Development/Fiwix/tools/musl-clang64.sh supports -Werror=write-strings
configure:17769: /home/kyle/Development/Fiwix/tools/musl-clang64.sh -o conftest -O2 -Werror=unknown-warning-option -Werror=unused-command-line-argument -Werror=write-strings -I/home/kyle/Development/Fiwix/.build/x11-prefix/include -L/home/kyle/Development/Fiwix/.build/x11-prefix/lib conftest.c  >&5
configure:17769: $? = 0
configure:17785: result: yes
configure:17881: checking if /home/kyle/Development/Fiwix/tools/musl-clang64.sh supports -Werror=address
configure:17899: /home/kyle/Development/Fiwix/tools/musl-clang64.sh -o conftest -O2 -Werror=unknown-warning-option -Werror=unused-command-line-argument -Werror=address -I/home/kyle/Development/Fiwix/.build/x11-prefix/include -L/home/kyle/Development/Fiwix/.build/x11-prefix/lib conftest.c  >&5
configure:17899: $? = 0
configure:17915: result: yes
configure:18011: checking if /home/kyle/Development/Fiwix/tools/musl-clang64.sh supports -Werror=int-to-pointer-cast
configure:18029: /home/kyle/Development/Fiwix/tools/musl-clang64.sh -o conftest -O2 -Werror=unknown-warning-option -Werror=unused-command-line-argument -Werror=int-to-pointer-cast -I/home/kyle/Development/Fiwix/.build/x11-prefix/include -L/home/kyle/Development/Fiwix/.build/x11-prefix/lib conftest.c  >&5
configure:18029: $? = 0
configure:18045: result: yes
configure:18194: checking if /home/kyle/Development/Fiwix/tools/musl-clang64.sh supports -Werror=pointer-to-int-cast
configure:18212: /home/kyle/Development/Fiwix/tools/musl-clang64.sh -o conftest -O2 -Werror=unknown-warning-option -Werror=unused-command-line-argument -Werror=pointer-to-int-cast -I/home/kyle/Development/Fiwix/.build/x11-prefix/include -L/home/kyle/Development/Fiwix/.build/x11-prefix/lib conftest.c  >&5
configure:18212: $? = 0
configure:18228: result: yes
configure:20052: checking if /home/kyle/Development/Fiwix/tools/musl-clang64.sh supports -pedantic
configure:20070: /home/kyle/Development/Fiwix/tools/musl-clang64.sh -o conftest -O2 -Werror=unknown-warning-option -Werror=unused-command-line-argument -pedantic -I/home/kyle/Development/Fiwix/.build/x11-prefix/include -L/home/kyle/Development/Fiwix/.build/x11-prefix/lib conftest.c  >&5
configure:20070: $? = 0
configure:20086: result: yes
configure:20182: checking if /home/kyle/Development/Fiwix/tools/musl-clang64.sh supports -Werror
configure:20200: /home/kyle/Development/Fiwix/tools/musl-clang64.sh -o conftest -O2 -Werror=unknown-warning-option -Werror=unused-command-line-argument -Werror -I/home/kyle/Development/Fiwix/.build/x11-prefix/include -L/home/kyle/Development/Fiwix/.build/x11-prefix/lib conftest.c  >&5
configure:20200: $? = 0
configure:20216: result: yes
configure:20368: checking if /home/kyle/Development/Fiwix/tools/musl-clang64.sh supports -Werror=attributes
configure:20386: /home/kyle/Development/Fiwix/tools/musl-clang64.sh -o conftest -O2 -Werror=unknown-warning-option -Werror=unused-command-line-argument -Werror=attributes -I/home/kyle/Development/Fiwix/.build/x11-prefix/include -L/home/kyle/Development/Fiwix/.build/x11-prefix/lib conftest.c  >&5
configure:20386: $? = 0
configure:20402: result: yes
configure:20609: checking whether to build functional specifications
configure:20611: result: yes
configure:20632: checking for xmlto
configure:20671: result: no
configure:20677: WARNING: xmlto not found - documentation targets will be skipped
configure:20839: checking for fop
configure:20878: result: no
configure:20884: WARNING: fop not found - documentation targets will be skipped
configure:20982: checking for xsltproc
configure:21005: found /usr/bin/xsltproc
configure:21018: result: /usr/bin/xsltproc
configure:21104: checking for X.Org SGML entities >= 1.8
configure:21108: $PKG_CONFIG --exists --print-errors "xorg-sgml-doctools >= 1.8"
configure:21111: $? = 0
configure:21122: result: /usr/share/sgml
configure:21154: checking whether to act as if malloc(0) can return NULL
configure:21156: result: yes
configure:21188: checking for xproto >= 7.0.13 x11 >= 1.6 xextproto >= 7.1.99
configure:21195: $PKG_CONFIG --exists --print-errors "xproto >= 7.0.13 x11 >= 1.6 xextproto >= 7.1.99"
configure:21198: $? = 0
configure:21212: $PKG_CONFIG --exists --print-errors "xproto >= 7.0.13 x11 >= 1.6 xextproto >= 7.1.99"
configure:21215: $? = 0
configure:21273: result: yes
configure:21281: checking for __builtin_popcountl
configure:21301: /home/kyle/Development/Fiwix/tools/musl-clang64.sh -o conftest -O2 -I/home/kyle/Development/Fiwix/.build/x11-prefix/include -L/home/kyle/Development/Fiwix/.build/x11-prefix/lib conftest.c  >&5
conftest.c:49:13: warning: ignoring return value of function declared with const attribute [-Wunused-value]
   49 |             __builtin_popcountl(0)
      |             ^~~~~~~~~~~~~~~~~~~ ~
1 warning generated.
configure:21301: $? = 0
configure:21313: result: yes
configure:21325: checking for reallocarray
configure:21325: /home/kyle/Development/Fiwix/tools/musl-clang64.sh -o conftest -O2 -I/home/kyle/Development/Fiwix/.build/x11-prefix/include -L/home/kyle/Development/Fiwix/.build/x11-prefix/lib conftest.c  >&5
configure:21325: $? = 0
configure:21325: result: yes
configure:21587: checking that generated files are newer than configure
configure:21593: result: done
configure:21660: creating ./config.status

## ---------------------- ##
## Running config.status. ##
## ---------------------- ##

This file was extended by libXext config.status 1.3.6, which was
generated by GNU Autoconf 2.72.  Invocation command line was

  CONFIG_FILES    = 
  CONFIG_HEADERS  = 
  CONFIG_LINKS    = 
  CONFIG_COMMANDS = 
  $ ./config.status 

on T7810

config.status:1180: creating Makefile
config.status:1180: creating man/Makefile
config.status:1180: creating src/Makefile
config.status:1180: creating specs/Makefile
config.status:1180: creating xext.pc
config.status:1180: creating config.h
config.status:1409: executing depfiles commands
config.status:1486: cd src       && sed -e '/# am--include-marker/d' Makefile         | make -f - am--depfiles
config.status:1491: $? = 0
config.status:1409: executing libtool commands

## ---------------- ##
## Cache variables. ##
## ---------------- ##

ac_cv_build=x86_64-pc-linux-musl
ac_cv_c_compiler_gnu=yes
ac_cv_c_undeclared_builtin_options='none needed'
ac_cv_env_CC_set=set
ac_cv_env_CC_value=/home/kyle/Development/Fiwix/tools/musl-clang64.sh
ac_cv_env_CFLAGS_set=set
ac_cv_env_CFLAGS_value=-O2
ac_cv_env_CPPFLAGS_set=set
ac_cv_env_CPPFLAGS_value=-I/home/kyle/Development/Fiwix/.build/x11-prefix/include
ac_cv_env_FOP_set=
ac_cv_env_FOP_value=
ac_cv_env_LDFLAGS_set=set
ac_cv_env_LDFLAGS_value=-L/home/kyle/Development/Fiwix/.build/x11-prefix/lib
ac_cv_env_LIBS_set=
ac_cv_env_LIBS_value=
ac_cv_env_LINT_FLAGS_set=
ac_cv_env_LINT_FLAGS_value=
ac_cv_env_LINT_set=
ac_cv_env_LINT_value=
ac_cv_env_LT_SYS_LIBRARY_PATH_set=
ac_cv_env_LT_SYS_LIBRARY_PATH_value=
ac_cv_env_PKG_CONFIG_LIBDIR_set=
ac_cv_env_PKG_CONFIG_LIBDIR_value=
ac_cv_env_PKG_CONFIG_PATH_set=set
ac_cv_env_PKG_CONFIG_PATH_value=/home/kyle/Development/Fiwix/.build/x11-prefix/lib/pkgconfig:/home/kyle/Development/Fiwix/.build/x11-prefix/share/pkgconfig
ac_cv_env_PKG_CONFIG_set=
ac_cv_env_PKG_CONFIG_value=
ac_cv_env_XEXT_CFLAGS_set=
ac_cv_env_XEXT_CFLAGS_value=
ac_cv_env_XEXT_LIBS_set=
ac_cv_env_XEXT_LIBS_value=
ac_cv_env_XMLTO_set=
ac_cv_env_XMLTO_value=
ac_cv_env_XSLTPROC_set=
ac_cv_env_XSLTPROC_value=
ac_cv_env_build_alias_set=
ac_cv_env_build_alias_value=
ac_cv_env_host_alias_set=set
ac_cv_env_host_alias_value=x86_64-unknown-linux-gnu
ac_cv_env_target_alias_set=
ac_cv_env_target_alias_value=
ac_cv_func_reallocarray=yes
ac_cv_have_decl___INTEL_COMPILER=no
ac_cv_have_decl___SUNPRO_C=no
ac_cv_have_decl___clang__=yes
ac_cv_header_dlfcn_h=yes
ac_cv_header_inttypes_h=yes
ac_cv_header_minix_config_h=no
ac_cv_header_stdint_h=yes
ac_cv_header_stdio_h=yes
ac_cv_header_stdlib_h=yes
ac_cv_header_string_h=yes
ac_cv_header_strings_h=yes
ac_cv_header_sys_stat_h=yes
ac_cv_header_sys_types_h=yes
ac_cv_header_unistd_h=yes
ac_cv_header_wchar_h=yes
ac_cv_host=x86_64-unknown-linux-gnu
ac_cv_objext=o
ac_cv_path_EGREP='/usr/bin/grep -E'
ac_cv_path_EGREP_TRADITIONAL='/usr/bin/grep -E'
ac_cv_path_FGREP='/usr/bin/grep -F'
ac_cv_path_GREP=/usr/bin/grep
ac_cv_path_SED=/usr/bin/sed
ac_cv_path_XSLTPROC=/usr/bin/xsltproc
ac_cv_path_ac_pt_PKG_CONFIG=/usr/bin/pkg-config
ac_cv_path_install='/usr/bin/install -c'
ac_cv_path_lt_DD=/usr/bin/dd
ac_cv_path_mkdir=/usr/bin/mkdir
ac_cv_prog_AWK=mawk
ac_cv_prog_CC=/home/kyle/Development/Fiwix/tools/musl-clang64.sh
ac_cv_prog_FILECMD=file
ac_cv_prog_STRIP=strip
ac_cv_prog_ac_ct_AR=ar
ac_cv_prog_ac_ct_DUMPBIN='link -dump'
ac_cv_prog_ac_ct_MANIFEST_TOOL=mt
ac_cv_prog_ac_ct_OBJDUMP=objdump
ac_cv_prog_ac_ct_RANLIB=ranlib
ac_cv_prog_ac_ct_STRIP=strip
ac_cv_prog_cc_c11=
ac_cv_prog_cc_g=yes
ac_cv_prog_cc_stdc=
ac_cv_prog_make_make_set=yes
ac_cv_safe_to_define___extensions__=yes
ac_cv_should_define__xopen_source=no
am_cv_CC_dependencies_compiler_type=gcc3
am_cv_filesystem_timestamp_resolution=0.01
am_cv_make_support_nested_variables=yes
am_cv_prog_cc_c_o=yes
am_cv_sleep_fractional_seconds=yes
am_cv_xargs_n_works=yes
ax_cv_have___builtin_popcountl=yes
lt_cv_ar_at_file=@
lt_cv_archive_cmds_need_lc=no
lt_cv_deplibs_check_method=pass_all
lt_cv_file_magic_cmd='$MAGIC_CMD'
lt_cv_file_magic_test_file=
lt_cv_ld_reload_flag=-r
lt_cv_nm_interface='BSD nm'
lt_cv_objdir=.libs
lt_cv_path_LD=/usr/bin/ld
lt_cv_path_NM=no
lt_cv_path_manifest_tool=no
lt_cv_prog_compiler_c_o=yes
lt_cv_prog_compiler_pic='-fPIC -DPIC'
lt_cv_prog_compiler_pic_works=yes
lt_cv_prog_compiler_rtti_exceptions=yes
lt_cv_prog_compiler_static_works=no
lt_cv_prog_gnu_ld=yes
lt_cv_sharedlib_from_linklib_cmd='printf %s\n'
lt_cv_shlibpath_overrides_runpath=yes
lt_cv_sys_global_symbol_pipe='/usr/bin/sed -n -e '\''s/^.*[	 ]\([ABCDGIRSTW][ABCDGIRSTW]*\)[	 ][	 ]*\([_A-Za-z][_A-Za-z0-9]*\)$/\1 \2 \2/p'\'' | /usr/bin/sed '\''/ __gnu_lto/d'\'''
lt_cv_sys_global_symbol_to_c_name_address='/usr/bin/sed -n -e '\''s/^: \(.*\) .*$/  {"\1", (void *) 0},/p'\'' -e '\''s/^[ABCDGIRSTW][ABCDGIRSTW]* .* \(.*\)$/  {"\1", (void *) \&\1},/p'\'''
lt_cv_sys_global_symbol_to_c_name_address_lib_prefix='/usr/bin/sed -n -e '\''s/^: \(.*\) .*$/  {"\1", (void *) 0},/p'\'' -e '\''s/^[ABCDGIRSTW][ABCDGIRSTW]* .* \(lib.*\)$/  {"\1", (void *) \&\1},/p'\'' -e '\''s/^[ABCDGIRSTW][ABCDGIRSTW]* .* \(.*\)$/  {"lib\1", (void *) \&\1},/p'\'''
lt_cv_sys_global_symbol_to_cdecl='/usr/bin/sed -n -e '\''s/^T .* \(.*\)$/extern int \1();/p'\'' -e '\''s/^[ABCDGIRSTW][ABCDGIRSTW]* .* \(.*\)$/extern char \1;/p'\'''
lt_cv_sys_global_symbol_to_import=
lt_cv_sys_max_cmd_len=1572864
lt_cv_to_host_file_cmd=func_convert_file_noop
lt_cv_to_tool_file_cmd=func_convert_file_noop
lt_cv_truncate_bin='/usr/bin/dd bs=4096 count=1'
pkg_cv_XEXT_CFLAGS='-I/home/kyle/Development/Fiwix/.build/x11-prefix/include '
pkg_cv_XEXT_LIBS='-L/home/kyle/Development/Fiwix/.build/x11-prefix/lib -lX11 '
xorg_cv_cc_flag__Wall=yes
xorg_cv_cc_flag__Wbad_function_cast=yes
xorg_cv_cc_flag__Werror=yes
xorg_cv_cc_flag__Werror_address=yes
xorg_cv_cc_flag__Werror_array_bounds=yes
xorg_cv_cc_flag__Werror_attributes=yes
xorg_cv_cc_flag__Werror_implicit=yes
xorg_cv_cc_flag__Werror_init_self=yes
xorg_cv_cc_flag__Werror_int_to_pointer_cast=yes
xorg_cv_cc_flag__Werror_main=yes
xorg_cv_cc_flag__Werror_missing_braces=yes
xorg_cv_cc_flag__Werror_nonnull=yes
xorg_cv_cc_flag__Werror_pointer_to_int_cast=yes
xorg_cv_cc_flag__Werror_return_type=yes
xorg_cv_cc_flag__Werror_sequence_point=yes
xorg_cv_cc_flag__Werror_trigraphs=yes
xorg_cv_cc_flag__Werror_write_strings=yes
xorg_cv_cc_flag__Wformat_2=yes
xorg_cv_cc_flag__Wlogical_op=no
xorg_cv_cc_flag__Wmissing_declarations=yes
xorg_cv_cc_flag__Wmissing_format_attribute=yes
xorg_cv_cc_flag__Wmissing_noreturn=yes
xorg_cv_cc_flag__Wmissing_prototypes=yes
xorg_cv_cc_flag__Wnested_externs=yes
xorg_cv_cc_flag__Wold_style_definition=yes
xorg_cv_cc_flag__Wpointer_arith=yes
xorg_cv_cc_flag__Wredundant_decls=yes
xorg_cv_cc_flag__Wshadow=yes
xorg_cv_cc_flag__Wstrict_prototypes=yes
xorg_cv_cc_flag__Wuninitialized=yes
xorg_cv_cc_flag__Wunused=yes
xorg_cv_cc_flag__pedantic=yes
xorg_cv_cc_flag_unknown_warning_option=yes
xorg_cv_cc_flag_unused_command_line_argument=yes

## ----------------- ##
## Output variables. ##
## ----------------- ##

ACLOCAL='${SHELL} '\''/home/kyle/Development/Fiwix/third_party/x11/libXext/missing'\'' aclocal-1.17'
ADMIN_MAN_DIR='$(mandir)/man$(ADMIN_MAN_SUFFIX)'
ADMIN_MAN_SUFFIX='8'
AMDEPBACKSLASH='\'
AMDEP_FALSE='#'
AMDEP_TRUE=''
AMTAR='$${TAR-tar}'
AM_BACKSLASH='\'
AM_DEFAULT_V='$(AM_DEFAULT_VERBOSITY)'
AM_DEFAULT_VERBOSITY='0'
AM_V='$(V)'
APP_MAN_DIR='$(mandir)/man$(APP_MAN_SUFFIX)'
APP_MAN_SUFFIX='1'
AR='ar'
AUTOCONF='${SHELL} '\''/home/kyle/Development/Fiwix/third_party/x11/libXext/missing'\'' autoconf'
AUTOHEADER='${SHELL} '\''/home/kyle/Development/Fiwix/third_party/x11/libXext/missing'\'' autoheader'
AUTOMAKE='${SHELL} '\''/home/kyle/Development/Fiwix/third_party/x11/libXext/missing'\'' automake-1.17'
AWK='mawk'
BASE_CFLAGS=' -Wall -Wpointer-arith -Wmissing-declarations -Wformat=2 -Wstrict-prototypes -Wmissing-prototypes -Wnested-externs -Wbad-function-cast -Wold-style-definition -Wunused -Wuninitialized -Wshadow -Wmissing-noreturn -Wmissing-format-attribute -Wredundant-decls -Werror=implicit -Werror=nonnull -Werror=init-self -Werror=main -Werror=missing-braces -Werror=sequence-point -Werror=return-type -Werror=trigraphs -Werror=array-bounds -Werror=write-strings -Werror=address -Werror=int-to-pointer-cast -Werror=pointer-to-int-cast'
CC='/home/kyle/Development/Fiwix/tools/musl-clang64.sh'
CCDEPMODE='depmode=gcc3'
CFLAGS='-O2'
CHANGELOG_CMD='((GIT_DIR=$(top_srcdir)/.git git log > $(top_srcdir)/.changelog.tmp) 2>/dev/null && mv $(top_srcdir)/.changelog.tmp $(top_srcdir)/ChangeLog) || (rm -f $(top_srcdir)/.changelog.tmp; test -e $(top_srcdir)/ChangeLog || ( touch $(top_srcdir)/ChangeLog; echo '\''git failed to create ChangeLog: installing empty ChangeLog.'\'' >&2))'
CPPFLAGS='-I/home/kyle/Development/Fiwix/.build/x11-prefix/include'
CSCOPE='cscope'
CTAGS='ctags'
CWARNFLAGS=' -Wall -Wpointer-arith -Wmissing-declarations -Wformat=2 -Wstrict-prototypes -Wmissing-prototypes -Wnested-externs -Wbad-function-cast -Wold-style-definition -Wunused -Wuninitialized -Wshadow -Wmissing-noreturn -Wmissing-format-attribute -Wredundant-decls -Werror=implicit -Werror=nonnull -Werror=init-self -Werror=main -Werror=missing-braces -Werror=sequence-point -Werror=return-type -Werror=trigraphs -Werror=array-bounds -Werror=write-strings -Werror=address -Werror=int-to-pointer-cast -Werror=pointer-to-int-cast -fno-strict-aliasing'
CYGPATH_W='echo'
DEFS='-DHAVE_CONFIG_H'
DEPDIR='.deps'
DLLTOOL='false'
DRIVER_MAN_DIR='$(mandir)/man$(DRIVER_MAN_SUFFIX)'
DRIVER_MAN_SUFFIX='4'
DSYMUTIL=''
DUMPBIN=':'
ECHO_C=''
ECHO_N='-n'
ECHO_T=''
EGREP='/usr/bin/grep -E'
ENABLE_SPECS_FALSE='#'
ENABLE_SPECS_TRUE=''
ETAGS='etags'
EXEEXT=''
FGREP='/usr/bin/grep -F'
FILECMD='file'
FILE_MAN_DIR='$(mandir)/man$(FILE_MAN_SUFFIX)'
FILE_MAN_SUFFIX='5'
FOP=''
GREP='/usr/bin/grep'
HAVE_FOP_FALSE=''
HAVE_FOP_TRUE='#'
HAVE_STYLESHEETS_FALSE='#'
HAVE_STYLESHEETS_TRUE=''
HAVE_XMLTO_FALSE=''
HAVE_XMLTO_TEXT_FALSE=''
HAVE_XMLTO_TEXT_TRUE='#'
HAVE_XMLTO_TRUE='#'
HAVE_XSLTPROC_FALSE='#'
HAVE_XSLTPROC_TRUE=''
INSTALL_CMD='(cp -f /home/kyle/Development/Fiwix/.build/x11-prefix/share/util-macros/INSTALL $(top_srcdir)/.INSTALL.tmp && mv $(top_srcdir)/.INSTALL.tmp $(top_srcdir)/INSTALL) || (rm -f $(top_srcdir)/.INSTALL.tmp; test -e $(top_srcdir)/INSTALL || ( touch $(top_srcdir)/INSTALL; echo '\''failed to copy INSTALL from util-macros: installing empty INSTALL.'\'' >&2))'
INSTALL_DATA='${INSTALL} -m 644'
INSTALL_PROGRAM='${INSTALL}'
INSTALL_SCRIPT='${INSTALL}'
INSTALL_STRIP_PROGRAM='$(install_sh) -c -s'
LD='/usr/bin/ld -m elf_x86_64'
LDFLAGS='-L/home/kyle/Development/Fiwix/.build/x11-prefix/lib'
LIBOBJS=''
LIBS=''
LIBTOOL='$(SHELL) $(top_builddir)/libtool'
LIB_MAN_DIR='$(mandir)/man$(LIB_MAN_SUFFIX)'
LIB_MAN_SUFFIX='3'
LINT=''
LINTLIB=''
LINT_FALSE=''
LINT_FLAGS='-badflag'
LINT_TRUE='#'
LIPO=''
LN_S='ln -s'
LTLIBOBJS=''
LT_SYS_LIBRARY_PATH=''
MAKEINFO='${SHELL} '\''/home/kyle/Development/Fiwix/third_party/x11/libXext/missing'\'' makeinfo'
MAKE_LINT_LIB_FALSE=''
MAKE_LINT_LIB_TRUE='#'
MALLOC_ZERO_CFLAGS='-DMALLOC_0_RETURNS_NULL'
MANIFEST_TOOL=':'
MAN_SUBSTS='	-e '\''s|__vendorversion__|"$(PACKAGE_STRING)" "$(XORG_MAN_PAGE)"|'\'' 	-e '\''s|__xorgversion__|"$(PACKAGE_STRING)" "$(XORG_MAN_PAGE)"|'\'' 	-e '\''s|__xservername__|Xorg|g'\'' 	-e '\''s|__xconfigfile__|xorg.conf|g'\'' 	-e '\''s|__projectroot__|$(prefix)|g'\'' 	-e '\''s|__apploaddir__|$(appdefaultdir)|g'\'' 	-e '\''s|__appmansuffix__|$(APP_MAN_SUFFIX)|g'\'' 	-e '\''s|__drivermansuffix__|$(DRIVER_MAN_SUFFIX)|g'\'' 	-e '\''s|__adminmansuffix__|$(ADMIN_MAN_SUFFIX)|g'\'' 	-e '\''s|__libmansuffix__|$(LIB_MAN_SUFFIX)|g'\'' 	-e '\''s|__miscmansuffix__|$(MISC_MAN_SUFFIX)|g'\'' 	-e '\''s|__filemansuffix__|$(FILE_MAN_SUFFIX)|g'\'''
MISC_MAN_DIR='$(mandir)/man$(MISC_MAN_SUFFIX)'
MISC_MAN_SUFFIX='7'
MKDIR_P='/usr/bin/mkdir -p'
NM='nm'
NMEDIT=''
OBJDUMP='objdump'
OBJEXT='o'
OTOOL64=''
OTOOL=''
PACKAGE='libXext'
PACKAGE_BUGREPORT='https://gitlab.freedesktop.org/xorg/lib/libxext/-/issues'
PACKAGE_NAME='libXext'
PACKAGE_STRING='libXext 1.3.6'
PACKAGE_TARNAME='libXext'
PACKAGE_URL=''
PACKAGE_VERSION='1.3.6'
PATH_SEPARATOR=':'
PKG_CONFIG='/usr/bin/pkg-config'
PKG_CONFIG_LIBDIR=''
PKG_CONFIG_PATH='/home/kyle/Development/Fiwix/.build/x11-prefix/lib/pkgconfig:/home/kyle/Development/Fiwix/.build/x11-prefix/share/pkgconfig'
RANLIB='ranlib'
SED='/usr/bin/sed'
SET_MAKE=''
SHELL='/bin/bash'
STRICT_CFLAGS=' -pedantic -Werror -Werror=attributes'
STRIP='strip'
STYLESHEET_SRCDIR='/usr/share/sgml/X11'
VERSION='1.3.6'
XEXT_CFLAGS='-I/home/kyle/Development/Fiwix/.build/x11-prefix/include '
XEXT_LIBS='-L/home/kyle/Development/Fiwix/.build/x11-prefix/lib -lX11 '
XEXT_SOREV='6:4:0'
XMALLOC_ZERO_CFLAGS='-DMALLOC_0_RETURNS_NULL'
XMLTO=''
XORG_MAN_PAGE='X Version 11'
XORG_SGML_PATH='/usr/share/sgml'
XSLTPROC='/usr/bin/xsltproc'
XSL_STYLESHEET='/usr/share/sgml/X11/xorg.xsl'
XTMALLOC_ZERO_CFLAGS='-DMALLOC_0_RETURNS_NULL -DXTMALLOC_BC'
ac_ct_AR='ar'
ac_ct_CC=''
ac_ct_DUMPBIN='link -dump'
am__EXEEXT_FALSE=''
am__EXEEXT_TRUE='#'
am__fastdepCC_FALSE='#'
am__fastdepCC_TRUE=''
am__include='include'
am__isrc=''
am__leading_dot='.'
am__nodep='_no'
am__quote=''
am__rm_f_notfound=''
am__tar='$${TAR-tar} chof - "$$tardir"'
am__untar='$${TAR-tar} xf -'
am__xargs_n='xargs -n'
bindir='${exec_prefix}/bin'
build='x86_64-pc-linux-musl'
build_alias=''
build_cpu='x86_64'
build_os='linux-musl'
build_vendor='pc'
datadir='${datarootdir}'
datarootdir='${prefix}/share'
docdir='${datarootdir}/doc/${PACKAGE_TARNAME}'
dvidir='${docdir}'
exec_prefix='${prefix}'
host='x86_64-unknown-linux-gnu'
host_alias='x86_64-unknown-linux-gnu'
host_cpu='x86_64'
host_os='linux-gnu'
host_vendor='unknown'
htmldir='${docdir}'
includedir='${prefix}/include'
infodir='${datarootdir}/info'
install_sh='${SHELL} /home/kyle/Development/Fiwix/third_party/x11/libXext/install-sh'
libdir='${exec_prefix}/lib'
libexecdir='${exec_prefix}/libexec'
localedir='${datarootdir}/locale'
localstatedir='${prefix}/var'
mandir='${datarootdir}/man'
mkdir_p='$(MKDIR_P)'
oldincludedir='/usr/include'
pdfdir='${docdir}'
prefix='/home/kyle/Development/Fiwix/.build/x11-prefix'
program_transform_name='s,x,x,'
psdir='${docdir}'
runstatedir='${localstatedir}/run'
sbindir='${exec_prefix}/sbin'
sharedstatedir='${prefix}/com'
sysconfdir='${prefix}/etc'
target_alias=''

## ----------- ##
## confdefs.h. ##
## ----------- ##

/* confdefs.h */
#define PACKAGE_NAME "libXext"
#define PACKAGE_TARNAME "libXext"
#define PACKAGE_VERSION "1.3.6"
#define PACKAGE_STRING "libXext 1.3.6"
#define PACKAGE_BUGREPORT "https://gitlab.freedesktop.org/xorg/lib/libxext/-/issues"
#define PACKAGE_URL ""
#define HAVE_STDIO_H 1
#define HAVE_STDLIB_H 1
#define HAVE_STRING_H 1
#define HAVE_INTTYPES_H 1
#define HAVE_STDINT_H 1
#define HAVE_STRINGS_H 1
#define HAVE_SYS_STAT_H 1
#define HAVE_SYS_TYPES_H 1
#define HAVE_UNISTD_H 1
#define HAVE_WCHAR_H 1
#define STDC_HEADERS 1
#define _ALL_SOURCE 1
#define _DARWIN_C_SOURCE 1
#define _GNU_SOURCE 1
#define _HPUX_ALT_XOPEN_SOCKET_API 1
#define _NETBSD_SOURCE 1
#define _OPENBSD_SOURCE 1
#define _POSIX_PTHREAD_SEMANTICS 1
#define __STDC_WANT_IEC_60559_ATTRIBS_EXT__ 1
#define __STDC_WANT_IEC_60559_BFP_EXT__ 1
#define __STDC_WANT_IEC_60559_DFP_EXT__ 1
#define __STDC_WANT_IEC_60559_EXT__ 1
#define __STDC_WANT_IEC_60559_FUNCS_EXT__ 1
#define __STDC_WANT_IEC_60559_TYPES_EXT__ 1
#define __STDC_WANT_LIB_EXT2__ 1
#define __STDC_WANT_MATH_SPEC_FUNCS__ 1
#define _TANDEM_SOURCE 1
#define __EXTENSIONS__ 1
#define PACKAGE "libXext"
#define VERSION "1.3.6"
#define HAVE_DLFCN_H 1
#define LT_OBJDIR ".libs/"
#define PACKAGE_VERSION_MAJOR 1
#define PACKAGE_VERSION_MINOR 3
#define PACKAGE_VERSION_PATCHLEVEL 6
#define HAVE___BUILTIN_POPCOUNTL 1
#define HAVE_REALLOCARRAY 1

configure: exit 0
